Archive member included to satisfy reference by file (symbol)

app/libapp.a(main.c.obj)      (--whole-archive)
app/libapp.a(led.c.obj)       (--whole-archive)
app/libapp.a(fall_detection.c.obj)
                              (--whole-archive)
zephyr/libzephyr.a(heap.c.obj)
                              (--whole-archive)
zephyr/libzephyr.a(cbprintf_packaged.c.obj)
                              (--whole-archive)
zephyr/libzephyr.a(printk.c.obj)
                              (--whole-archive)
zephyr/libzephyr.a(sem.c.obj)
                              (--whole-archive)
zephyr/libzephyr.a(thread_entry.c.obj)
                              (--whole-archive)
zephyr/libzephyr.a(cbprintf_complete.c.obj)
                              (--whole-archive)
zephyr/libzephyr.a(assert.c.obj)
                              (--whole-archive)
zephyr/libzephyr.a(mpsc_pbuf.c.obj)
                              (--whole-archive)
zephyr/libzephyr.a(dec.c.obj)
                              (--whole-archive)
zephyr/libzephyr.a(hex.c.obj)
                              (--whole-archive)
zephyr/libzephyr.a(rb.c.obj)  (--whole-archive)
zephyr/libzephyr.a(timeutil.c.obj)
                              (--whole-archive)
zephyr/libzephyr.a(bitarray.c.obj)
                              (--whole-archive)
zephyr/libzephyr.a(onoff.c.obj)
                              (--whole-archive)
zephyr/libzephyr.a(notify.c.obj)
                              (--whole-archive)
zephyr/libzephyr.a(configs.c.obj)
                              (--whole-archive)
zephyr/libzephyr.a(log_core.c.obj)
                              (--whole-archive)
zephyr/libzephyr.a(log_mgmt.c.obj)
                              (--whole-archive)
zephyr/libzephyr.a(log_cache.c.obj)
                              (--whole-archive)
zephyr/libzephyr.a(log_msg.c.obj)
                              (--whole-archive)
zephyr/libzephyr.a(log_output.c.obj)
                              (--whole-archive)
zephyr/libzephyr.a(log_backend_uart.c.obj)
                              (--whole-archive)
zephyr/libzephyr.a(mem_attr.c.obj)
                              (--whole-archive)
zephyr/libzephyr.a(tracing_none.c.obj)
                              (--whole-archive)
zephyr/libzephyr.a(banner.c.obj)
                              (--whole-archive)
zephyr/libzephyr.a(flash_map_partition_manager.c.obj)
                              (--whole-archive)
zephyr/libzephyr.a(nrf_cc3xx_platform_abort_zephyr.c.obj)
                              (--whole-archive)
zephyr/libzephyr.a(nrf_cc3xx_platform_mutex_zephyr.c.obj)
                              (--whole-archive)
zephyr/arch/common/libarch__common.a(sw_isr_common.c.obj)
                              (--whole-archive)
zephyr/arch/arch/arm/core/libarch__arm__core.a(fatal.c.obj)
                              (--whole-archive)
zephyr/arch/arch/arm/core/libarch__arm__core.a(nmi.c.obj)
                              (--whole-archive)
zephyr/arch/arch/arm/core/libarch__arm__core.a(nmi_on_reset.S.obj)
                              (--whole-archive)
zephyr/arch/arch/arm/core/libarch__arm__core.a(tls.c.obj)
                              (--whole-archive)
zephyr/arch/arch/arm/core/cortex_m/libarch__arm__core__cortex_m.a(exc_exit.c.obj)
                              (--whole-archive)
zephyr/arch/arch/arm/core/cortex_m/libarch__arm__core__cortex_m.a(fault.c.obj)
                              (--whole-archive)
zephyr/arch/arch/arm/core/cortex_m/libarch__arm__core__cortex_m.a(fault_s.S.obj)
                              (--whole-archive)
zephyr/arch/arch/arm/core/cortex_m/libarch__arm__core__cortex_m.a(fpu.c.obj)
                              (--whole-archive)
zephyr/arch/arch/arm/core/cortex_m/libarch__arm__core__cortex_m.a(reset.S.obj)
                              (--whole-archive)
zephyr/arch/arch/arm/core/cortex_m/libarch__arm__core__cortex_m.a(scb.c.obj)
                              (--whole-archive)
zephyr/arch/arch/arm/core/cortex_m/libarch__arm__core__cortex_m.a(thread_abort.c.obj)
                              (--whole-archive)
zephyr/arch/arch/arm/core/cortex_m/libarch__arm__core__cortex_m.a(vector_table.S.obj)
                              (--whole-archive)
zephyr/arch/arch/arm/core/cortex_m/libarch__arm__core__cortex_m.a(swap.c.obj)
                              (--whole-archive)
zephyr/arch/arch/arm/core/cortex_m/libarch__arm__core__cortex_m.a(swap_helper.S.obj)
                              (--whole-archive)
zephyr/arch/arch/arm/core/cortex_m/libarch__arm__core__cortex_m.a(irq_manage.c.obj)
                              (--whole-archive)
zephyr/arch/arch/arm/core/cortex_m/libarch__arm__core__cortex_m.a(prep_c.c.obj)
                              (--whole-archive)
zephyr/arch/arch/arm/core/cortex_m/libarch__arm__core__cortex_m.a(thread.c.obj)
                              (--whole-archive)
zephyr/arch/arch/arm/core/cortex_m/libarch__arm__core__cortex_m.a(cpu_idle.c.obj)
                              (--whole-archive)
[...]
Memory Configuration

Name             Origin             Length             Attributes
FLASH            0x0000000000000000 0x0000000000100000 xr
RAM              0x0000000020000000 0x0000000000070000 xw
IDT_LIST         0x00000000ffff7fff 0x0000000000008000 xw
*default*        0x0000000000000000 0xffffffffffffffff

Linker script and memory map

                0x0000000000008530                vfprintf = __d_vfprintf
                0x0000000000000000                vfscanf = __d_vfscanf
LOAD zephyr/CMakeFiles/zephyr_pre0.dir/misc/empty_file.c.obj
LOAD zephyr/CMakeFiles/offsets.dir/./arch/arm/core/offsets/offsets.c.obj
LOAD app/libapp.a
LOAD zephyr/libzephyr.a
LOAD zephyr/arch/common/libarch__common.a
LOAD zephyr/arch/arch/arm/core/libarch__arm__core.a
LOAD zephyr/arch/arch/arm/core/cortex_m/libarch__arm__core__cortex_m.a
LOAD zephyr/arch/arch/arm/core/cortex_m/cmse/libarch__arm__core__cortex_m__cmse.a
LOAD zephyr/arch/arch/arm/core/mpu/libarch__arm__core__mpu.a
LOAD zephyr/lib/libc/picolibc/liblib__libc__picolibc.a
LOAD zephyr/lib/libc/common/liblib__libc__common.a
LOAD zephyr/soc/soc/nrf5340/libsoc__nordic.a
LOAD zephyr/drivers/clock_control/libdrivers__clock_control.a
LOAD zephyr/drivers/console/libdrivers__console.a
LOAD zephyr/drivers/gpio/libdrivers__gpio.a
LOAD zephyr/drivers/i2c/libdrivers__i2c.a
LOAD zephyr/drivers/mbox/libdrivers__mbox.a
LOAD zephyr/drivers/pinctrl/libdrivers__pinctrl.a
LOAD zephyr/drivers/sensor/bosch/bmi270/libdrivers__sensor__bosch__bmi270.a
LOAD zephyr/drivers/serial/libdrivers__serial.a
LOAD zephyr/drivers/timer/libdrivers__timer.a
LOAD modules/nrf/drivers/hw_cc3xx/lib..__nrf__drivers__hw_cc3xx.a
LOAD modules/hal_nordic/nrfx/libmodules__hal_nordic__nrfx.a
LOAD zephyr/kernel/libkernel.a
LOAD zephyr/arch/common/libisr_tables.a
LOAD C:/ncs/v2.9.0/nrfxlib/crypto/nrf_cc312_platform/lib/cortex-m33/soft-float/no-interrupts/libnrf_cc312_platform_0.9.19.a
LOAD c:\ncs\toolchains\b620d30767\opt\zephyr-sdk\arm-zephyr-eabi\bin\../lib/gcc/../../picolibc/arm-zephyr-eabi/lib/thumb/v8-m.main/nofp\libc.a
LOAD c:/ncs/toolchains/b620d30767/opt/zephyr-sdk/arm-zephyr-eabi/bin/../lib/gcc/arm-zephyr-eabi/12.2.0/thumb/v8-m.main/nofp\libgcc.a
                0x0000000000000020                _region_min_align = 0x20

.rel.plt        0x0000000000000000        0x0
 *(SORT_BY_ALIGNMENT(.rel.plt))
                [!provide]                        PROVIDE (__rel_iplt_start = .)
 *(SORT_BY_ALIGNMENT(.rel.iplt))
 .rel.iplt      0x0000000000000000        0x0 app/libapp.a(main.c.obj)
                [!provide]                        PROVIDE (__rel_iplt_end = .)

.rela.plt       0x0000000000000000        0x0
 *(SORT_BY_ALIGNMENT(.rela.plt))
                [!provide]                        PROVIDE (__rela_iplt_start = .)
 *(SORT_BY_ALIGNMENT(.rela.iplt))
                [!provide]                        PROVIDE (__rela_iplt_end = .)

.rel.dyn
 *(SORT_BY_ALIGNMENT(.rel.*))

.rela.dyn
 *(SORT_BY_ALIGNMENT(.rela.*))

/DISCARD/
 *(SORT_BY_ALIGNMENT(.plt))

/DISCARD/
 *(SORT_BY_ALIGNMENT(.iplt))
                0x0000000000000000                __rom_region_start = 0x0

rom_start       0x0000000000000000      0x154
                0x0000000000000000                __rom_start_address = .
 FILL mask 0x00
                0x0000000000000000                . = (. + (0x0 - (. - __rom_start_address)))
                0x0000000000000000                . = ALIGN (0x4)
                0x0000000000000000                . = ALIGN (0x80)
                0x0000000000000000                . = ALIGN (0x200)
                0x0000000000000000                _vector_start = .
 *(SORT_BY_ALIGNMENT(.exc_vector_table))
 *(SORT_BY_ALIGNMENT(.exc_vector_table.*))
 .exc_vector_table._vector_table_section
                0x0000000000000000       0x40 zephyr/arch/arch/arm/core/cortex_m/libarch__arm__core__cortex_m.a(vector_table.S.obj)
                0x0000000000000000                _vector_table
 *(SORT_BY_ALIGNMENT(.vectors))
                0x0000000000000154                _vector_end = .
                0x0000000000000040                . = ALIGN (0x4)
 *(SORT_BY_ALIGNMENT(.gnu.linkonce.irq_vector_table*))
 .gnu.linkonce.irq_vector_table
                0x0000000000000040      0x114 zephyr/arch/common/libisr_tables.a(isr_tables.c.obj)
                0x0000000000000040                _irq_vector_table
                0x0000000000000154                _vector_end = .

text            0x0000000000000158     0xb45c
                0x0000000000000158                __text_region_start = .
 *(SORT_BY_ALIGNMENT(.text))
 .text          0x0000000000000158      0x168 c:/ncs/toolchains/b620d30767/opt/zephyr-sdk/arm-zephyr-eabi/bin/../lib/gcc/arm-zephyr-eabi/12.2.0/thumb/v8-m.main/nofp\libgcc.a(_arm_mulsf3.o)
                0x0000000000000158                __aeabi_fmul
                0x0000000000000158                __mulsf3
 .text          0x00000000000002c0      0x378 c:/ncs/toolchains/b620d30767/opt/zephyr-sdk/arm-zephyr-eabi/bin/../lib/gcc/arm-zephyr-eabi/12.2.0/thumb/v8-m.main/nofp\libgcc.a(_arm_addsubdf3.o)
                0x00000000000002c0                __aeabi_drsub
                0x00000000000002c8                __aeabi_dsub
                0x00000000000002c8                __subdf3
                0x00000000000002cc                __aeabi_dadd
                0x00000000000002cc                __adddf3
                0x0000000000000544                __floatunsidf
                0x0000000000000544                __aeabi_ui2d
                0x0000000000000564                __floatsidf
                0x0000000000000564                __aeabi_i2d
                0x0000000000000588                __aeabi_f2d
                0x0000000000000588                __extendsfdf2
                0x00000000000005cc                __floatundidf
                0x00000000000005cc                __aeabi_ul2d
                0x00000000000005dc                __floatdidf
                0x00000000000005dc                __aeabi_l2d
 .text          0x0000000000000638      0x424 c:/ncs/toolchains/b620d30767/opt/zephyr-sdk/arm-zephyr-eabi/bin/../lib/gcc/arm-zephyr-eabi/12.2.0/thumb/v8-m.main/nofp\libgcc.a(_arm_muldivdf3.o)
                0x0000000000000638                __aeabi_dmul
                0x0000000000000638                __muldf3
                0x000000000000088c                __divdf3
                0x000000000000088c                __aeabi_ddiv
 .text          0x0000000000000a5c      0x110 c:/ncs/toolchains/b620d30767/opt/zephyr-sdk/arm-zephyr-eabi/bin/../lib/gcc/arm-zephyr-eabi/12.2.0/thumb/v8-m.main/nofp\libgcc.a(_arm_cmpdf2.o)
                0x0000000000000a5c                __gtdf2
                0x0000000000000a5c                __gedf2
                0x0000000000000a64                __ltdf2
                0x0000000000000a64                __ledf2
                0x0000000000000a6c                __nedf2
                0x0000000000000a6c                __eqdf2
                0x0000000000000a6c                __cmpdf2
                0x0000000000000ae8                __aeabi_cdrcmple
                0x0000000000000af8                __aeabi_cdcmpeq
                0x0000000000000af8                __aeabi_cdcmple
                0x0000000000000b08                __aeabi_dcmpeq
                0x0000000000000b1c                __aeabi_dcmplt
                0x0000000000000b30                __aeabi_dcmple
                0x0000000000000b44                __aeabi_dcmpge
                0x0000000000000b58                __aeabi_dcmpgt
 .text          0x0000000000000b6c       0xa0 c:/ncs/toolchains/b620d30767/opt/zephyr-sdk/arm-zephyr-eabi/bin/../lib/gcc/arm-zephyr-eabi/12.2.0/thumb/v8-m.main/nofp\libgcc.a(_arm_truncdfsf2.o)
                0x0000000000000b6c                __truncdfsf2
                0x0000000000000b6c                __aeabi_d2f
 .text          0x0000000000000c0c      0x21c c:/ncs/toolchains/b620d30767/opt/zephyr-sdk/arm-zephyr-eabi/bin/../lib/gcc/arm-zephyr-eabi/12.2.0/thumb/v8-m.main/nofp\libgcc.a(_arm_addsubsf3.o)
                0x0000000000000c0c                __aeabi_frsub
                0x0000000000000c14                __subsf3
                0x0000000000000c14                __aeabi_fsub
                0x0000000000000c18                __aeabi_fadd
                0x0000000000000c18                __addsf3
                0x0000000000000d78                __aeabi_ui2f
                0x0000000000000d78                __floatunsisf
                0x0000000000000d80                __aeabi_i2f
                0x0000000000000d80                __floatsisf
                0x0000000000000d9c                __aeabi_ul2f
                0x0000000000000d9c                __floatundisf
                0x0000000000000dac                __aeabi_l2f
                0x0000000000000dac                __floatdisf
 .text          0x0000000000000e28       0xa0 c:/ncs/toolchains/b620d30767/opt/zephyr-sdk/arm-zephyr-eabi/bin/../lib/gcc/arm-zephyr-eabi/12.2.0/thumb/v8-m.main/nofp\libgcc.a(_aeabi_ldivmod.o)
                0x0000000000000e28                __aeabi_ldivmod
 .text          0x0000000000000ec8       0x30 c:/ncs/toolchains/b620d30767/opt/zephyr-sdk/arm-zephyr-eabi/bin/../lib/gcc/arm-zephyr-eabi/12.2.0/thumb/v8-m.main/nofp\libgcc.a(_aeabi_uldivmod.o)
                0x0000000000000ec8                __aeabi_uldivmod
 .text          0x0000000000000ef8        0x4 c:/ncs/toolchains/b620d30767/opt/zephyr-sdk/arm-zephyr-eabi/bin/../lib/gcc/arm-zephyr-eabi/12.2.0/thumb/v8-m.main/nofp\libgcc.a(_dvmd_tls.o)
                0x0000000000000ef8                __aeabi_idiv0
                0x0000000000000ef8                __aeabi_ldiv0
 .text          0x0000000000000efc       0x10 c:\ncs\toolchains\b620d30767\opt\zephyr-sdk\arm-zephyr-eabi\bin\../lib/gcc/../../picolibc/arm-zephyr-eabi/lib/thumb/v8-m.main/nofp\libc.a(strlen.S.o)
                0x0000000000000efc                strlen
 .text          0x0000000000000f0c      0x29c c:/ncs/toolchains/b620d30767/opt/zephyr-sdk/arm-zephyr-eabi/bin/../lib/gcc/arm-zephyr-eabi/12.2.0/thumb/v8-m.main/nofp\libgcc.a(_udivmoddi4.o)
                0x0000000000000f0c                __udivmoddi4
 *(SORT_BY_ALIGNMENT(.text.*))
 .text.compute_total_acceleration
                0x00000000000011a8       0xd0 app/libapp.a(fall_detection.c.obj)
                0x00000000000011a8                compute_total_acceleration
 .text.bmi270_channel_get
                0x0000000000001278      0x1e8 zephyr/drivers/sensor/bosch/bmi270/libdrivers__sensor__bosch__bmi270.a(bmi270.c.obj)
 .text.set_accel_odr_osr
                0x0000000000001460      0x398 zephyr/drivers/sensor/bosch/bmi270/libdrivers__sensor__bosch__bmi270.a(bmi270.c.obj)
 .text.set_gyro_odr_osr
                0x00000000000017f8      0x270 zephyr/drivers/sensor/bosch/bmi270/libdrivers__sensor__bosch__bmi270.a(bmi270.c.obj)
 .text.main     0x0000000000001a68       0x18 app/libapp.a(main.c.obj)
                0x0000000000001a68                main
 .text.led_init
                0x0000000000001a80       0x30 app/libapp.a(led.c.obj)
                0x0000000000001a80                led_init
 .text.led_thread
                0x0000000000001ab0       0x3c app/libapp.a(led.c.obj)
                0x0000000000001ab0                led_thread
 .text.sensor_init
                0x0000000000001aec       0x70 app/libapp.a(fall_detection.c.obj)
                0x0000000000001aec                sensor_init
 .text.detect_fall_thread
                0x0000000000001b5c      0x15c app/libapp.a(fall_detection.c.obj)
                0x0000000000001b5c                detect_fall_thread
 .text.cbvprintf_package
                0x0000000000001cb8      0x3a4 zephyr/libzephyr.a(cbprintf_packaged.c.obj)
                0x0000000000001cb8                cbvprintf_package
 .text.cbprintf_package_convert
                0x000000000000205c      0x3c0 zephyr/libzephyr.a(cbprintf_packaged.c.obj)
                0x000000000000205c                cbprintf_package_convert
 .text.__printk_hook_install
                0x000000000000241c        0xc zephyr/libzephyr.a(printk.c.obj)
                0x000000000000241c                __printk_hook_install
 .text.z_thread_entry
                0x0000000000002428       0x34 zephyr/libzephyr.a(thread_entry.c.obj)
                0x0000000000002428                z_thread_entry
 .text.process_event
                0x000000000000245c      0x21c zephyr/libzephyr.a(onoff.c.obj)
 .text.activate_foreach_backend
                0x0000000000002678       0x64 zephyr/libzephyr.a(log_core.c.obj)
 .text.enable_logger
                0x00000000000026dc       0x5c zephyr/libzephyr.a(log_core.c.obj)
 .text.log_process_thread_timer_expiry_fn
                0x0000000000002738        0xc zephyr/libzephyr.a(log_core.c.obj)
 .text.z_log_init
                0x0000000000002744       0x90 zephyr/libzephyr.a(log_core.c.obj)
 .text.log_format_func_t_get
                0x00000000000027d4        0xc zephyr/libzephyr.a(log_core.c.obj)
                0x00000000000027d4                log_format_func_t_get
 .text.log_set_timestamp_func
                0x00000000000027e0       0x20 zephyr/libzephyr.a(log_core.c.obj)
                0x00000000000027e0                log_set_timestamp_func
 .text.z_log_notify_backend_enabled
                0x0000000000002800       0x1c zephyr/libzephyr.a(log_core.c.obj)
                0x0000000000002800                z_log_notify_backend_enabled
 .text.z_log_dropped
                0x000000000000281c       0x3c zephyr/libzephyr.a(log_core.c.obj)
                0x000000000000281c                z_log_dropped
 .text.z_log_dropped_read_and_clear
                0x0000000000002858       0x18 zephyr/libzephyr.a(log_core.c.obj)
                0x0000000000002858                z_log_dropped_read_and_clear
 .text.dropped_notify
                0x0000000000002870       0x30 zephyr/libzephyr.a(log_core.c.obj)
                0x0000000000002870                dropped_notify
 .text.z_log_msg_init
                0x00000000000028a0       0x20 zephyr/libzephyr.a(log_core.c.obj)
                0x00000000000028a0                z_log_msg_init
 .text.log_core_init
                0x00000000000028c0       0x34 zephyr/libzephyr.a(log_core.c.obj)
                0x00000000000028c0                log_core_init
 .text.z_log_msg_alloc
                0x00000000000028f4       0x10 zephyr/libzephyr.a(log_core.c.obj)
                0x00000000000028f4                z_log_msg_alloc
 .text.z_log_msg_local_claim
                0x0000000000002904        0xc zephyr/libzephyr.a(log_core.c.obj)
                0x0000000000002904                z_log_msg_local_claim
 .text.z_log_msg_free
                0x0000000000002910       0x10 zephyr/libzephyr.a(log_core.c.obj)
                0x0000000000002910                z_log_msg_free
 .text.z_log_msg_pending
                0x0000000000002920        0xc zephyr/libzephyr.a(log_core.c.obj)
                0x0000000000002920                z_log_msg_pending
 .text.z_impl_log_process
                0x000000000000292c       0xb4 zephyr/libzephyr.a(log_core.c.obj)
                0x000000000000292c                z_impl_log_process
 .text.z_impl_log_panic
                0x00000000000029e0       0x44 zephyr/libzephyr.a(log_core.c.obj)
                0x00000000000029e0                z_impl_log_panic
 .text.log_process_thread_func
                0x0000000000002a24       0xa4 zephyr/libzephyr.a(log_core.c.obj)
 .text.z_log_msg_post_finalize
                0x0000000000002ac8       0x78 zephyr/libzephyr.a(log_core.c.obj)
 .text.z_log_msg_commit
                0x0000000000002b40       0x24 zephyr/libzephyr.a(log_core.c.obj)
                0x0000000000002b40                z_log_msg_commit
 .text.log_source_name_get
                0x0000000000002b64       0x1c zephyr/libzephyr.a(log_mgmt.c.obj)
                0x0000000000002b64                log_source_name_get
 .text.log_backend_enable
                0x0000000000002b80       0x28 zephyr/libzephyr.a(log_mgmt.c.obj)
                0x0000000000002b80                log_backend_enable
 .text.z_impl_z_log_msg_static_create
                0x0000000000002ba8      0x108 zephyr/libzephyr.a(log_msg.c.obj)
                0x0000000000002ba8                z_impl_z_log_msg_static_create
 .text.z_log_msg_runtime_vcreate
                0x0000000000002cb0       0xa0 zephyr/libzephyr.a(log_msg.c.obj)
                0x0000000000002cb0                z_log_msg_runtime_vcreate
 .text.log_msg_get_source_id
                0x0000000000002d50       0x18 zephyr/libzephyr.a(log_msg.c.obj)
                0x0000000000002d50                log_msg_get_source_id
 .text.print_formatted
                0x0000000000002d68       0x24 zephyr/libzephyr.a(log_output.c.obj)
 .text.newline_print
                0x0000000000002d8c       0x1c zephyr/libzephyr.a(log_output.c.obj)
 .text.log_output_process
                0x0000000000002da8      0x2d4 zephyr/libzephyr.a(log_output.c.obj)
                0x0000000000002da8                log_output_process
 .text.log_output_dropped_process
                0x000000000000307c       0x58 zephyr/libzephyr.a(log_output.c.obj)
                0x000000000000307c                log_output_dropped_process
 .text.log_output_timestamp_freq_set
                0x00000000000030d4       0x2c zephyr/libzephyr.a(log_output.c.obj)
                0x00000000000030d4                log_output_timestamp_freq_set
 .text.char_out
                0x0000000000003100       0x24 zephyr/libzephyr.a(log_backend_uart.c.obj)
 .text.mem_attr_get_regions
                0x0000000000003124        0xc zephyr/libzephyr.a(mem_attr.c.obj)
                0x0000000000003124                mem_attr_get_regions
 .text.boot_banner
                0x0000000000003130       0x1c zephyr/libzephyr.a(banner.c.obj)
                0x0000000000003130                boot_banner
 .text.nrf_cc3xx_platform_abort_init
                0x000000000000314c        0xc zephyr/libzephyr.a(nrf_cc3xx_platform_abort_zephyr.c.obj)
                0x000000000000314c                nrf_cc3xx_platform_abort_init
 .text.mutex_free_platform
                0x0000000000003158       0x54 zephyr/libzephyr.a(nrf_cc3xx_platform_mutex_zephyr.c.obj)
 .text.mutex_lock_platform
                0x00000000000031ac       0x74 zephyr/libzephyr.a(nrf_cc3xx_platform_mutex_zephyr.c.obj)
 .text.mutex_unlock_platform
                0x0000000000003220       0x68 zephyr/libzephyr.a(nrf_cc3xx_platform_mutex_zephyr.c.obj)
 .text.mutex_init_platform
                0x0000000000003288       0x94 zephyr/libzephyr.a(nrf_cc3xx_platform_mutex_zephyr.c.obj)
 .text.nrf_cc3xx_platform_mutex_init
                0x000000000000331c       0x2c zephyr/libzephyr.a(nrf_cc3xx_platform_mutex_zephyr.c.obj)
                0x000000000000331c                nrf_cc3xx_platform_mutex_init
 .text.z_arm_fatal_error
                0x0000000000003348       0xb8 zephyr/arch/arch/arm/core/libarch__arm__core.a(fatal.c.obj)
                0x0000000000003348                z_arm_fatal_error
 .text.z_SysNmiOnReset
                0x0000000000003400        0x8 zephyr/arch/arch/arm/core/libarch__arm__core.a(nmi_on_reset.S.obj)
                0x0000000000003400                z_SysNmiOnReset
 .text.arch_tls_stack_setup
                0x0000000000003408       0x40 zephyr/arch/arch/arm/core/libarch__arm__core.a(tls.c.obj)
                0x0000000000003408                arch_tls_stack_setup
 .text._HandlerModeExit
                0x0000000000003448       0x28 zephyr/arch/arch/arm/core/cortex_m/libarch__arm__core__cortex_m.a(exc_exit.c.obj)
                0x0000000000003448                z_arm_int_exit
                0x0000000000003448                z_arm_exc_exit
 .text.mem_manage_fault.constprop.0
                0x0000000000003470       0xd0 zephyr/arch/arch/arm/core/cortex_m/libarch__arm__core__cortex_m.a(fault.c.obj)
 .text.usage_fault.constprop.0
                0x0000000000003540       0xbc zephyr/arch/arch/arm/core/cortex_m/libarch__arm__core__cortex_m.a(fault.c.obj)
 .text.bus_fault.constprop.0
                0x00000000000035fc       0xd0 zephyr/arch/arch/arm/core/cortex_m/libarch__arm__core__cortex_m.a(fault.c.obj)
 .text.z_arm_fault
                0x00000000000036cc      0x1d0 zephyr/arch/arch/arm/core/cortex_m/libarch__arm__core__cortex_m.a(fault.c.obj)
                0x00000000000036cc                z_arm_fault
 .text.z_arm_fault_init
                0x000000000000389c       0x20 zephyr/arch/arch/arm/core/cortex_m/libarch__arm__core__cortex_m.a(fault.c.obj)
                0x000000000000389c                z_arm_fault_init
 .text.__fault  0x00000000000038bc       0x14 zephyr/arch/arch/arm/core/cortex_m/libarch__arm__core__cortex_m.a(fault_s.S.obj)
                0x00000000000038bc                z_arm_usage_fault
                0x00000000000038bc                z_arm_mpu_fault
                0x00000000000038bc                z_arm_exc_spurious
                0x00000000000038bc                z_arm_debug_monitor
                0x00000000000038bc                z_arm_hard_fault
                0x00000000000038bc                z_arm_bus_fault
 .text._reset_section
                0x00000000000038d0       0x60 zephyr/arch/arch/arm/core/cortex_m/libarch__arm__core__cortex_m.a(reset.S.obj)
                0x00000000000038d0                __start
                0x00000000000038d0                z_arm_reset
 .text.z_arm_clear_arm_mpu_config
                0x0000000000003930       0x24 zephyr/arch/arch/arm/core/cortex_m/libarch__arm__core__cortex_m.a(scb.c.obj)
                0x0000000000003930                z_arm_clear_arm_mpu_config
 .text.z_arm_init_arch_hw_at_boot
                0x0000000000003954       0x4c zephyr/arch/arch/arm/core/cortex_m/libarch__arm__core__cortex_m.a(scb.c.obj)
                0x0000000000003954                z_arm_init_arch_hw_at_boot
 .text.z_impl_k_thread_abort
                0x00000000000039a0       0x2c zephyr/arch/arch/arm/core/cortex_m/libarch__arm__core__cortex_m.a(thread_abort.c.obj)
                0x00000000000039a0                z_impl_k_thread_abort
 .text.arch_swap
                0x00000000000039cc       0x30 zephyr/arch/arch/arm/core/cortex_m/libarch__arm__core__cortex_m.a(swap.c.obj)
                0x00000000000039cc                arch_swap
 .text.z_arm_pendsv_c
                0x00000000000039fc       0x40 zephyr/arch/arch/arm/core/cortex_m/libarch__arm__core__cortex_m.a(swap.c.obj)
                0x00000000000039fc                z_arm_pendsv_c
 .text.z_arm_pendsv
                0x0000000000003a3c       0x40 zephyr/arch/arch/arm/core/cortex_m/libarch__arm__core__cortex_m.a(swap_helper.S.obj)
                0x0000000000003a3c                z_arm_pendsv
 .text.z_arm_svc
                0x0000000000003a7c       0x20 zephyr/arch/arch/arm/core/cortex_m/libarch__arm__core__cortex_m.a(swap_helper.S.obj)
                0x0000000000003a7c                z_arm_svc
 .text.arch_irq_enable
                0x0000000000003a9c       0x1c zephyr/arch/arch/arm/core/cortex_m/libarch__arm__core__cortex_m.a(irq_manage.c.obj)
                0x0000000000003a9c                arch_irq_enable
 .text.arch_irq_disable
                0x0000000000003ab8       0x28 zephyr/arch/arch/arm/core/cortex_m/libarch__arm__core__cortex_m.a(irq_manage.c.obj)
                0x0000000000003ab8                arch_irq_disable
 .text.arch_irq_is_enabled
                0x0000000000003ae0       0x1c zephyr/arch/arch/arm/core/cortex_m/libarch__arm__core__cortex_m.a(irq_manage.c.obj)
                0x0000000000003ae0                arch_irq_is_enabled
 .text.z_arm_irq_priority_set
                0x0000000000003afc       0x2c zephyr/arch/arch/arm/core/cortex_m/libarch__arm__core__cortex_m.a(irq_manage.c.obj)
                0x0000000000003afc                z_arm_irq_priority_set
 .text.z_prep_c
                0x0000000000003b28       0x38 zephyr/arch/arch/arm/core/cortex_m/libarch__arm__core__cortex_m.a(prep_c.c.obj)
                0x0000000000003b28                z_prep_c
 .text.arch_new_thread
                0x0000000000003b60       0x38 zephyr/arch/arch/arm/core/cortex_m/libarch__arm__core__cortex_m.a(thread.c.obj)
                0x0000000000003b60                arch_new_thread
 .text.arch_switch_to_main_thread
                0x0000000000003b98       0x48 zephyr/arch/arch/arm/core/cortex_m/libarch__arm__core__cortex_m.a(thread.c.obj)
                0x0000000000003b98                arch_switch_to_main_thread
 .text.z_arm_cpu_idle_init
                0x0000000000003be0        0xc zephyr/arch/arch/arm/core/cortex_m/libarch__arm__core__cortex_m.a(cpu_idle.c.obj)
                0x0000000000003be0                z_arm_cpu_idle_init
 .text.z_arm_interrupt_init
                0x0000000000003bec       0x18 zephyr/arch/arch/arm/core/cortex_m/libarch__arm__core__cortex_m.a(irq_init.c.obj)
                0x0000000000003bec                z_arm_interrupt_init
 .text._isr_wrapper
                0x0000000000003c04       0x24 zephyr/arch/arch/arm/core/cortex_m/libarch__arm__core__cortex_m.a(isr_wrapper.c.obj)
                0x0000000000003c04                _isr_wrapper
 .text.z_arm_configure_static_mpu_regions
                0x0000000000003c28       0x38 zephyr/arch/arch/arm/core/mpu/libarch__arm__core__mpu.a(arm_core_mpu.c.obj)
                0x0000000000003c28                z_arm_configure_static_mpu_regions
 .text.region_init
                0x0000000000003c60       0x34 zephyr/arch/arch/arm/core/mpu/libarch__arm__core__mpu.a(arm_mpu.c.obj)
 .text.region_allocate_and_init
                0x0000000000003c94       0x38 zephyr/arch/arch/arm/core/mpu/libarch__arm__core__mpu.a(arm_mpu.c.obj)
 .text.mpu_configure_regions_and_partition.constprop.0
                0x0000000000003ccc      0x164 zephyr/arch/arch/arm/core/mpu/libarch__arm__core__mpu.a(arm_mpu.c.obj)
 .text.arm_core_mpu_enable
                0x0000000000003e30       0x18 zephyr/arch/arch/arm/core/mpu/libarch__arm__core__mpu.a(arm_mpu.c.obj)
                0x0000000000003e30                arm_core_mpu_enable
 .text.arm_core_mpu_disable
                0x0000000000003e48       0x14 zephyr/arch/arch/arm/core/mpu/libarch__arm__core__mpu.a(arm_mpu.c.obj)
                0x0000000000003e48                arm_core_mpu_disable
 .text.arm_core_mpu_configure_static_mpu_regions
                0x0000000000003e5c       0x14 zephyr/arch/arch/arm/core/mpu/libarch__arm__core__mpu.a(arm_mpu.c.obj)
                0x0000000000003e5c                arm_core_mpu_configure_static_mpu_regions
 .text.arm_core_mpu_mark_areas_for_dynamic_regions
                0x0000000000003e70       0xb8 zephyr/arch/arch/arm/core/mpu/libarch__arm__core__mpu.a(arm_mpu.c.obj)
                0x0000000000003e70                arm_core_mpu_mark_areas_for_dynamic_regions
 .text.z_arm_mpu_init
                0x0000000000003f28      0x11c zephyr/arch/arch/arm/core/mpu/libarch__arm__core__mpu.a(arm_mpu.c.obj)
                0x0000000000003f28                z_arm_mpu_init
 .text.z_impl_zephyr_fputc
                0x0000000000004044       0x10 zephyr/lib/libc/picolibc/liblib__libc__picolibc.a(libc-hooks.c.obj)
                0x0000000000004044                z_impl_zephyr_fputc
 .text.__stdout_hook_install
                0x0000000000004054       0x18 zephyr/lib/libc/picolibc/liblib__libc__picolibc.a(libc-hooks.c.obj)
                0x0000000000004054                __stdout_hook_install
 .text.cbvprintf
                0x000000000000406c       0x38 zephyr/lib/libc/picolibc/liblib__libc__picolibc.a(libc-hooks.c.obj)
                0x000000000000406c                cbvprintf
 .text.malloc_prepare
                0x00000000000040a4       0x24 zephyr/lib/libc/common/liblib__libc__common.a(malloc.c.obj)
 .text.nrf_gpio_pin_control_select
                0x00000000000040c8       0x3c zephyr/soc/soc/nrf5340/libsoc__nordic.a(soc.c.obj)
 .text.nordicsemi_nrf53_init
                0x0000000000004104       0x5c zephyr/soc/soc/nrf5340/libsoc__nordic.a(soc.c.obj)
 .text.rtc_pretick_init
                0x0000000000004160       0x60 zephyr/soc/soc/nrf5340/libsoc__nordic.a(soc.c.obj)
 .text.z_arm_on_enter_cpu_idle
                0x00000000000041c0       0x64 zephyr/soc/soc/nrf5340/libsoc__nordic.a(soc.c.obj)
                0x00000000000041c0                z_arm_on_enter_cpu_idle
 .text.arch_busy_wait
                0x0000000000004224       0x24 zephyr/soc/soc/nrf5340/libsoc__nordic.a(soc.c.obj)
                0x0000000000004224                arch_busy_wait
 .text.nrf53_cpunet_mgmt_init
                0x0000000000004248       0x10 zephyr/soc/soc/nrf5340/libsoc__nordic.a(nrf53_cpunet_mgmt.c.obj)
 .text.onoff_start
                0x0000000000004258       0x6c zephyr/soc/soc/nrf5340/libsoc__nordic.a(nrf53_cpunet_mgmt.c.obj)
 .text.rtc_cb   0x00000000000042c4       0x50 zephyr/soc/soc/nrf5340/libsoc__nordic.a(sync_rtc.c.obj)
 .text.sync_rtc_setup
                0x0000000000004314       0xd0 zephyr/soc/soc/nrf5340/libsoc__nordic.a(sync_rtc.c.obj)
 .text.mbox_callback
                0x00000000000043e4       0x80 zephyr/soc/soc/nrf5340/libsoc__nordic.a(sync_rtc.c.obj)
 .text.onoff_stop
                0x0000000000004464       0x30 zephyr/drivers/clock_control/libdrivers__clock_control.a(clock_control_nrf.c.obj)
 .text.onoff_start
                0x0000000000004494       0x44 zephyr/drivers/clock_control/libdrivers__clock_control.a(clock_control_nrf.c.obj)
 .text.generic_hfclk_stop
                0x00000000000044d8       0x34 zephyr/drivers/clock_control/libdrivers__clock_control.a(clock_control_nrf.c.obj)
 .text.clk_init
                0x000000000000450c       0x64 zephyr/drivers/clock_control/libdrivers__clock_control.a(clock_control_nrf.c.obj)
 .text.api_blocking_start
                0x0000000000004570       0x34 zephyr/drivers/clock_control/libdrivers__clock_control.a(clock_control_nrf.c.obj)
 .text.clkstarted_handle.constprop.0
                0x00000000000045a4       0x4c zephyr/drivers/clock_control/libdrivers__clock_control.a(clock_control_nrf.c.obj)
 .text.generic_hfclk_start
                0x00000000000045f0       0x78 zephyr/drivers/clock_control/libdrivers__clock_control.a(clock_control_nrf.c.obj)
 .text.clock_event_handler
                0x0000000000004668       0x30 zephyr/drivers/clock_control/libdrivers__clock_control.a(clock_control_nrf.c.obj)
 .text.z_nrf_clock_control_lf_on
                0x0000000000004698       0xf8 zephyr/drivers/clock_control/libdrivers__clock_control.a(clock_control_nrf.c.obj)
                0x0000000000004698                z_nrf_clock_control_lf_on
 .text.uart_console_init
                0x0000000000004790       0x28 zephyr/drivers/console/libdrivers__console.a(uart_console.c.obj)
 .text.console_out
                0x00000000000047b8       0x28 zephyr/drivers/console/libdrivers__console.a(uart_console.c.obj)
 .text.gpio_nrfx_pin_interrupt_configure
                0x00000000000047e0      0x100 zephyr/drivers/gpio/libdrivers__gpio.a(gpio_nrfx.c.obj)
 .text.gpio_nrfx_init
                0x00000000000048e0       0x48 zephyr/drivers/gpio/libdrivers__gpio.a(gpio_nrfx.c.obj)
 .text.nrfx_gpio_handler
                0x0000000000004928       0x4c zephyr/drivers/gpio/libdrivers__gpio.a(gpio_nrfx.c.obj)
 .text.gpio_nrfx_pin_configure
                0x0000000000004974      0x188 zephyr/drivers/gpio/libdrivers__gpio.a(gpio_nrfx.c.obj)
 .text.event_handler
                0x0000000000004afc       0x38 zephyr/drivers/i2c/libdrivers__i2c.a(i2c_nrfx_twim.c.obj)
 .text.i2c_nrfx_twim_transfer
                0x0000000000004b34      0x194 zephyr/drivers/i2c/libdrivers__i2c.a(i2c_nrfx_twim.c.obj)
 .text.i2c_nrfx_twim_recover_bus
                0x0000000000004cc8       0x40 zephyr/drivers/i2c/libdrivers__i2c.a(i2c_nrfx_twim_common.c.obj)
                0x0000000000004cc8                i2c_nrfx_twim_recover_bus
 .text.i2c_nrfx_twim_configure
                0x0000000000004d08       0x50 zephyr/drivers/i2c/libdrivers__i2c.a(i2c_nrfx_twim_common.c.obj)
                0x0000000000004d08                i2c_nrfx_twim_configure
 .text.i2c_nrfx_twim_msg_transfer
                0x0000000000004d58       0x80 zephyr/drivers/i2c/libdrivers__i2c.a(i2c_nrfx_twim_common.c.obj)
                0x0000000000004d58                i2c_nrfx_twim_msg_transfer
 .text.i2c_nrfx_twim_common_init
                0x0000000000004dd8       0x78 zephyr/drivers/i2c/libdrivers__i2c.a(i2c_nrfx_twim_common.c.obj)
                0x0000000000004dd8                i2c_nrfx_twim_common_init
 .text.mbox_nrf_init
                0x0000000000004e50       0x9c zephyr/drivers/mbox/libdrivers__mbox.a(mbox_nrfx_ipc.c.obj)
 .text.mbox_nrf_set_enabled
                0x0000000000004eec       0x94 zephyr/drivers/mbox/libdrivers__mbox.a(mbox_nrfx_ipc.c.obj)
 .text.mbox_nrf_send
                0x0000000000004f80       0x44 zephyr/drivers/mbox/libdrivers__mbox.a(mbox_nrfx_ipc.c.obj)
 .text.mbox_dispatcher
                0x0000000000004fc4       0x60 zephyr/drivers/mbox/libdrivers__mbox.a(mbox_nrfx_ipc.c.obj)
 .text.nrf_gpio_pin_port_decode
                0x0000000000005024       0x24 zephyr/drivers/pinctrl/libdrivers__pinctrl.a(pinctrl_nrf.c.obj)
 .text.pinctrl_configure_pins
                0x0000000000005048      0x1a0 zephyr/drivers/pinctrl/libdrivers__pinctrl.a(pinctrl_nrf.c.obj)
                0x0000000000005048                pinctrl_configure_pins
 .text.bmi270_init
                0x00000000000051e8      0x1f8 zephyr/drivers/sensor/bosch/bmi270/libdrivers__sensor__bosch__bmi270.a(bmi270.c.obj)
 .text.uarte_nrfx_poll_out
                0x00000000000053e0       0xb4 zephyr/drivers/serial/libdrivers__serial.a(uart_nrfx_uarte.c.obj)
 .text.uarte_0_init
                0x0000000000005494      0x120 zephyr/drivers/serial/libdrivers__serial.a(uart_nrfx_uarte.c.obj)
 .text.compare_int_lock
                0x00000000000055b4       0x40 zephyr/drivers/timer/libdrivers__timer.a(nrf_rtc_timer.c.obj)
 .text.sys_clock_timeout_handler
                0x00000000000055f4       0x48 zephyr/drivers/timer/libdrivers__timer.a(nrf_rtc_timer.c.obj)
 .text.compare_int_unlock
                0x000000000000563c       0x4c zephyr/drivers/timer/libdrivers__timer.a(nrf_rtc_timer.c.obj)
 .text.z_nrf_rtc_timer_compare_evt_address_get
                0x0000000000005688       0x10 zephyr/drivers/timer/libdrivers__timer.a(nrf_rtc_timer.c.obj)
                0x0000000000005688                z_nrf_rtc_timer_compare_evt_address_get
 .text.z_nrf_rtc_timer_compare_read
                0x0000000000005698       0x10 zephyr/drivers/timer/libdrivers__timer.a(nrf_rtc_timer.c.obj)
                0x0000000000005698                z_nrf_rtc_timer_compare_read
 .text.z_nrf_rtc_timer_read
                0x00000000000056a8       0x44 zephyr/drivers/timer/libdrivers__timer.a(nrf_rtc_timer.c.obj)
                0x00000000000056a8                z_nrf_rtc_timer_read
 .text.compare_set
                0x00000000000056ec      0x124 zephyr/drivers/timer/libdrivers__timer.a(nrf_rtc_timer.c.obj)
 .text.sys_clock_driver_init
                0x0000000000005810       0xa4 zephyr/drivers/timer/libdrivers__timer.a(nrf_rtc_timer.c.obj)
 .text.rtc_nrf_isr
                0x00000000000058b4      0x100 zephyr/drivers/timer/libdrivers__timer.a(nrf_rtc_timer.c.obj)
                0x00000000000058b4                rtc_nrf_isr
 .text.z_nrf_rtc_timer_chan_alloc
                0x00000000000059b4       0x3c zephyr/drivers/timer/libdrivers__timer.a(nrf_rtc_timer.c.obj)
                0x00000000000059b4                z_nrf_rtc_timer_chan_alloc
 .text.z_nrf_rtc_timer_chan_free
                0x00000000000059f0       0x1c zephyr/drivers/timer/libdrivers__timer.a(nrf_rtc_timer.c.obj)
                0x00000000000059f0                z_nrf_rtc_timer_chan_free
 .text.sys_clock_set_timeout
                0x0000000000005a0c       0x5c zephyr/drivers/timer/libdrivers__timer.a(nrf_rtc_timer.c.obj)
                0x0000000000005a0c                sys_clock_set_timeout
 .text.sys_clock_elapsed
                0x0000000000005a68       0x14 zephyr/drivers/timer/libdrivers__timer.a(nrf_rtc_timer.c.obj)
                0x0000000000005a68                sys_clock_elapsed
 .text.nrf53_errata_42
                0x0000000000005a7c       0x24 modules/hal_nordic/nrfx/libmodules__hal_nordic__nrfx.a(system_nrf5340_application.c.obj)
 .text.SystemInit
                0x0000000000005aa0      0x1c4 modules/hal_nordic/nrfx/libmodules__hal_nordic__nrfx.a(system_nrf5340_application.c.obj)
                0x0000000000005aa0                SystemInit
 .text.nrfx_flag32_alloc
                0x0000000000005c64       0x40 modules/hal_nordic/nrfx/libmodules__hal_nordic__nrfx.a(nrfx_flag32_allocator.c.obj)
                0x0000000000005c64                nrfx_flag32_alloc
 .text.nrfx_flag32_free
                0x0000000000005ca4       0x38 modules/hal_nordic/nrfx/libmodules__hal_nordic__nrfx.a(nrfx_flag32_allocator.c.obj)
                0x0000000000005ca4                nrfx_flag32_free
 .text.nrfx_gppi_channels_enable
                0x0000000000005cdc        0xc modules/hal_nordic/nrfx/libmodules__hal_nordic__nrfx.a(nrfx_gppi_dppi.c.obj)
                0x0000000000005cdc                nrfx_gppi_channels_enable
 .text.nrfx_gppi_channels_disable
                0x0000000000005ce8        0xc modules/hal_nordic/nrfx/libmodules__hal_nordic__nrfx.a(nrfx_gppi_dppi.c.obj)
                0x0000000000005ce8                nrfx_gppi_channels_disable
 .text.nrfx_gppi_channel_alloc
                0x0000000000005cf4        0xc modules/hal_nordic/nrfx/libmodules__hal_nordic__nrfx.a(nrfx_gppi_dppi.c.obj)
                0x0000000000005cf4                nrfx_gppi_channel_alloc
 .text.nrfx_clock_init
                0x0000000000005d00       0x20 modules/hal_nordic/nrfx/libmodules__hal_nordic__nrfx.a(nrfx_clock.c.obj)
                0x0000000000005d00                nrfx_clock_init
 .text.nrfx_clock_enable
                0x0000000000005d20       0x30 modules/hal_nordic/nrfx/libmodules__hal_nordic__nrfx.a(nrfx_clock.c.obj)
                0x0000000000005d20                nrfx_clock_enable
 .text.nrfx_clock_start
                0x0000000000005d50       0xd0 modules/hal_nordic/nrfx/libmodules__hal_nordic__nrfx.a(nrfx_clock.c.obj)
                0x0000000000005d50                nrfx_clock_start
 .text.nrfx_power_clock_irq_handler
                0x0000000000005e20       0xb0 modules/hal_nordic/nrfx/libmodules__hal_nordic__nrfx.a(nrfx_clock.c.obj)
                0x0000000000005e20                nrfx_power_clock_irq_handler
 .text.nrfx_dppi_channel_alloc
                0x0000000000005ed0       0x10 modules/hal_nordic/nrfx/libmodules__hal_nordic__nrfx.a(nrfx_dppi.c.obj)
                0x0000000000005ed0                nrfx_dppi_channel_alloc
 .text.nrfx_dppi_channel_free
                0x0000000000005ee0       0x1c modules/hal_nordic/nrfx/libmodules__hal_nordic__nrfx.a(nrfx_dppi.c.obj)
                0x0000000000005ee0                nrfx_dppi_channel_free
 .text.nrf_gpio_pin_port_decode
                0x0000000000005efc       0x24 modules/hal_nordic/nrfx/libmodules__hal_nordic__nrfx.a(nrfx_gpiote.c.obj)
 .text.get_pin_idx
                0x0000000000005f20       0x14 modules/hal_nordic/nrfx/libmodules__hal_nordic__nrfx.a(nrfx_gpiote.c.obj)
 .text.call_handler.constprop.0
                0x0000000000005f34       0x40 modules/hal_nordic/nrfx/libmodules__hal_nordic__nrfx.a(nrfx_gpiote.c.obj)
 .text.pin_te_get.constprop.0
                0x0000000000005f74       0x18 modules/hal_nordic/nrfx/libmodules__hal_nordic__nrfx.a(nrfx_gpiote.c.obj)
 .text.pin_is_output.constprop.0
                0x0000000000005f8c       0x18 modules/hal_nordic/nrfx/libmodules__hal_nordic__nrfx.a(nrfx_gpiote.c.obj)
 .text.pin_in_use_by_te.constprop.0
                0x0000000000005fa4       0x18 modules/hal_nordic/nrfx/libmodules__hal_nordic__nrfx.a(nrfx_gpiote.c.obj)
 .text.latch_pending_read_and_check
                0x0000000000005fbc       0x3c modules/hal_nordic/nrfx/libmodules__hal_nordic__nrfx.a(nrfx_gpiote.c.obj)
 .text.release_handler.isra.0
                0x0000000000005ff8       0x58 modules/hal_nordic/nrfx/libmodules__hal_nordic__nrfx.a(nrfx_gpiote.c.obj)
 .text.__nrfy_internal_gpiote_events_process.constprop.0
                0x0000000000006050       0x5c modules/hal_nordic/nrfx/libmodules__hal_nordic__nrfx.a(nrfx_gpiote.c.obj)
 .text.pin_uninit
                0x00000000000060ac       0x84 modules/hal_nordic/nrfx/libmodules__hal_nordic__nrfx.a(nrfx_gpiote.c.obj)
 .text.nrfx_gpiote_input_configure
                0x0000000000006130      0x178 modules/hal_nordic/nrfx/libmodules__hal_nordic__nrfx.a(nrfx_gpiote.c.obj)
                0x0000000000006130                nrfx_gpiote_input_configure
 .text.nrfx_gpiote_output_configure
                0x00000000000062a8      0x104 modules/hal_nordic/nrfx/libmodules__hal_nordic__nrfx.a(nrfx_gpiote.c.obj)
                0x00000000000062a8                nrfx_gpiote_output_configure
 .text.nrfx_gpiote_global_callback_set
                0x00000000000063ac        0xc modules/hal_nordic/nrfx/libmodules__hal_nordic__nrfx.a(nrfx_gpiote.c.obj)
                0x00000000000063ac                nrfx_gpiote_global_callback_set
 .text.nrfx_gpiote_channel_get
                0x00000000000063b8       0x34 modules/hal_nordic/nrfx/libmodules__hal_nordic__nrfx.a(nrfx_gpiote.c.obj)
                0x00000000000063b8                nrfx_gpiote_channel_get
 .text.nrfx_gpiote_init
                0x00000000000063ec       0x64 modules/hal_nordic/nrfx/libmodules__hal_nordic__nrfx.a(nrfx_gpiote.c.obj)
                0x00000000000063ec                nrfx_gpiote_init
 .text.nrfx_gpiote_init_check
                0x0000000000006450       0x14 modules/hal_nordic/nrfx/libmodules__hal_nordic__nrfx.a(nrfx_gpiote.c.obj)
                0x0000000000006450                nrfx_gpiote_init_check
 .text.nrfx_gpiote_channel_free
                0x0000000000006464        0xc modules/hal_nordic/nrfx/libmodules__hal_nordic__nrfx.a(nrfx_gpiote.c.obj)
                0x0000000000006464                nrfx_gpiote_channel_free
 .text.nrfx_gpiote_channel_alloc
                0x0000000000006470        0xc modules/hal_nordic/nrfx/libmodules__hal_nordic__nrfx.a(nrfx_gpiote.c.obj)
                0x0000000000006470                nrfx_gpiote_channel_alloc
 .text.nrfx_gpiote_trigger_enable
                0x000000000000647c       0xac modules/hal_nordic/nrfx/libmodules__hal_nordic__nrfx.a(nrfx_gpiote.c.obj)
                0x000000000000647c                nrfx_gpiote_trigger_enable
 .text.nrfx_gpiote_0_irq_handler
                0x0000000000006528      0x1b8 modules/hal_nordic/nrfx/libmodules__hal_nordic__nrfx.a(nrfx_gpiote.c.obj)
                0x0000000000006528                nrfx_gpiote_0_irq_handler
 .text.nrfx_ipc_init
                0x00000000000066e0       0x30 modules/hal_nordic/nrfx/libmodules__hal_nordic__nrfx.a(nrfx_ipc.c.obj)
                0x00000000000066e0                nrfx_ipc_init
 .text.nrfx_ipc_config_load
                0x0000000000006710       0x40 modules/hal_nordic/nrfx/libmodules__hal_nordic__nrfx.a(nrfx_ipc.c.obj)
                0x0000000000006710                nrfx_ipc_config_load
 .text.nrfx_ipc_receive_event_enable
                0x0000000000006750       0x10 modules/hal_nordic/nrfx/libmodules__hal_nordic__nrfx.a(nrfx_ipc.c.obj)
                0x0000000000006750                nrfx_ipc_receive_event_enable
 .text.nrfx_ipc_receive_event_disable
                0x0000000000006760       0x10 modules/hal_nordic/nrfx/libmodules__hal_nordic__nrfx.a(nrfx_ipc.c.obj)
                0x0000000000006760                nrfx_ipc_receive_event_disable
 .text.nrfx_ipc_irq_handler
                0x0000000000006770       0x40 modules/hal_nordic/nrfx/libmodules__hal_nordic__nrfx.a(nrfx_ipc.c.obj)
                0x0000000000006770                nrfx_ipc_irq_handler
 .text.nrf_gpio_cfg.constprop.0
                0x00000000000067b0       0x48 modules/hal_nordic/nrfx/libmodules__hal_nordic__nrfx.a(nrfx_twim.c.obj)
 .text.twim_configure
                0x00000000000067f8       0x3c modules/hal_nordic/nrfx/libmodules__hal_nordic__nrfx.a(nrfx_twim.c.obj)
 .text.nrfx_twim_init
                0x0000000000006834       0x74 modules/hal_nordic/nrfx/libmodules__hal_nordic__nrfx.a(nrfx_twim.c.obj)
                0x0000000000006834                nrfx_twim_init
 .text.nrfx_twim_enable
                0x00000000000068a8       0x20 modules/hal_nordic/nrfx/libmodules__hal_nordic__nrfx.a(nrfx_twim.c.obj)
                0x00000000000068a8                nrfx_twim_enable
 .text.nrfx_twim_disable
                0x00000000000068c8       0x3c modules/hal_nordic/nrfx/libmodules__hal_nordic__nrfx.a(nrfx_twim.c.obj)
                0x00000000000068c8                nrfx_twim_disable
 .text.nrfx_twim_xfer
                0x0000000000006904      0x350 modules/hal_nordic/nrfx/libmodules__hal_nordic__nrfx.a(nrfx_twim.c.obj)
                0x0000000000006904                nrfx_twim_xfer
 .text.nrfx_twim_1_irq_handler
                0x0000000000006c54      0x188 modules/hal_nordic/nrfx/libmodules__hal_nordic__nrfx.a(nrfx_twim.c.obj)
                0x0000000000006c54                nrfx_twim_1_irq_handler
 .text.nrf_gpio_pin_port_decode
                0x0000000000006ddc       0x24 modules/hal_nordic/nrfx/libmodules__hal_nordic__nrfx.a(nrfx_twi_twim.c.obj)
 .text.nrfx_twi_twim_bus_recover
                0x0000000000006e00       0xd4 modules/hal_nordic/nrfx/libmodules__hal_nordic__nrfx.a(nrfx_twi_twim.c.obj)
                0x0000000000006e00                nrfx_twi_twim_bus_recover
 .text.k_sys_fatal_error_handler
                0x0000000000006ed4       0x20 zephyr/kernel/libkernel.a(fatal.c.obj)
                0x0000000000006ed4                k_sys_fatal_error_handler
 .text.z_fatal_error
                0x0000000000006ef4       0xe8 zephyr/kernel/libkernel.a(fatal.c.obj)
                0x0000000000006ef4                z_fatal_error
 .text.z_sys_init_run_level
                0x0000000000006fdc       0x2c zephyr/kernel/libkernel.a(init.c.obj)
 .text.bg_thread_main
                0x0000000000007008       0xc4 zephyr/kernel/libkernel.a(init.c.obj)
 .text.z_bss_zero
                0x00000000000070cc       0x18 zephyr/kernel/libkernel.a(init.c.obj)
                0x00000000000070cc                z_bss_zero
 .text.z_init_cpu
                0x00000000000070e4       0x68 zephyr/kernel/libkernel.a(init.c.obj)
                0x00000000000070e4                z_init_cpu
 .text.z_cstart
                0x000000000000714c       0xe0 zephyr/kernel/libkernel.a(init.c.obj)
                0x000000000000714c                z_cstart
 .text.init_mem_slab_obj_core_list
                0x000000000000722c       0x24 zephyr/kernel/libkernel.a(mem_slab.c.obj)
 .text.k_mem_slab_alloc
                0x0000000000007250       0x5c zephyr/kernel/libkernel.a(mem_slab.c.obj)
                0x0000000000007250                k_mem_slab_alloc
 .text.z_impl_k_mutex_lock
                0x00000000000072ac       0xf0 zephyr/kernel/libkernel.a(mutex.c.obj)
                0x00000000000072ac                z_impl_k_mutex_lock
 .text.z_impl_k_mutex_unlock
                0x000000000000739c       0x78 zephyr/kernel/libkernel.a(mutex.c.obj)
                0x000000000000739c                z_impl_k_mutex_unlock
 .text.z_impl_k_sem_give
                0x0000000000007414       0x48 zephyr/kernel/libkernel.a(sem.c.obj)
                0x0000000000007414                z_impl_k_sem_give
 .text.z_impl_k_sem_take
                0x000000000000745c       0x4c zephyr/kernel/libkernel.a(sem.c.obj)
                0x000000000000745c                z_impl_k_sem_take
 .text.z_setup_new_thread
                0x00000000000074a8       0x7c zephyr/kernel/libkernel.a(thread.c.obj)
                0x00000000000074a8                z_setup_new_thread
 .text.z_impl_k_thread_create
                0x0000000000007524       0x58 zephyr/kernel/libkernel.a(thread.c.obj)
                0x0000000000007524                z_impl_k_thread_create
 .text.update_cache
                0x000000000000757c       0x3c zephyr/kernel/libkernel.a(sched.c.obj)
 .text.unready_thread
                0x00000000000075b8       0x30 zephyr/kernel/libkernel.a(sched.c.obj)
 .text.ready_thread
                0x00000000000075e8       0x68 zephyr/kernel/libkernel.a(sched.c.obj)
 .text.z_thread_halt
                0x0000000000007650       0xdc zephyr/kernel/libkernel.a(sched.c.obj)
 .text.move_thread_to_end_of_prio_q
                0x000000000000772c       0x74 zephyr/kernel/libkernel.a(sched.c.obj)
                0x000000000000772c                move_thread_to_end_of_prio_q
 .text.z_pend_curr
                0x00000000000077a0       0x58 zephyr/kernel/libkernel.a(sched.c.obj)
                0x00000000000077a0                z_pend_curr
 .text.z_thread_prio_set
                0x00000000000077f8       0x88 zephyr/kernel/libkernel.a(sched.c.obj)
                0x00000000000077f8                z_thread_prio_set
 .text.z_reschedule
                0x0000000000007880       0x24 zephyr/kernel/libkernel.a(sched.c.obj)
                0x0000000000007880                z_reschedule
 .text.z_sched_start
                0x00000000000078a4       0x3c zephyr/kernel/libkernel.a(sched.c.obj)
                0x00000000000078a4                z_sched_start
 .text.z_reschedule_irqlock
                0x00000000000078e0       0x28 zephyr/kernel/libkernel.a(sched.c.obj)
                0x00000000000078e0                z_reschedule_irqlock
 .text.k_sched_lock
                0x0000000000007908       0x28 zephyr/kernel/libkernel.a(sched.c.obj)
                0x0000000000007908                k_sched_lock
 .text.k_sched_unlock
                0x0000000000007930       0x40 zephyr/kernel/libkernel.a(sched.c.obj)
                0x0000000000007930                k_sched_unlock
 .text.z_sched_init
                0x0000000000007970       0x10 zephyr/kernel/libkernel.a(sched.c.obj)
                0x0000000000007970                z_sched_init
 .text.z_impl_k_yield
                0x0000000000007980       0x7c zephyr/kernel/libkernel.a(sched.c.obj)
                0x0000000000007980                z_impl_k_yield
 .text.z_tick_sleep
                0x00000000000079fc       0x88 zephyr/kernel/libkernel.a(sched.c.obj)
 .text.z_impl_k_sleep
                0x0000000000007a84       0x3c zephyr/kernel/libkernel.a(sched.c.obj)
                0x0000000000007a84                z_impl_k_sleep
 .text.z_impl_k_usleep
                0x0000000000007ac0       0x3c zephyr/kernel/libkernel.a(sched.c.obj)
                0x0000000000007ac0                z_impl_k_usleep
 .text.z_impl_k_sched_current_thread_query
                0x0000000000007afc        0xc zephyr/kernel/libkernel.a(sched.c.obj)
                0x0000000000007afc                z_impl_k_sched_current_thread_query
 .text.slice_timeout
                0x0000000000007b08       0x20 zephyr/kernel/libkernel.a(timeslicing.c.obj)
 .text.thread_is_sliceable
                0x0000000000007b28       0x3c zephyr/kernel/libkernel.a(timeslicing.c.obj)
                0x0000000000007b28                thread_is_sliceable
 .text.z_reset_time_slice
                0x0000000000007b64       0x50 zephyr/kernel/libkernel.a(timeslicing.c.obj)
                0x0000000000007b64                z_reset_time_slice
 .text.z_time_slice
                0x0000000000007bb4       0x60 zephyr/kernel/libkernel.a(timeslicing.c.obj)
                0x0000000000007bb4                z_time_slice
 .text.z_data_copy
                0x0000000000007c14       0x34 zephyr/kernel/libkernel.a(xip.c.obj)
                0x0000000000007c14                z_data_copy
 .text.elapsed  0x0000000000007c48       0x14 zephyr/kernel/libkernel.a(timeout.c.obj)
 .text.remove_timeout
                0x0000000000007c5c       0x38 zephyr/kernel/libkernel.a(timeout.c.obj)
 .text.next_timeout
                0x0000000000007c94       0x40 zephyr/kernel/libkernel.a(timeout.c.obj)
 .text.z_add_timeout
                0x0000000000007cd4       0xf4 zephyr/kernel/libkernel.a(timeout.c.obj)
                0x0000000000007cd4                z_add_timeout
 .text.sys_clock_announce
                0x0000000000007dc8       0xd0 zephyr/kernel/libkernel.a(timeout.c.obj)
                0x0000000000007dc8                sys_clock_announce
 .text.sys_clock_tick_get
                0x0000000000007e98       0x30 zephyr/kernel/libkernel.a(timeout.c.obj)
                0x0000000000007e98                sys_clock_tick_get
 .text.z_timer_expiration_handler
                0x0000000000007ec8       0xe0 zephyr/kernel/libkernel.a(timer.c.obj)
                0x0000000000007ec8                z_timer_expiration_handler
 .text.z_impl_k_timer_start
                0x0000000000007fa8       0x74 zephyr/kernel/libkernel.a(timer.c.obj)
                0x0000000000007fa8                z_impl_k_timer_start
 .text.nrf_cc3xx_platform_init_no_rng
                0x000000000000801c       0x38 C:/ncs/v2.9.0/nrfxlib/crypto/nrf_cc312_platform/lib/cortex-m33/soft-float/no-interrupts/libnrf_cc312_platform_0.9.19.a(nrf_cc3xx_platform.c.obj)
                0x000000000000801c                nrf_cc3xx_platform_init_no_rng
 .text.nrf_cc3xx_platform_abort
                0x0000000000008054       0x24 C:/ncs/v2.9.0/nrfxlib/crypto/nrf_cc312_platform/lib/cortex-m33/soft-float/no-interrupts/libnrf_cc312_platform_0.9.19.a(nrf_cc3xx_platform_abort.c.obj)
 .text.CC_PalAbort
                0x0000000000008078       0x44 C:/ncs/v2.9.0/nrfxlib/crypto/nrf_cc312_platform/lib/cortex-m33/soft-float/no-interrupts/libnrf_cc312_platform_0.9.19.a(nrf_cc3xx_platform_abort.c.obj)
                0x0000000000008078                CC_PalAbort
 .text.nrf_cc3xx_platform_set_abort
                0x00000000000080bc       0x10 C:/ncs/v2.9.0/nrfxlib/crypto/nrf_cc312_platform/lib/cortex-m33/soft-float/no-interrupts/libnrf_cc312_platform_0.9.19.a(nrf_cc3xx_platform_abort.c.obj)
                0x00000000000080bc                nrf_cc3xx_platform_set_abort
 .text.mutex_free
                0x00000000000080cc       0x34 C:/ncs/v2.9.0/nrfxlib/crypto/nrf_cc312_platform/lib/cortex-m33/soft-float/no-interrupts/libnrf_cc312_platform_0.9.19.a(nrf_cc3xx_platform_mutex.c.obj)
 .text.mutex_lock
                0x0000000000008100       0x48 C:/ncs/v2.9.0/nrfxlib/crypto/nrf_cc312_platform/lib/cortex-m33/soft-float/no-interrupts/libnrf_cc312_platform_0.9.19.a(nrf_cc3xx_platform_mutex.c.obj)
 .text.mutex_unlock
                0x0000000000008148       0x38 C:/ncs/v2.9.0/nrfxlib/crypto/nrf_cc312_platform/lib/cortex-m33/soft-float/no-interrupts/libnrf_cc312_platform_0.9.19.a(nrf_cc3xx_platform_mutex.c.obj)
 .text.mutex_init
                0x0000000000008180       0x20 C:/ncs/v2.9.0/nrfxlib/crypto/nrf_cc312_platform/lib/cortex-m33/soft-float/no-interrupts/libnrf_cc312_platform_0.9.19.a(nrf_cc3xx_platform_mutex.c.obj)
 .text.nrf_cc3xx_platform_set_mutexes
                0x00000000000081a0       0x78 C:/ncs/v2.9.0/nrfxlib/crypto/nrf_cc312_platform/lib/cortex-m33/soft-float/no-interrupts/libnrf_cc312_platform_0.9.19.a(nrf_cc3xx_platform_mutex.c.obj)
                0x00000000000081a0                nrf_cc3xx_platform_set_mutexes
 .text.CC_LibInitNoRng
                0x0000000000008218       0x28 C:/ncs/v2.9.0/nrfxlib/crypto/nrf_cc312_platform/lib/cortex-m33/soft-float/no-interrupts/libnrf_cc312_platform_0.9.19.a(cc_lib.c.obj)
                0x0000000000008218                CC_LibInitNoRng
 .text.CC_HalInit
                0x0000000000008240        0x4 C:/ncs/v2.9.0/nrfxlib/crypto/nrf_cc312_platform/lib/cortex-m33/soft-float/no-interrupts/libnrf_cc312_platform_0.9.19.a(cc_hal.c.obj)
                0x0000000000008240                CC_HalInit
 .text.CC_PalInit
                0x0000000000008244       0x5c C:/ncs/v2.9.0/nrfxlib/crypto/nrf_cc312_platform/lib/cortex-m33/soft-float/no-interrupts/libnrf_cc312_platform_0.9.19.a(cc_pal.c.obj)
                0x0000000000008244                CC_PalInit
 .text.CC_PalTerminate
                0x00000000000082a0       0x34 C:/ncs/v2.9.0/nrfxlib/crypto/nrf_cc312_platform/lib/cortex-m33/soft-float/no-interrupts/libnrf_cc312_platform_0.9.19.a(cc_pal.c.obj)
                0x00000000000082a0                CC_PalTerminate
 .text.CC_PalDmaInit
                0x00000000000082d4        0x4 C:/ncs/v2.9.0/nrfxlib/crypto/nrf_cc312_platform/lib/cortex-m33/soft-float/no-interrupts/libnrf_cc312_platform_0.9.19.a(cc_pal_dma.c.obj)
                0x00000000000082d4                CC_PalDmaInit
 .text.CC_PalDmaTerminate
                0x00000000000082d8        0x4 C:/ncs/v2.9.0/nrfxlib/crypto/nrf_cc312_platform/lib/cortex-m33/soft-float/no-interrupts/libnrf_cc312_platform_0.9.19.a(cc_pal_dma.c.obj)
                0x00000000000082d8                CC_PalDmaTerminate
 .text.CC_PalMutexCreate
                0x00000000000082dc       0x14 C:/ncs/v2.9.0/nrfxlib/crypto/nrf_cc312_platform/lib/cortex-m33/soft-float/no-interrupts/libnrf_cc312_platform_0.9.19.a(cc_pal_mutex.c.obj)
                0x00000000000082dc                CC_PalMutexCreate
 .text.CC_PalMutexDestroy
                0x00000000000082f0       0x14 C:/ncs/v2.9.0/nrfxlib/crypto/nrf_cc312_platform/lib/cortex-m33/soft-float/no-interrupts/libnrf_cc312_platform_0.9.19.a(cc_pal_mutex.c.obj)
                0x00000000000082f0                CC_PalMutexDestroy
 .text.CC_PalPowerSaveModeInit
                0x0000000000008304       0x3c C:/ncs/v2.9.0/nrfxlib/crypto/nrf_cc312_platform/lib/cortex-m33/soft-float/no-interrupts/libnrf_cc312_platform_0.9.19.a(cc_pal_pm.c.obj)
                0x0000000000008304                CC_PalPowerSaveModeInit
 .text.printf   0x0000000000008340       0x24 c:\ncs\toolchains\b620d30767\opt\zephyr-sdk\arm-zephyr-eabi\bin\../lib/gcc/../../picolibc/arm-zephyr-eabi/lib/thumb/v8-m.main/nofp\libc.a(libc_tinystdio_printf.c.o)
                0x0000000000008340                printf
 .text.puts     0x0000000000008364       0x40 c:\ncs\toolchains\b620d30767\opt\zephyr-sdk\arm-zephyr-eabi\bin\../lib/gcc/../../picolibc/arm-zephyr-eabi/lib/thumb/v8-m.main/nofp\libc.a(libc_tinystdio_puts.c.o)
                0x0000000000008364                puts
 .text.snprintf
                0x00000000000083a4       0x58 c:\ncs\toolchains\b620d30767\opt\zephyr-sdk\arm-zephyr-eabi\bin\../lib/gcc/../../picolibc/arm-zephyr-eabi/lib/thumb/v8-m.main/nofp\libc.a(libc_tinystdio_snprintf.c.o)
                0x00000000000083a4                snprintf
 .text.skip_to_arg
                0x00000000000083fc      0x134 c:\ncs\toolchains\b620d30767\opt\zephyr-sdk\arm-zephyr-eabi\bin\../lib/gcc/../../picolibc/arm-zephyr-eabi/lib/thumb/v8-m.main/nofp\libc.a(libc_tinystdio_vfprintf.c.o)
 .text.vfprintf
                0x0000000000008530      0x9a8 c:\ncs\toolchains\b620d30767\opt\zephyr-sdk\arm-zephyr-eabi\bin\../lib/gcc/../../picolibc/arm-zephyr-eabi/lib/thumb/v8-m.main/nofp\libc.a(libc_tinystdio_vfprintf.c.o)
                0x0000000000008530                __d_vfprintf
 .text.div10    0x0000000000008ed8       0x28 c:\ncs\toolchains\b620d30767\opt\zephyr-sdk\arm-zephyr-eabi\bin\../lib/gcc/../../picolibc/arm-zephyr-eabi/lib/thumb/v8-m.main/nofp\libc.a(libc_tinystdio_dtoa_ryu.c.o)
 .text.__dtoa_engine
                0x0000000000008f00      0x4a8 c:\ncs\toolchains\b620d30767\opt\zephyr-sdk\arm-zephyr-eabi\bin\../lib/gcc/../../picolibc/arm-zephyr-eabi/lib/thumb/v8-m.main/nofp\libc.a(libc_tinystdio_dtoa_ryu.c.o)
                0x0000000000008f00                __dtoa_engine
 .text.__log10Pow2
                0x00000000000093a8        0xc c:\ncs\toolchains\b620d30767\opt\zephyr-sdk\arm-zephyr-eabi\bin\../lib/gcc/../../picolibc/arm-zephyr-eabi/lib/thumb/v8-m.main/nofp\libc.a(libc_tinystdio_ryu_log10.c.o)
                0x00000000000093a8                __log10Pow2
 .text.__log10Pow5
                0x00000000000093b4        0xc c:\ncs\toolchains\b620d30767\opt\zephyr-sdk\arm-zephyr-eabi\bin\../lib/gcc/../../picolibc/arm-zephyr-eabi/lib/thumb/v8-m.main/nofp\libc.a(libc_tinystdio_ryu_log10.c.o)
                0x00000000000093b4                __log10Pow5
 .text.__pow5bits
                0x00000000000093c0       0x10 c:\ncs\toolchains\b620d30767\opt\zephyr-sdk\arm-zephyr-eabi\bin\../lib/gcc/../../picolibc/arm-zephyr-eabi/lib/thumb/v8-m.main/nofp\libc.a(libc_tinystdio_ryu_pow5bits.c.o)
                0x00000000000093c0                __pow5bits
 .text.__pow5Factor
                0x00000000000093d0       0x30 c:\ncs\toolchains\b620d30767\opt\zephyr-sdk\arm-zephyr-eabi\bin\../lib/gcc/../../picolibc/arm-zephyr-eabi/lib/thumb/v8-m.main/nofp\libc.a(libc_tinystdio_ryu_table.c.o)
                0x00000000000093d0                __pow5Factor
 .text.__double_computePow5
                0x0000000000009400       0xe4 c:\ncs\toolchains\b620d30767\opt\zephyr-sdk\arm-zephyr-eabi\bin\../lib/gcc/../../picolibc/arm-zephyr-eabi/lib/thumb/v8-m.main/nofp\libc.a(libc_tinystdio_ryu_table.c.o)
                0x0000000000009400                __double_computePow5
 .text.__double_computeInvPow5
                0x00000000000094e4       0xf8 c:\ncs\toolchains\b620d30767\opt\zephyr-sdk\arm-zephyr-eabi\bin\../lib/gcc/../../picolibc/arm-zephyr-eabi/lib/thumb/v8-m.main/nofp\libc.a(libc_tinystdio_ryu_table.c.o)
                0x00000000000094e4                __double_computeInvPow5
 .text.sqrt     0x00000000000095dc      0x174 c:\ncs\toolchains\b620d30767\opt\zephyr-sdk\arm-zephyr-eabi\bin\../lib/gcc/../../picolibc/arm-zephyr-eabi/lib/thumb/v8-m.main/nofp\libc.a(libm_machine_arm_s_sqrt.c.o)
                0x00000000000095dc                sqrtl
                0x00000000000095dc                sqrt
 .text.__fpclassifyd
                0x0000000000009750       0x48 c:\ncs\toolchains\b620d30767\opt\zephyr-sdk\arm-zephyr-eabi\bin\../lib/gcc/../../picolibc/arm-zephyr-eabi/lib/thumb/v8-m.main/nofp\libc.a(libm_common_s_fpclassify.c.o)
                0x0000000000009750                __fpclassifyd
                0x0000000000009750                __fpclassifyl
 .text.__math_invalid
                0x0000000000009798       0x10 c:\ncs\toolchains\b620d30767\opt\zephyr-sdk\arm-zephyr-eabi\bin\../lib/gcc/../../picolibc/arm-zephyr-eabi/lib/thumb/v8-m.main/nofp\libc.a(libm_common_math_err_invalid.c.o)
                0x0000000000009798                __math_invalid
 .text._OffsetAbsSyms
                0x00000000000097a8        0x2 zephyr/CMakeFiles/offsets.dir/./arch/arm/core/offsets/offsets.c.obj
                0x00000000000097a8                _OffsetAbsSyms
 .text.gpio_pin_set.isra.0
                0x00000000000097aa       0x20 app/libapp.a(led.c.obj)
 .text.sensor_attr_set.constprop.0.isra.0
                0x00000000000097ca       0x18 app/libapp.a(fall_detection.c.obj)
 .text.sensor_sample_fetch.isra.0
                0x00000000000097e2        0x8 app/libapp.a(fall_detection.c.obj)
 .text.chunk_field
                0x00000000000097ea       0x16 zephyr/libzephyr.a(heap.c.obj)
 .text.chunk_set
                0x0000000000009800       0x16 zephyr/libzephyr.a(heap.c.obj)
 .text.chunk_size
                0x0000000000009816        0xc zephyr/libzephyr.a(heap.c.obj)
 .text.set_chunk_used
                0x0000000000009822       0x30 zephyr/libzephyr.a(heap.c.obj)
 .text.set_chunk_size
                0x0000000000009852        0x8 zephyr/libzephyr.a(heap.c.obj)
 .text.bucket_idx.isra.0
                0x000000000000985a       0x1c zephyr/libzephyr.a(heap.c.obj)
 .text.free_list_add
                0x0000000000009876       0x84 zephyr/libzephyr.a(heap.c.obj)
 .text.sys_heap_init
                0x00000000000098fa       0xb0 zephyr/libzephyr.a(heap.c.obj)
                0x00000000000098fa                sys_heap_init
 .text.cbpprintf_external
                0x00000000000099aa       0x62 zephyr/libzephyr.a(cbprintf_packaged.c.obj)
                0x00000000000099aa                cbpprintf_external
 .text.is_ptr   0x0000000000009a0c       0x4a zephyr/libzephyr.a(cbprintf_packaged.c.obj)
                0x0000000000009a0c                is_ptr
 .text.arch_printk_char_out
                0x0000000000009a56        0x4 zephyr/libzephyr.a(printk.c.obj)
                0x0000000000009a56                arch_printk_char_out
 .text.printk   0x0000000000009a5a       0x1a zephyr/libzephyr.a(printk.c.obj)
                0x0000000000009a5a                printk
 .text.free_space
                0x0000000000009a74       0x26 zephyr/libzephyr.a(mpsc_pbuf.c.obj)
 .text.get_usage
                0x0000000000009a9a       0x22 zephyr/libzephyr.a(mpsc_pbuf.c.obj)
 .text.idx_inc  0x0000000000009abc       0x1c zephyr/libzephyr.a(mpsc_pbuf.c.obj)
 .text.rd_idx_inc
                0x0000000000009ad8       0x18 zephyr/libzephyr.a(mpsc_pbuf.c.obj)
 .text.add_skip_item
                0x0000000000009af0       0x3e zephyr/libzephyr.a(mpsc_pbuf.c.obj)
 .text.drop_item_locked
                0x0000000000009b2e       0xee zephyr/libzephyr.a(mpsc_pbuf.c.obj)
 .text.post_drop_action
                0x0000000000009c1c       0x36 zephyr/libzephyr.a(mpsc_pbuf.c.obj)
 .text.max_utilization_update
                0x0000000000009c52       0x1a zephyr/libzephyr.a(mpsc_pbuf.c.obj)
 .text.mpsc_pbuf_init
                0x0000000000009c6c       0x42 zephyr/libzephyr.a(mpsc_pbuf.c.obj)
                0x0000000000009c6c                mpsc_pbuf_init
 .text.mpsc_pbuf_alloc
                0x0000000000009cae       0xf8 zephyr/libzephyr.a(mpsc_pbuf.c.obj)
                0x0000000000009cae                mpsc_pbuf_alloc
 .text.mpsc_pbuf_commit
                0x0000000000009da6       0x3e zephyr/libzephyr.a(mpsc_pbuf.c.obj)
                0x0000000000009da6                mpsc_pbuf_commit
 .text.mpsc_pbuf_claim
                0x0000000000009de4       0xa8 zephyr/libzephyr.a(mpsc_pbuf.c.obj)
                0x0000000000009de4                mpsc_pbuf_claim
 .text.mpsc_pbuf_free
                0x0000000000009e8c       0x76 zephyr/libzephyr.a(mpsc_pbuf.c.obj)
                0x0000000000009e8c                mpsc_pbuf_free
 .text.mpsc_pbuf_is_pending
                0x0000000000009f02       0x32 zephyr/libzephyr.a(mpsc_pbuf.c.obj)
                0x0000000000009f02                mpsc_pbuf_is_pending
 .text.process_recheck
                0x0000000000009f34       0x38 zephyr/libzephyr.a(onoff.c.obj)
 .text.validate_args
                0x0000000000009f6c       0x20 zephyr/libzephyr.a(onoff.c.obj)
 .text.notify_one
                0x0000000000009f8c       0x2c zephyr/libzephyr.a(onoff.c.obj)
 .text.transition_complete
                0x0000000000009fb8       0x1a zephyr/libzephyr.a(onoff.c.obj)
 .text.onoff_manager_init
                0x0000000000009fd2       0x26 zephyr/libzephyr.a(onoff.c.obj)
                0x0000000000009fd2                onoff_manager_init
 .text.onoff_request
                0x0000000000009ff8       0xae zephyr/libzephyr.a(onoff.c.obj)
                0x0000000000009ff8                onoff_request
 .text.sys_notify_validate
                0x000000000000a0a6       0x22 zephyr/libzephyr.a(notify.c.obj)
                0x000000000000a0a6                sys_notify_validate
 .text.sys_notify_finalize
                0x000000000000a0c8       0x1a zephyr/libzephyr.a(notify.c.obj)
                0x000000000000a0c8                sys_notify_finalize
 .text._ConfigAbsSyms
                0x000000000000a0e2        0x2 zephyr/libzephyr.a(configs.c.obj)
                0x000000000000a0e2                _ConfigAbsSyms
 .text.log_msg_generic_get_wlen
                0x000000000000a0e4       0x20 zephyr/libzephyr.a(log_core.c.obj)
 .text.dummy_timestamp
                0x000000000000a104        0x4 zephyr/libzephyr.a(log_core.c.obj)
 .text.default_get_timestamp
                0x000000000000a108        0x4 zephyr/libzephyr.a(log_core.c.obj)
 .text.atomic_inc
                0x000000000000a10c       0x12 zephyr/libzephyr.a(log_core.c.obj)
 .text.z_log_vprintk
                0x000000000000a11e       0x1c zephyr/libzephyr.a(log_core.c.obj)
                0x000000000000a11e                z_log_vprintk
 .text.z_log_notify_drop
                0x000000000000a13a        0x6 zephyr/libzephyr.a(log_core.c.obj)
 .text.z_log_get_tag
                0x000000000000a140        0x4 zephyr/libzephyr.a(log_core.c.obj)
                0x000000000000a140                z_log_get_tag
 .text.z_cbprintf_cpy
                0x000000000000a144       0x2c zephyr/libzephyr.a(log_msg.c.obj)
 .text.z_log_msg_finalize
                0x000000000000a170       0x32 zephyr/libzephyr.a(log_msg.c.obj)
                0x000000000000a170                z_log_msg_finalize
 .text.z_log_msg_simple_create
                0x000000000000a1a2       0x6e zephyr/libzephyr.a(log_msg.c.obj)
 .text.z_impl_z_log_msg_simple_create_0
                0x000000000000a210       0x12 zephyr/libzephyr.a(log_msg.c.obj)
                0x000000000000a210                z_impl_z_log_msg_simple_create_0
 .text.z_impl_z_log_msg_simple_create_1
                0x000000000000a222       0x14 zephyr/libzephyr.a(log_msg.c.obj)
                0x000000000000a222                z_impl_z_log_msg_simple_create_1
 .text.z_impl_z_log_msg_simple_create_2
                0x000000000000a236       0x18 zephyr/libzephyr.a(log_msg.c.obj)
                0x000000000000a236                z_impl_z_log_msg_simple_create_2
 .text.log_output_write
                0x000000000000a24e       0x1c zephyr/libzephyr.a(log_output.c.obj)
 .text.log_output_flush
                0x000000000000a26a       0x1a zephyr/libzephyr.a(log_output.c.obj)
 .text.out_func
                0x000000000000a284       0x2e zephyr/libzephyr.a(log_output.c.obj)
 .text.cr_out_func
                0x000000000000a2b2       0x1c zephyr/libzephyr.a(log_output.c.obj)
 .text.log_output_msg_process
                0x000000000000a2ce       0x6a zephyr/libzephyr.a(log_output.c.obj)
                0x000000000000a2ce                log_output_msg_process
 .text.format_set
                0x000000000000a338        0xc zephyr/libzephyr.a(log_backend_uart.c.obj)
 .text.log_backend_uart_init
                0x000000000000a344        0xc zephyr/libzephyr.a(log_backend_uart.c.obj)
 .text.panic    0x000000000000a350       0x32 zephyr/libzephyr.a(log_backend_uart.c.obj)
 .text.dropped  0x000000000000a382        0xa zephyr/libzephyr.a(log_backend_uart.c.obj)
 .text.process  0x000000000000a38c       0x1e zephyr/libzephyr.a(log_backend_uart.c.obj)
 .text.abort_function
                0x000000000000a3aa        0x2 zephyr/libzephyr.a(nrf_cc3xx_platform_abort_zephyr.c.obj)
 .text.z_do_kernel_oops
                0x000000000000a3ac        0x8 zephyr/arch/arch/arm/core/libarch__arm__core.a(fatal.c.obj)
                0x000000000000a3ac                z_do_kernel_oops
 .text.z_arm_nmi
                0x000000000000a3b4        0xe zephyr/arch/arch/arm/core/libarch__arm__core.a(nmi.c.obj)
                0x000000000000a3b4                z_arm_nmi
 .text.z_log_msg_simple_create_0.constprop.0
                0x000000000000a3c2        0x8 zephyr/arch/arch/arm/core/cortex_m/libarch__arm__core__cortex_m.a(fault.c.obj)
 .text.z_irq_spurious
                0x000000000000a3ca        0x8 zephyr/arch/arch/arm/core/cortex_m/libarch__arm__core__cortex_m.a(irq_manage.c.obj)
                0x000000000000a3ca                z_irq_spurious
 .text.configure_builtin_stack_guard
                0x000000000000a3d2        0x8 zephyr/arch/arch/arm/core/cortex_m/libarch__arm__core__cortex_m.a(thread.c.obj)
                0x000000000000a3d2                configure_builtin_stack_guard
 .text.arch_irq_unlock_outlined
                0x000000000000a3da        0xe zephyr/arch/arch/arm/core/cortex_m/libarch__arm__core__cortex_m.a(thread.c.obj)
                0x000000000000a3da                arch_irq_unlock_outlined
 .text.arch_cpu_idle
                0x000000000000a3e8       0x32 zephyr/arch/arch/arm/core/cortex_m/libarch__arm__core__cortex_m.a(cpu_idle.c.obj)
                0x000000000000a3e8                arch_cpu_idle
 .text.arch_cpu_atomic_idle
                0x000000000000a41a       0x38 zephyr/arch/arch/arm/core/cortex_m/libarch__arm__core__cortex_m.a(cpu_idle.c.obj)
                0x000000000000a41a                arch_cpu_atomic_idle
 .text.arm_cmse_mpu_region_get
                0x000000000000a452       0x12 zephyr/arch/arch/arm/core/cortex_m/cmse/libarch__arm__core__cortex_m__cmse.a(arm_core_cmse.c.obj)
                0x000000000000a452                arm_cmse_mpu_region_get
 .text.mpu_configure_region
                0x000000000000a464       0x32 zephyr/arch/arch/arm/core/mpu/libarch__arm__core__mpu.a(arm_mpu.c.obj)
 .text.cbputc   0x000000000000a496        0xc zephyr/lib/libc/picolibc/liblib__libc__picolibc.a(libc-hooks.c.obj)
 .text.picolibc_put
                0x000000000000a4a2        0xa zephyr/lib/libc/picolibc/liblib__libc__picolibc.a(libc-hooks.c.obj)
 .text.onoff_stop
                0x000000000000a4ac       0x10 zephyr/soc/soc/nrf5340/libsoc__nordic.a(nrf53_cpunet_mgmt.c.obj)
 .text.get_status
                0x000000000000a4bc       0x12 zephyr/drivers/clock_control/libdrivers__clock_control.a(clock_control_nrf.c.obj)
 .text.stop     0x000000000000a4ce       0x50 zephyr/drivers/clock_control/libdrivers__clock_control.a(clock_control_nrf.c.obj)
 .text.api_stop
                0x000000000000a51e        0x6 zephyr/drivers/clock_control/libdrivers__clock_control.a(clock_control_nrf.c.obj)
 .text.async_start
                0x000000000000a524       0x5a zephyr/drivers/clock_control/libdrivers__clock_control.a(clock_control_nrf.c.obj)
 .text.api_start
                0x000000000000a57e        0xe zephyr/drivers/clock_control/libdrivers__clock_control.a(clock_control_nrf.c.obj)
 .text.onoff_started_callback
                0x000000000000a58c       0x12 zephyr/drivers/clock_control/libdrivers__clock_control.a(clock_control_nrf.c.obj)
 .text.hfclkaudio_start
                0x000000000000a59e        0x6 zephyr/drivers/clock_control/libdrivers__clock_control.a(clock_control_nrf.c.obj)
 .text.hfclk192m_start
                0x000000000000a5a4        0x6 zephyr/drivers/clock_control/libdrivers__clock_control.a(clock_control_nrf.c.obj)
 .text.lfclk_start
                0x000000000000a5aa        0x6 zephyr/drivers/clock_control/libdrivers__clock_control.a(clock_control_nrf.c.obj)
 .text.hfclkaudio_stop
                0x000000000000a5b0        0x6 zephyr/drivers/clock_control/libdrivers__clock_control.a(clock_control_nrf.c.obj)
 .text.hfclk192m_stop
                0x000000000000a5b6        0x6 zephyr/drivers/clock_control/libdrivers__clock_control.a(clock_control_nrf.c.obj)
 .text.lfclk_stop
                0x000000000000a5bc        0x6 zephyr/drivers/clock_control/libdrivers__clock_control.a(clock_control_nrf.c.obj)
 .text.blocking_start_callback
                0x000000000000a5c2        0x6 zephyr/drivers/clock_control/libdrivers__clock_control.a(clock_control_nrf.c.obj)
 .text.gpio_nrfx_port_get_raw
                0x000000000000a5c8        0xc zephyr/drivers/gpio/libdrivers__gpio.a(gpio_nrfx.c.obj)
 .text.gpio_nrfx_port_set_masked_raw
                0x000000000000a5d4       0x14 zephyr/drivers/gpio/libdrivers__gpio.a(gpio_nrfx.c.obj)
 .text.gpio_nrfx_port_set_bits_raw
                0x000000000000a5e8        0xa zephyr/drivers/gpio/libdrivers__gpio.a(gpio_nrfx.c.obj)
 .text.gpio_nrfx_port_clear_bits_raw
                0x000000000000a5f2        0xa zephyr/drivers/gpio/libdrivers__gpio.a(gpio_nrfx.c.obj)
 .text.gpio_nrfx_port_toggle_bits
                0x000000000000a5fc       0x14 zephyr/drivers/gpio/libdrivers__gpio.a(gpio_nrfx.c.obj)
 .text.gpio_nrfx_manage_callback
                0x000000000000a610       0x52 zephyr/drivers/gpio/libdrivers__gpio.a(gpio_nrfx.c.obj)
 .text.irq_connect1
                0x000000000000a662        0xa zephyr/drivers/i2c/libdrivers__i2c.a(i2c_nrfx_twim.c.obj)
 .text.i2c_nrfx_twim_init
                0x000000000000a66c       0x26 zephyr/drivers/i2c/libdrivers__i2c.a(i2c_nrfx_twim.c.obj)
 .text.pinctrl_apply_state.isra.0
                0x000000000000a692       0x1e zephyr/drivers/i2c/libdrivers__i2c.a(i2c_nrfx_twim_common.c.obj)
 .text.twim_nrfx_pm_action
                0x000000000000a6b0       0x32 zephyr/drivers/i2c/libdrivers__i2c.a(i2c_nrfx_twim_common.c.obj)
                0x000000000000a6b0                twim_nrfx_pm_action
 .text.mbox_nrf_register_callback
                0x000000000000a6e2       0x1c zephyr/drivers/mbox/libdrivers__mbox.a(mbox_nrfx_ipc.c.obj)
 .text.mbox_nrf_mtu_get
                0x000000000000a6fe        0x4 zephyr/drivers/mbox/libdrivers__mbox.a(mbox_nrfx_ipc.c.obj)
 .text.mbox_nrf_max_channels_get
                0x000000000000a702        0x4 zephyr/drivers/mbox/libdrivers__mbox.a(mbox_nrfx_ipc.c.obj)
 .text.pinctrl_lookup_state
                0x000000000000a706       0x26 zephyr/drivers/pinctrl/libdrivers__pinctrl.a(common.c.obj)
                0x000000000000a706                pinctrl_lookup_state
 .text.k_usleep.isra.0
                0x000000000000a72c        0x4 zephyr/drivers/sensor/bosch/bmi270/libdrivers__sensor__bosch__bmi270.a(bmi270.c.obj)
 .text.bmi270_reg_read
                0x000000000000a730        0xe zephyr/drivers/sensor/bosch/bmi270/libdrivers__sensor__bosch__bmi270.a(bmi270.c.obj)
                0x000000000000a730                bmi270_reg_read
 .text.bmi270_sample_fetch
                0x000000000000a73e       0x50 zephyr/drivers/sensor/bosch/bmi270/libdrivers__sensor__bosch__bmi270.a(bmi270.c.obj)
 .text.bmi270_reg_write
                0x000000000000a78e        0xe zephyr/drivers/sensor/bosch/bmi270/libdrivers__sensor__bosch__bmi270.a(bmi270.c.obj)
                0x000000000000a78e                bmi270_reg_write
 .text.bmi270_reg_write_with_delay
                0x000000000000a79c       0x14 zephyr/drivers/sensor/bosch/bmi270/libdrivers__sensor__bosch__bmi270.a(bmi270.c.obj)
                0x000000000000a79c                bmi270_reg_write_with_delay
 .text.bmi270_attr_set
                0x000000000000a7b0      0x106 zephyr/drivers/sensor/bosch/bmi270/libdrivers__sensor__bosch__bmi270.a(bmi270.c.obj)
 .text.bmi270_bus_init_i2c
                0x000000000000a8b6        0x4 zephyr/drivers/sensor/bosch/bmi270/libdrivers__sensor__bosch__bmi270.a(bmi270_i2c.c.obj)
 .text.bmi270_bus_check_i2c
                0x000000000000a8ba       0x14 zephyr/drivers/sensor/bosch/bmi270/libdrivers__sensor__bosch__bmi270.a(bmi270_i2c.c.obj)
 .text.bmi270_reg_read_i2c
                0x000000000000a8ce       0x44 zephyr/drivers/sensor/bosch/bmi270/libdrivers__sensor__bosch__bmi270.a(bmi270_i2c.c.obj)
 .text.bmi270_reg_write_i2c
                0x000000000000a912       0x40 zephyr/drivers/sensor/bosch/bmi270/libdrivers__sensor__bosch__bmi270.a(bmi270_i2c.c.obj)
 .text.uarte_nrfx_err_check
                0x000000000000a952        0xe zephyr/drivers/serial/libdrivers__serial.a(uart_nrfx_uarte.c.obj)
 .text.uarte_nrfx_poll_in
                0x000000000000a960       0x26 zephyr/drivers/serial/libdrivers__serial.a(uart_nrfx_uarte.c.obj)
 .text.is_tx_ready.isra.0
                0x000000000000a986       0x20 zephyr/drivers/serial/libdrivers__serial.a(uart_nrfx_uarte.c.obj)
 .text.uarte_nrfx_isr_int
                0x000000000000a9a6       0x42 zephyr/drivers/serial/libdrivers__serial.a(uart_nrfx_uarte.c.obj)
 .text.event_clear
                0x000000000000a9e8       0x18 zephyr/drivers/timer/libdrivers__timer.a(nrf_rtc_timer.c.obj)
 .text.z_nrf_rtc_timer_capture_task_address_get
                0x000000000000aa00       0x14 zephyr/drivers/timer/libdrivers__timer.a(nrf_rtc_timer.c.obj)
                0x000000000000aa00                z_nrf_rtc_timer_capture_task_address_get
 .text.z_nrf_rtc_timer_set
                0x000000000000aa14       0x18 zephyr/drivers/timer/libdrivers__timer.a(nrf_rtc_timer.c.obj)
                0x000000000000aa14                z_nrf_rtc_timer_set
 .text.sys_clock_cycle_get_32
                0x000000000000aa2c        0x8 zephyr/drivers/timer/libdrivers__timer.a(nrf_rtc_timer.c.obj)
                0x000000000000aa2c                sys_clock_cycle_get_32
 .text.hw_cc3xx_init_internal
                0x000000000000aa34        0x4 modules/nrf/drivers/hw_cc3xx/lib..__nrf__drivers__hw_cc3xx.a(hw_cc3xx.c.obj)
 .text.hw_cc3xx_init
                0x000000000000aa38       0x12 modules/nrf/drivers/hw_cc3xx/lib..__nrf__drivers__hw_cc3xx.a(hw_cc3xx.c.obj)
 .text.nrfx_isr
                0x000000000000aa4a        0x2 modules/hal_nordic/nrfx/libmodules__hal_nordic__nrfx.a(nrfx_glue.c.obj)
                0x000000000000aa4a                nrfx_isr
 .text.nrfx_busy_wait
                0x000000000000aa4c        0x4 modules/hal_nordic/nrfx/libmodules__hal_nordic__nrfx.a(nrfx_glue.c.obj)
                0x000000000000aa4c                nrfx_busy_wait
 .text.nrfx_gppi_event_endpoint_setup
                0x000000000000aa50        0xa modules/hal_nordic/nrfx/libmodules__hal_nordic__nrfx.a(nrfx_gppi_dppi.c.obj)
                0x000000000000aa50                nrfx_gppi_event_endpoint_setup
 .text.nrfx_gppi_task_endpoint_setup
                0x000000000000aa5a        0xa modules/hal_nordic/nrfx/libmodules__hal_nordic__nrfx.a(nrfx_gppi_dppi.c.obj)
                0x000000000000aa5a                nrfx_gppi_task_endpoint_setup
 .text.nrfx_gppi_channel_endpoints_setup
                0x000000000000aa64        0xe modules/hal_nordic/nrfx/libmodules__hal_nordic__nrfx.a(nrfx_gppi_dppi.c.obj)
                0x000000000000aa64                nrfx_gppi_channel_endpoints_setup
 .text.nrfx_gppi_event_endpoint_clear
                0x000000000000aa72        0x8 modules/hal_nordic/nrfx/libmodules__hal_nordic__nrfx.a(nrfx_gppi_dppi.c.obj)
                0x000000000000aa72                nrfx_gppi_event_endpoint_clear
 .text.nrfx_gppi_task_endpoint_clear
                0x000000000000aa7a        0x8 modules/hal_nordic/nrfx/libmodules__hal_nordic__nrfx.a(nrfx_gppi_dppi.c.obj)
                0x000000000000aa7a                nrfx_gppi_task_endpoint_clear
 .text.clock_stop
                0x000000000000aa82      0x162 modules/hal_nordic/nrfx/libmodules__hal_nordic__nrfx.a(nrfx_clock.c.obj)
 .text.nrfx_clock_stop
                0x000000000000abe4        0x4 modules/hal_nordic/nrfx/libmodules__hal_nordic__nrfx.a(nrfx_clock.c.obj)
                0x000000000000abe4                nrfx_clock_stop
 .text.nrf_gpio_reconfigure
                0x000000000000abe8       0x92 modules/hal_nordic/nrfx/libmodules__hal_nordic__nrfx.a(nrfx_gpiote.c.obj)
 .text.nrf_gpio_cfg_sense_set
                0x000000000000ac7a       0x1e modules/hal_nordic/nrfx/libmodules__hal_nordic__nrfx.a(nrfx_gpiote.c.obj)
 .text.pin_trigger_disable
                0x000000000000ac98       0x48 modules/hal_nordic/nrfx/libmodules__hal_nordic__nrfx.a(nrfx_gpiote.c.obj)
 .text.nrfx_gpiote_pin_uninit
                0x000000000000ace0        0x4 modules/hal_nordic/nrfx/libmodules__hal_nordic__nrfx.a(nrfx_gpiote.c.obj)
                0x000000000000ace0                nrfx_gpiote_pin_uninit
 .text.nrfx_gpiote_trigger_disable
                0x000000000000ace4        0x4 modules/hal_nordic/nrfx/libmodules__hal_nordic__nrfx.a(nrfx_gpiote.c.obj)
                0x000000000000ace4                nrfx_gpiote_trigger_disable
 .text.xfer_completeness_check
                0x000000000000ace8       0x62 modules/hal_nordic/nrfx/libmodules__hal_nordic__nrfx.a(nrfx_twim.c.obj)
 .text.pins_configure
                0x000000000000ad4a       0x54 modules/hal_nordic/nrfx/libmodules__hal_nordic__nrfx.a(nrfx_twim.c.obj)
 .text.__nrfy_internal_twim_event_handle.isra.0
                0x000000000000ad9e       0x22 modules/hal_nordic/nrfx/libmodules__hal_nordic__nrfx.a(nrfx_twim.c.obj)
 .text.__nrfy_internal_twim_events_process.constprop.0
                0x000000000000adc0       0x54 modules/hal_nordic/nrfx/libmodules__hal_nordic__nrfx.a(nrfx_twim.c.obj)
 .text.nrf_gpio_pin_set
                0x000000000000ae14       0x18 modules/hal_nordic/nrfx/libmodules__hal_nordic__nrfx.a(nrfx_twi_twim.c.obj)
 .text.z_impl_k_busy_wait
                0x000000000000ae2c        0x8 zephyr/kernel/libkernel.a(busy_wait.c.obj)
                0x000000000000ae2c                z_impl_k_busy_wait
 .text.z_device_state_init
                0x000000000000ae34        0x2 zephyr/kernel/libkernel.a(device.c.obj)
                0x000000000000ae34                z_device_state_init
 .text.z_impl_device_is_ready
                0x000000000000ae36       0x16 zephyr/kernel/libkernel.a(device.c.obj)
                0x000000000000ae36                z_impl_device_is_ready
 .text.arch_system_halt
                0x000000000000ae4c       0x10 zephyr/kernel/libkernel.a(fatal.c.obj)
                0x000000000000ae4c                arch_system_halt
 .text.do_device_init
                0x000000000000ae5c       0x30 zephyr/kernel/libkernel.a(init.c.obj)
 .text.z_early_memset
                0x000000000000ae8c        0x4 zephyr/kernel/libkernel.a(init.c.obj)
                0x000000000000ae8c                z_early_memset
 .text.z_early_memcpy
                0x000000000000ae90        0x4 zephyr/kernel/libkernel.a(init.c.obj)
                0x000000000000ae90                z_early_memcpy
 .text.z_init_static
                0x000000000000ae94        0x2 zephyr/kernel/libkernel.a(init_static.c.obj)
                0x000000000000ae94                z_init_static
 .text.create_free_list
                0x000000000000ae96       0x34 zephyr/kernel/libkernel.a(mem_slab.c.obj)
 .text.k_mem_slab_init
                0x000000000000aeca       0x1c zephyr/kernel/libkernel.a(mem_slab.c.obj)
                0x000000000000aeca                k_mem_slab_init
 .text.k_mem_slab_free
                0x000000000000aee6       0x4a zephyr/kernel/libkernel.a(mem_slab.c.obj)
                0x000000000000aee6                k_mem_slab_free
 .text.idle     0x000000000000af30       0x16 zephyr/kernel/libkernel.a(idle.c.obj)
                0x000000000000af30                idle
 .text.adjust_owner_prio.isra.0
                0x000000000000af46       0x10 zephyr/kernel/libkernel.a(mutex.c.obj)
 .text.z_impl_k_mutex_init
                0x000000000000af56        0xe zephyr/kernel/libkernel.a(mutex.c.obj)
                0x000000000000af56                z_impl_k_mutex_init
 .text.z_impl_k_sem_init
                0x000000000000af64       0x18 zephyr/kernel/libkernel.a(sem.c.obj)
                0x000000000000af64                z_impl_k_sem_init
 .text.k_is_in_isr
                0x000000000000af7c        0xc zephyr/kernel/libkernel.a(thread.c.obj)
                0x000000000000af7c                k_is_in_isr
 .text.z_impl_k_thread_name_set
                0x000000000000af88        0x6 zephyr/kernel/libkernel.a(thread.c.obj)
                0x000000000000af88                z_impl_k_thread_name_set
 .text.k_thread_name_get
                0x000000000000af8e        0x4 zephyr/kernel/libkernel.a(thread.c.obj)
                0x000000000000af8e                k_thread_name_get
 .text.z_impl_k_thread_start
                0x000000000000af92        0x4 zephyr/kernel/libkernel.a(thread.c.obj)
                0x000000000000af92                z_impl_k_thread_start
 .text.sys_dlist_remove
                0x000000000000af96       0x10 zephyr/kernel/libkernel.a(sched.c.obj)
 .text.unpend_thread_no_timeout
                0x000000000000afa6       0x14 zephyr/kernel/libkernel.a(sched.c.obj)
 .text.add_to_waitq_locked
                0x000000000000afba       0x50 zephyr/kernel/libkernel.a(sched.c.obj)
 .text.z_ready_thread
                0x000000000000b00a       0x1e zephyr/kernel/libkernel.a(sched.c.obj)
                0x000000000000b00a                z_ready_thread
 .text.z_impl_k_thread_suspend
                0x000000000000b028       0x34 zephyr/kernel/libkernel.a(sched.c.obj)
                0x000000000000b028                z_impl_k_thread_suspend
 .text.z_unpend_thread_no_timeout
                0x000000000000b05c       0x22 zephyr/kernel/libkernel.a(sched.c.obj)
                0x000000000000b05c                z_unpend_thread_no_timeout
 .text.z_sched_wake_thread
                0x000000000000b07e       0x42 zephyr/kernel/libkernel.a(sched.c.obj)
                0x000000000000b07e                z_sched_wake_thread
 .text.z_thread_timeout
                0x000000000000b0c0        0x8 zephyr/kernel/libkernel.a(sched.c.obj)
                0x000000000000b0c0                z_thread_timeout
 .text.z_unpend1_no_timeout
                0x000000000000b0c8       0x2c zephyr/kernel/libkernel.a(sched.c.obj)
                0x000000000000b0c8                z_unpend1_no_timeout
 .text.z_unpend_first_thread
                0x000000000000b0f4       0x36 zephyr/kernel/libkernel.a(sched.c.obj)
                0x000000000000b0f4                z_unpend_first_thread
 .text.z_thread_abort
                0x000000000000b12a       0x44 zephyr/kernel/libkernel.a(sched.c.obj)
                0x000000000000b12a                z_thread_abort
 .text.z_abort_timeout
                0x000000000000b16e       0x2a zephyr/kernel/libkernel.a(timeout.c.obj)
                0x000000000000b16e                z_abort_timeout
 .text.sys_clock_tick_get_32
                0x000000000000b198        0x8 zephyr/kernel/libkernel.a(timeout.c.obj)
                0x000000000000b198                sys_clock_tick_get_32
 .text.z_impl_k_uptime_ticks
                0x000000000000b1a0        0x4 zephyr/kernel/libkernel.a(timeout.c.obj)
                0x000000000000b1a0                z_impl_k_uptime_ticks
 .text.k_timer_init
                0x000000000000b1a4       0x18 zephyr/kernel/libkernel.a(timer.c.obj)
                0x000000000000b1a4                k_timer_init
 .text.z_impl_k_timer_stop
                0x000000000000b1bc       0x38 zephyr/kernel/libkernel.a(timer.c.obj)
                0x000000000000b1bc                z_impl_k_timer_stop
 .text.memcpy   0x000000000000b1f4       0x1a c:\ncs\toolchains\b620d30767\opt\zephyr-sdk\arm-zephyr-eabi\bin\../lib/gcc/../../picolibc/arm-zephyr-eabi/lib/thumb/v8-m.main/nofp\libc.a(memcpy.c.o)
                0x000000000000b1f4                __aeabi_memcpy
                0x000000000000b1f4                __aeabi_memcpy4
                0x000000000000b1f4                __aeabi_memcpy8
                0x000000000000b1f4                memcpy
 .text.memset   0x000000000000b20e       0x10 c:\ncs\toolchains\b620d30767\opt\zephyr-sdk\arm-zephyr-eabi\bin\../lib/gcc/../../picolibc/arm-zephyr-eabi/lib/thumb/v8-m.main/nofp\libc.a(memset.c.o)
                0x000000000000b20e                memset
 .text.strnlen  0x000000000000b21e       0x18 c:\ncs\toolchains\b620d30767\opt\zephyr-sdk\arm-zephyr-eabi\bin\../lib/gcc/../../picolibc/arm-zephyr-eabi/lib/thumb/v8-m.main/nofp\libc.a(libc_string_strnlen.c.o)
                0x000000000000b21e                strnlen
 .text.__ultoa_invert
                0x000000000000b236       0x4e c:\ncs\toolchains\b620d30767\opt\zephyr-sdk\arm-zephyr-eabi\bin\../lib/gcc/../../picolibc/arm-zephyr-eabi/lib/thumb/v8-m.main/nofp\libc.a(libc_tinystdio_vfprintf.c.o)
 .text.mulShiftAll64
                0x000000000000b284      0x174 c:\ncs\toolchains\b620d30767\opt\zephyr-sdk\arm-zephyr-eabi\bin\../lib/gcc/../../picolibc/arm-zephyr-eabi/lib/thumb/v8-m.main/nofp\libc.a(libc_tinystdio_dtoa_ryu.c.o)
 .text.__umul128
                0x000000000000b3f8       0x36 c:\ncs\toolchains\b620d30767\opt\zephyr-sdk\arm-zephyr-eabi\bin\../lib/gcc/../../picolibc/arm-zephyr-eabi/lib/thumb/v8-m.main/nofp\libc.a(libc_tinystdio_ryu_umul128.c.o)
                0x000000000000b3f8                __umul128
 .text.__shiftright128
                0x000000000000b42e       0x3e c:\ncs\toolchains\b620d30767\opt\zephyr-sdk\arm-zephyr-eabi\bin\../lib/gcc/../../picolibc/arm-zephyr-eabi/lib/thumb/v8-m.main/nofp\libc.a(libc_tinystdio_ryu_umul128.c.o)
                0x000000000000b42e                __shiftright128
 .text.__dtox_engine
                0x000000000000b46c      0x12c c:\ncs\toolchains\b620d30767\opt\zephyr-sdk\arm-zephyr-eabi\bin\../lib/gcc/../../picolibc/arm-zephyr-eabi/lib/thumb/v8-m.main/nofp\libc.a(libc_tinystdio_dtox_engine.c.o)
                0x000000000000b46c                __dtox_engine
 .text.__file_str_put
                0x000000000000b598       0x10 c:\ncs\toolchains\b620d30767\opt\zephyr-sdk\arm-zephyr-eabi\bin\../lib/gcc/../../picolibc/arm-zephyr-eabi/lib/thumb/v8-m.main/nofp\libc.a(libc_tinystdio_filestrput.c.o)
                0x000000000000b598                __file_str_put
 *(SORT_BY_ALIGNMENT(.TEXT.*))
 .TEXT.__aeabi_read_tp
                0x000000000000b5a8        0xc zephyr/arch/arch/arm/core/cortex_m/libarch__arm__core__cortex_m.a(__aeabi_read_tp.S.obj)
                0x000000000000b5a8                __aeabi_read_tp
 *(SORT_BY_ALIGNMENT(.gnu.linkonce.t.*))
 *(SORT_BY_ALIGNMENT(.glue_7t))
 .glue_7t       0x000000000000b5b4        0x0 linker stubs
 *(SORT_BY_ALIGNMENT(.glue_7))
 .glue_7        0x000000000000b5b4        0x0 linker stubs
 *(SORT_BY_ALIGNMENT(.vfp11_veneer))
 .vfp11_veneer  0x000000000000b5b4        0x0 linker stubs
 *(SORT_BY_ALIGNMENT(.v4_bx))
 .v4_bx         0x000000000000b5b4        0x0 linker stubs
                0x000000000000b5b4                . = ALIGN (0x4)
                0x000000000000b5b4                __text_region_end = .

.ARM.exidx      0x000000000000b5b4        0x8
                0x000000000000b5b4                __exidx_start = .
 *(SORT_BY_ALIGNMENT(.ARM.exidx*) SORT_BY_ALIGNMENT(gnu.linkonce.armexidx.*))
 .ARM.exidx     0x000000000000b5b4        0x8 c:\ncs\toolchains\b620d30767\opt\zephyr-sdk\arm-zephyr-eabi\bin\../lib/gcc/../../picolibc/arm-zephyr-eabi/lib/thumb/v8-m.main/nofp\libc.a(strlen.S.o)
 .ARM.exidx     0x000000000000b5bc        0x0 c:/ncs/toolchains/b620d30767/opt/zephyr-sdk/arm-zephyr-eabi/bin/../lib/gcc/arm-zephyr-eabi/12.2.0/thumb/v8-m.main/nofp\libgcc.a(_udivmoddi4.o)
                                          0x8 (size before relaxing)
                0x000000000000b5bc                __exidx_end = .
                0x000000000000b5bc                __rodata_region_start = .

initlevel       0x000000000000b5bc       0x90
                0x000000000000b5bc                __init_start = .
                0x000000000000b5bc                __init_EARLY_start = .
 *(SORT_BY_NAME(SORT_BY_ALIGNMENT(.z_init_EARLY?_*)))
 *(SORT_BY_NAME(SORT_BY_ALIGNMENT(.z_init_EARLY??_*)))
                0x000000000000b5bc                __init_PRE_KERNEL_1_start = .
 *(SORT_BY_NAME(SORT_BY_ALIGNMENT(.z_init_PRE_KERNEL_1?_*)))
 .z_init_PRE_KERNEL_10_0_
                0x000000000000b5bc        0x8 zephyr/soc/soc/nrf5340/libsoc__nordic.a(soc.c.obj)
 .z_init_PRE_KERNEL_10_0_
                0x000000000000b5c4        0x8 zephyr/soc/soc/nrf5340/libsoc__nordic.a(nrf53_cpunet_mgmt.c.obj)