Archive member included to satisfy reference by file (symbol)

app/libapp.a(main.c.obj)      (--whole-archive)
app/libapp.a(led.c.obj)       (--whole-archive)
app/libapp.a(fall_detection.c.obj)
                              (--whole-archive)
app/libapp.a(ble_service.c.obj)
                              (--whole-archive)
zephyr/libzephyr.a(heap.c.obj)
                              (--whole-archive)
zephyr/libzephyr.a(cbprintf_packaged.c.obj)
                              (--whole-archive)
zephyr/libzephyr.a(printk.c.obj)
                              (--whole-archive)
zephyr/libzephyr.a(sem.c.obj)
                              (--whole-archive)
zephyr/libzephyr.a(thread_entry.c.obj)
                              (--whole-archive)
zephyr/libzephyr.a(cbprintf_complete.c.obj)
                              (--whole-archive)
zephyr/libzephyr.a(assert.c.obj)
                              (--whole-archive)
zephyr/libzephyr.a(mpsc_pbuf.c.obj)
                              (--whole-archive)
zephyr/libzephyr.a(dec.c.obj)
                              (--whole-archive)
zephyr/libzephyr.a(hex.c.obj)
                              (--whole-archive)
zephyr/libzephyr.a(rb.c.obj)  (--whole-archive)
zephyr/libzephyr.a(timeutil.c.obj)
                              (--whole-archive)
zephyr/libzephyr.a(bitarray.c.obj)
                              (--whole-archive)
zephyr/libzephyr.a(onoff.c.obj)
                              (--whole-archive)
zephyr/libzephyr.a(notify.c.obj)
                              (--whole-archive)
zephyr/libzephyr.a(configs.c.obj)
                              (--whole-archive)
zephyr/libzephyr.a(ipc_service.c.obj)
                              (--whole-archive)
zephyr/libzephyr.a(ipc_rpmsg_static_vrings.c.obj)
                              (--whole-archive)
zephyr/libzephyr.a(ipc_rpmsg.c.obj)
                              (--whole-archive)
zephyr/libzephyr.a(ipc_static_vrings.c.obj)
                              (--whole-archive)
zephyr/libzephyr.a(log_core.c.obj)
                              (--whole-archive)
zephyr/libzephyr.a(log_mgmt.c.obj)
                              (--whole-archive)
zephyr/libzephyr.a(log_cache.c.obj)
                              (--whole-archive)
zephyr/libzephyr.a(log_msg.c.obj)
                              (--whole-archive)
zephyr/libzephyr.a(log_output.c.obj)
                              (--whole-archive)
zephyr/libzephyr.a(log_backend_uart.c.obj)
                              (--whole-archive)
zephyr/libzephyr.a(mem_attr.c.obj)
                              (--whole-archive)
zephyr/libzephyr.a(tracing_none.c.obj)
                              (--whole-archive)
zephyr/libzephyr.a(banner.c.obj)
                              (--whole-archive)
zephyr/libzephyr.a(hci_vs_sdc.c.obj)
                              (--whole-archive)
zephyr/libzephyr.a(host_extensions.c.obj)
                              (--whole-archive)
zephyr/libzephyr.a(flash_map_partition_manager.c.obj)
                              (--whole-archive)
zephyr/libzephyr.a(utils.c.obj)
                              (--whole-archive)
zephyr/libzephyr.a(aes_decrypt.c.obj)
                              (--whole-archive)
zephyr/libzephyr.a(aes_encrypt.c.obj)
                              (--whole-archive)
zephyr/libzephyr.a(cmac_mode.c.obj)
                              (--whole-archive)
zephyr/libzephyr.a(sha256.c.obj)
                              (--whole-archive)
zephyr/libzephyr.a(hmac.c.obj)
                              (--whole-archive)
zephyr/libzephyr.a(hmac_prng.c.obj)
                              (--whole-archive)
zephyr/libzephyr.a(nrf_cc3xx_platform_abort_zephyr.c.obj)
                              (--whole-archive)
zephyr/libzephyr.a(nrf_cc3xx_platform_mutex_zephyr.c.obj)
                              (--whole-archive)
zephyr/arch/common/libarch__common.a(sw_isr_common.c.obj)
                              (--whole-archive)
zephyr/arch/arch/arm/core/libarch__arm__core.a(fatal.c.obj)
                              (--whole-archive)
zephyr/arch/arch/arm/core/libarch__arm__core.a(nmi.c.obj)
                              (--whole-archive)
zephyr/arch/arch/arm/core/libarch__arm__core.a(nmi_on_reset.S.obj)
                              (--whole-archive)
zephyr/arch/arch/arm/core/libarch__arm__core.a(tls.c.obj)
                              (--whole-archive)
zephyr/arch/arch/arm/core/cortex_m/libarch__arm__core__cortex_m.a(exc_exit.c.obj)
                              (--whole-archive)
zephyr/arch/arch/arm/core/cortex_m/libarch__arm__core__cortex_m.a(fault.c.obj)
                              (--whole-archive)
zephyr/arch/arch/arm/core/cortex_m/libarch__arm__core__cortex_m.a(fault_s.S.obj)
                              (--whole-archive)
zephyr/arch/arch/arm/core/cortex_m/libarch__arm__core__cortex_m.a(fpu.c.obj)
                              (--whole-archive)
zephyr/arch/arch/arm/core/cortex_m/libarch__arm__core__cortex_m.a(reset.S.obj)
                              (--whole-archive)
[...]
Memory Configuration

Name             Origin             Length             Attributes
FLASH            0x0000000000000000 0x0000000000100000 xr
RAM              0x0000000020000000 0x0000000000070000 xw
IDT_LIST         0x00000000ffff7fff 0x0000000000008000 xw
*default*        0x0000000000000000 0xffffffffffffffff

Linker script and memory map

                0x000000000000fa70                vfprintf = __d_vfprintf
                0x0000000000000000                vfscanf = __d_vfscanf
LOAD zephyr/CMakeFiles/zephyr_final.dir/misc/empty_file.c.obj
LOAD zephyr/CMakeFiles/zephyr_final.dir/isr_tables.c.obj
LOAD zephyr/CMakeFiles/offsets.dir/./arch/arm/core/offsets/offsets.c.obj
LOAD app/libapp.a
LOAD zephyr/libzephyr.a
LOAD zephyr/arch/common/libarch__common.a
LOAD zephyr/arch/arch/arm/core/libarch__arm__core.a
LOAD zephyr/arch/arch/arm/core/cortex_m/libarch__arm__core__cortex_m.a
LOAD zephyr/arch/arch/arm/core/cortex_m/cmse/libarch__arm__core__cortex_m__cmse.a
LOAD zephyr/arch/arch/arm/core/mpu/libarch__arm__core__mpu.a
LOAD zephyr/lib/libc/picolibc/liblib__libc__picolibc.a
LOAD zephyr/lib/libc/common/liblib__libc__common.a
LOAD zephyr/lib/net_buf/liblib__net_buf.a
LOAD zephyr/soc/soc/nrf5340/libsoc__nordic.a
LOAD zephyr/subsys/bluetooth/common/libsubsys__bluetooth__common.a
LOAD zephyr/subsys/bluetooth/host/libsubsys__bluetooth__host.a
LOAD zephyr/drivers/bluetooth/libdrivers__bluetooth.a
LOAD zephyr/drivers/clock_control/libdrivers__clock_control.a
LOAD zephyr/drivers/console/libdrivers__console.a
LOAD zephyr/drivers/gpio/libdrivers__gpio.a
LOAD zephyr/drivers/i2c/libdrivers__i2c.a
LOAD zephyr/drivers/mbox/libdrivers__mbox.a
LOAD zephyr/drivers/pinctrl/libdrivers__pinctrl.a
LOAD zephyr/drivers/sensor/bosch/bmi270/libdrivers__sensor__bosch__bmi270.a
LOAD zephyr/drivers/serial/libdrivers__serial.a
LOAD zephyr/drivers/timer/libdrivers__timer.a
LOAD modules/nrf/drivers/hw_cc3xx/lib..__nrf__drivers__hw_cc3xx.a
LOAD modules/hal_nordic/nrfx/libmodules__hal_nordic__nrfx.a
LOAD modules/libmetal/libmetal/lib/libmetal.a
LOAD modules/open-amp/open-amp/lib/libopen_amp.a
LOAD zephyr/kernel/libkernel.a
LOAD zephyr/arch/common/libisr_tables.a
LOAD /opt/nordic/ncs/v2.9.0/nrfxlib/crypto/nrf_cc312_platform/lib/cortex-m33/soft-float/no-interrupts/libnrf_cc312_platform_0.9.19.a
LOAD /opt/nordic/ncs/toolchains/b8efef2ad5/opt/zephyr-sdk/arm-zephyr-eabi/bin/../lib/gcc/../../picolibc/arm-zephyr-eabi/lib/thumb/v8-m.main/nofp/libc.a
LOAD /opt/nordic/ncs/toolchains/b8efef2ad5/opt/zephyr-sdk/arm-zephyr-eabi/bin/../lib/gcc/arm-zephyr-eabi/12.2.0/thumb/v8-m.main/nofp/libgcc.a
                0x0000000000000020                _region_min_align = 0x20

.rel.plt        0x0000000000000000        0x0
 *(SORT_BY_ALIGNMENT(.rel.plt))
                [!provide]                        PROVIDE (__rel_iplt_start = .)
 *(SORT_BY_ALIGNMENT(.rel.iplt))
 .rel.iplt      0x0000000000000000        0x0 zephyr/CMakeFiles/zephyr_final.dir/isr_tables.c.obj
                [!provide]                        PROVIDE (__rel_iplt_end = .)

.rela.plt       0x0000000000000000        0x0
 *(SORT_BY_ALIGNMENT(.rela.plt))
                [!provide]                        PROVIDE (__rela_iplt_start = .)
 *(SORT_BY_ALIGNMENT(.rela.iplt))
                [!provide]                        PROVIDE (__rela_iplt_end = .)

.rel.dyn
 *(SORT_BY_ALIGNMENT(.rel.*))

.rela.dyn
 *(SORT_BY_ALIGNMENT(.rela.*))

/DISCARD/
 *(SORT_BY_ALIGNMENT(.plt))

/DISCARD/
 *(SORT_BY_ALIGNMENT(.iplt))
                0x0000000000000000                __rom_region_start = 0x0

rom_start       0x0000000000000000      0x154
                0x0000000000000000                __rom_start_address = .
 FILL mask 0x00
                0x0000000000000000                . = (. + (0x0 - (. - __rom_start_address)))
                0x0000000000000000                . = ALIGN (0x4)
                0x0000000000000000                . = ALIGN (0x80)
                0x0000000000000000                . = ALIGN (0x200)
                0x0000000000000000                _vector_start = .
 *(SORT_BY_ALIGNMENT(.exc_vector_table))
 *(SORT_BY_ALIGNMENT(.exc_vector_table.*))
 .exc_vector_table._vector_table_section
                0x0000000000000000       0x40 zephyr/arch/arch/arm/core/cortex_m/libarch__arm__core__cortex_m.a(vector_table.S.obj)
                0x0000000000000000                _vector_table
 *(SORT_BY_ALIGNMENT(.vectors))
                0x0000000000000154                _vector_end = .
                0x0000000000000040                . = ALIGN (0x4)
 *(SORT_BY_ALIGNMENT(.gnu.linkonce.irq_vector_table*))
 .gnu.linkonce.irq_vector_table
                0x0000000000000040      0x114 zephyr/CMakeFiles/zephyr_final.dir/isr_tables.c.obj
                0x0000000000000040                _irq_vector_table
                0x0000000000000154                _vector_end = .

text            0x0000000000000158    0x16580
                0x0000000000000158                __text_region_start = .
 *(SORT_BY_ALIGNMENT(.text))
 .text          0x0000000000000158      0x168 /opt/nordic/ncs/toolchains/b8efef2ad5/opt/zephyr-sdk/arm-zephyr-eabi/bin/../lib/gcc/arm-zephyr-eabi/12.2.0/thumb/v8-m.main/nofp/libgcc.a(_arm_mulsf3.o)
                0x0000000000000158                __mulsf3
                0x0000000000000158                __aeabi_fmul
 .text          0x00000000000002c0      0x378 /opt/nordic/ncs/toolchains/b8efef2ad5/opt/zephyr-sdk/arm-zephyr-eabi/bin/../lib/gcc/arm-zephyr-eabi/12.2.0/thumb/v8-m.main/nofp/libgcc.a(_arm_addsubdf3.o)
                0x00000000000002c0                __aeabi_drsub
                0x00000000000002c8                __subdf3
                0x00000000000002c8                __aeabi_dsub
                0x00000000000002cc                __aeabi_dadd
                0x00000000000002cc                __adddf3
                0x0000000000000544                __aeabi_ui2d
                0x0000000000000544                __floatunsidf
                0x0000000000000564                __floatsidf
                0x0000000000000564                __aeabi_i2d
                0x0000000000000588                __extendsfdf2
                0x0000000000000588                __aeabi_f2d
                0x00000000000005cc                __aeabi_ul2d
                0x00000000000005cc                __floatundidf
                0x00000000000005dc                __aeabi_l2d
                0x00000000000005dc                __floatdidf
 .text          0x0000000000000638      0x424 /opt/nordic/ncs/toolchains/b8efef2ad5/opt/zephyr-sdk/arm-zephyr-eabi/bin/../lib/gcc/arm-zephyr-eabi/12.2.0/thumb/v8-m.main/nofp/libgcc.a(_arm_muldivdf3.o)
                0x0000000000000638                __aeabi_dmul
                0x0000000000000638                __muldf3
                0x000000000000088c                __aeabi_ddiv
                0x000000000000088c                __divdf3
 .text          0x0000000000000a5c      0x110 /opt/nordic/ncs/toolchains/b8efef2ad5/opt/zephyr-sdk/arm-zephyr-eabi/bin/../lib/gcc/arm-zephyr-eabi/12.2.0/thumb/v8-m.main/nofp/libgcc.a(_arm_cmpdf2.o)
                0x0000000000000a5c                __gedf2
                0x0000000000000a5c                __gtdf2
                0x0000000000000a64                __ledf2
                0x0000000000000a64                __ltdf2
                0x0000000000000a6c                __cmpdf2
                0x0000000000000a6c                __eqdf2
                0x0000000000000a6c                __nedf2
                0x0000000000000ae8                __aeabi_cdrcmple
                0x0000000000000af8                __aeabi_cdcmple
                0x0000000000000af8                __aeabi_cdcmpeq
                0x0000000000000b08                __aeabi_dcmpeq
                0x0000000000000b1c                __aeabi_dcmplt
                0x0000000000000b30                __aeabi_dcmple
                0x0000000000000b44                __aeabi_dcmpge
                0x0000000000000b58                __aeabi_dcmpgt
 .text          0x0000000000000b6c       0xa0 /opt/nordic/ncs/toolchains/b8efef2ad5/opt/zephyr-sdk/arm-zephyr-eabi/bin/../lib/gcc/arm-zephyr-eabi/12.2.0/thumb/v8-m.main/nofp/libgcc.a(_arm_truncdfsf2.o)
                0x0000000000000b6c                __aeabi_d2f
                0x0000000000000b6c                __truncdfsf2
 .text          0x0000000000000c0c      0x21c /opt/nordic/ncs/toolchains/b8efef2ad5/opt/zephyr-sdk/arm-zephyr-eabi/bin/../lib/gcc/arm-zephyr-eabi/12.2.0/thumb/v8-m.main/nofp/libgcc.a(_arm_addsubsf3.o)
                0x0000000000000c0c                __aeabi_frsub
                0x0000000000000c14                __aeabi_fsub
                0x0000000000000c14                __subsf3
                0x0000000000000c18                __aeabi_fadd
                0x0000000000000c18                __addsf3
                0x0000000000000d78                __aeabi_ui2f
                0x0000000000000d78                __floatunsisf
                0x0000000000000d80                __floatsisf
                0x0000000000000d80                __aeabi_i2f
                0x0000000000000d9c                __aeabi_ul2f
                0x0000000000000d9c                __floatundisf
                0x0000000000000dac                __aeabi_l2f
                0x0000000000000dac                __floatdisf
 .text          0x0000000000000e28       0xa0 /opt/nordic/ncs/toolchains/b8efef2ad5/opt/zephyr-sdk/arm-zephyr-eabi/bin/../lib/gcc/arm-zephyr-eabi/12.2.0/thumb/v8-m.main/nofp/libgcc.a(_aeabi_ldivmod.o)
                0x0000000000000e28                __aeabi_ldivmod
 .text          0x0000000000000ec8       0x30 /opt/nordic/ncs/toolchains/b8efef2ad5/opt/zephyr-sdk/arm-zephyr-eabi/bin/../lib/gcc/arm-zephyr-eabi/12.2.0/thumb/v8-m.main/nofp/libgcc.a(_aeabi_uldivmod.o)
                0x0000000000000ec8                __aeabi_uldivmod
 .text          0x0000000000000ef8        0x4 /opt/nordic/ncs/toolchains/b8efef2ad5/opt/zephyr-sdk/arm-zephyr-eabi/bin/../lib/gcc/arm-zephyr-eabi/12.2.0/thumb/v8-m.main/nofp/libgcc.a(_dvmd_tls.o)
                0x0000000000000ef8                __aeabi_ldiv0
                0x0000000000000ef8                __aeabi_idiv0
 .text          0x0000000000000efc       0x14 /opt/nordic/ncs/toolchains/b8efef2ad5/opt/zephyr-sdk/arm-zephyr-eabi/bin/../lib/gcc/../../picolibc/arm-zephyr-eabi/lib/thumb/v8-m.main/nofp/libc.a(strcmp.S.o)
                0x0000000000000efc                strcmp
 .text          0x0000000000000f10       0x10 /opt/nordic/ncs/toolchains/b8efef2ad5/opt/zephyr-sdk/arm-zephyr-eabi/bin/../lib/gcc/../../picolibc/arm-zephyr-eabi/lib/thumb/v8-m.main/nofp/libc.a(strcpy.S.o)
                0x0000000000000f10                strcpy
 .text          0x0000000000000f20       0x10 /opt/nordic/ncs/toolchains/b8efef2ad5/opt/zephyr-sdk/arm-zephyr-eabi/bin/../lib/gcc/../../picolibc/arm-zephyr-eabi/lib/thumb/v8-m.main/nofp/libc.a(strlen.S.o)
                0x0000000000000f20                strlen
 .text          0x0000000000000f30      0x29c /opt/nordic/ncs/toolchains/b8efef2ad5/opt/zephyr-sdk/arm-zephyr-eabi/bin/../lib/gcc/arm-zephyr-eabi/12.2.0/thumb/v8-m.main/nofp/libgcc.a(_udivmoddi4.o)
                0x0000000000000f30                __udivmoddi4
 *(SORT_BY_ALIGNMENT(.text.*))
 *fill*         0x00000000000011cc        0x4 
 .text.compute_total_acceleration
                0x00000000000011d0       0xd0 app/libapp.a(fall_detection.c.obj)
                0x00000000000011d0                compute_total_acceleration
 .text.bmi270_channel_get
                0x00000000000012a0      0x1e8 zephyr/drivers/sensor/bosch/bmi270/libdrivers__sensor__bosch__bmi270.a(bmi270.c.obj)
 .text.set_accel_odr_osr
                0x0000000000001488      0x398 zephyr/drivers/sensor/bosch/bmi270/libdrivers__sensor__bosch__bmi270.a(bmi270.c.obj)
 .text.set_gyro_odr_osr
                0x0000000000001820      0x270 zephyr/drivers/sensor/bosch/bmi270/libdrivers__sensor__bosch__bmi270.a(bmi270.c.obj)
 .text.main     0x0000000000001a90       0x1c app/libapp.a(main.c.obj)
                0x0000000000001a90                main
 .text.led_init
                0x0000000000001aac       0x30 app/libapp.a(led.c.obj)
                0x0000000000001aac                led_init
 .text.led_thread
                0x0000000000001adc       0x3c app/libapp.a(led.c.obj)
                0x0000000000001adc                led_thread
 .text.sensor_init
                0x0000000000001b18       0x70 app/libapp.a(fall_detection.c.obj)
                0x0000000000001b18                sensor_init
 .text.detect_fall_thread
                0x0000000000001b88      0x15c app/libapp.a(fall_detection.c.obj)
                0x0000000000001b88                detect_fall_thread
 .text.on_connected.part.0
                0x0000000000001ce4       0x14 app/libapp.a(ble_service.c.obj)
 .text.on_connected
                0x0000000000001cf8       0x34 app/libapp.a(ble_service.c.obj)
                0x0000000000001cf8                on_connected
 .text.on_disconnected
                0x0000000000001d2c       0x28 app/libapp.a(ble_service.c.obj)
                0x0000000000001d2c                on_disconnected
 .text.ble_service_init
                0x0000000000001d54       0x94 app/libapp.a(ble_service.c.obj)
                0x0000000000001d54                ble_service_init
 .text.cbvprintf_package
                0x0000000000001de8      0x3a4 zephyr/libzephyr.a(cbprintf_packaged.c.obj)
                0x0000000000001de8                cbvprintf_package
 .text.cbprintf_package_convert
                0x000000000000218c      0x3c0 zephyr/libzephyr.a(cbprintf_packaged.c.obj)
                0x000000000000218c                cbprintf_package_convert
 .text.__printk_hook_install
                0x000000000000254c        0xc zephyr/libzephyr.a(printk.c.obj)
                0x000000000000254c                __printk_hook_install
 .text.z_thread_entry
                0x0000000000002558       0x34 zephyr/libzephyr.a(thread_entry.c.obj)
                0x0000000000002558                z_thread_entry
 .text.process_event
                0x000000000000258c      0x21c zephyr/libzephyr.a(onoff.c.obj)
 .text.ipc_service_open_instance
                0x00000000000027a8       0x40 zephyr/libzephyr.a(ipc_service.c.obj)
                0x00000000000027a8                ipc_service_open_instance
 .text.ipc_service_close_instance
                0x00000000000027e8       0x40 zephyr/libzephyr.a(ipc_service.c.obj)
                0x00000000000027e8                ipc_service_close_instance
 .text.ipc_service_register_endpoint
                0x0000000000002828       0x44 zephyr/libzephyr.a(ipc_service.c.obj)
                0x0000000000002828                ipc_service_register_endpoint
 .text.ipc_service_deregister_endpoint
                0x000000000000286c       0x58 zephyr/libzephyr.a(ipc_service.c.obj)
                0x000000000000286c                ipc_service_deregister_endpoint
 .text.ipc_service_send
                0x00000000000028c4       0x5c zephyr/libzephyr.a(ipc_service.c.obj)
                0x00000000000028c4                ipc_service_send
 .text.shared_memory_prepare
                0x0000000000002920       0x14 zephyr/libzephyr.a(ipc_rpmsg_static_vrings.c.obj)
 .text.advertise_ept
                0x0000000000002934       0x44 zephyr/libzephyr.a(ipc_rpmsg_static_vrings.c.obj)
 .text.get_ept  0x0000000000002978       0x28 zephyr/libzephyr.a(ipc_rpmsg_static_vrings.c.obj)
 .text.open     0x00000000000029a0      0x1b8 zephyr/libzephyr.a(ipc_rpmsg_static_vrings.c.obj)
 .text.bound_cb
                0x0000000000002b58       0x30 zephyr/libzephyr.a(ipc_rpmsg_static_vrings.c.obj)
 .text.send     0x0000000000002b88       0x4c zephyr/libzephyr.a(ipc_rpmsg_static_vrings.c.obj)
 .text.register_ept
                0x0000000000002bd4       0xe0 zephyr/libzephyr.a(ipc_rpmsg_static_vrings.c.obj)
 .text.deregister_ept
                0x0000000000002cb4       0x44 zephyr/libzephyr.a(ipc_rpmsg_static_vrings.c.obj)
 .text.ns_bind_cb
                0x0000000000002cf8       0x6c zephyr/libzephyr.a(ipc_rpmsg.c.obj)
 .text.ipc_rpmsg_register_ept
                0x0000000000002d64       0x3c zephyr/libzephyr.a(ipc_rpmsg.c.obj)
                0x0000000000002d64                ipc_rpmsg_register_ept
 .text.ipc_rpmsg_init
                0x0000000000002da0       0x70 zephyr/libzephyr.a(ipc_rpmsg.c.obj)
                0x0000000000002da0                ipc_rpmsg_init
 .text.ipc_static_vrings_init
                0x0000000000002e10      0x108 zephyr/libzephyr.a(ipc_static_vrings.c.obj)
                0x0000000000002e10                ipc_static_vrings_init
 .text.activate_foreach_backend
                0x0000000000002f18       0x64 zephyr/libzephyr.a(log_core.c.obj)
 .text.enable_logger
                0x0000000000002f7c       0x5c zephyr/libzephyr.a(log_core.c.obj)
 .text.log_process_thread_timer_expiry_fn
                0x0000000000002fd8        0xc zephyr/libzephyr.a(log_core.c.obj)
 .text.z_log_init
                0x0000000000002fe4       0x90 zephyr/libzephyr.a(log_core.c.obj)
 .text.log_format_func_t_get
                0x0000000000003074        0xc zephyr/libzephyr.a(log_core.c.obj)
                0x0000000000003074                log_format_func_t_get
 .text.log_set_timestamp_func
                0x0000000000003080       0x20 zephyr/libzephyr.a(log_core.c.obj)
                0x0000000000003080                log_set_timestamp_func
 .text.z_log_notify_backend_enabled
                0x00000000000030a0       0x1c zephyr/libzephyr.a(log_core.c.obj)
                0x00000000000030a0                z_log_notify_backend_enabled
 .text.z_log_dropped
                0x00000000000030bc       0x3c zephyr/libzephyr.a(log_core.c.obj)
                0x00000000000030bc                z_log_dropped
 .text.z_log_dropped_read_and_clear
                0x00000000000030f8       0x18 zephyr/libzephyr.a(log_core.c.obj)
                0x00000000000030f8                z_log_dropped_read_and_clear
 .text.dropped_notify
                0x0000000000003110       0x30 zephyr/libzephyr.a(log_core.c.obj)
                0x0000000000003110                dropped_notify
 .text.z_log_msg_init
                0x0000000000003140       0x20 zephyr/libzephyr.a(log_core.c.obj)
                0x0000000000003140                z_log_msg_init
 .text.log_core_init
                0x0000000000003160       0x34 zephyr/libzephyr.a(log_core.c.obj)
                0x0000000000003160                log_core_init
 .text.z_log_msg_alloc
                0x0000000000003194       0x10 zephyr/libzephyr.a(log_core.c.obj)
                0x0000000000003194                z_log_msg_alloc
 .text.z_log_msg_local_claim
                0x00000000000031a4        0xc zephyr/libzephyr.a(log_core.c.obj)
                0x00000000000031a4                z_log_msg_local_claim
 .text.z_log_msg_free
                0x00000000000031b0       0x10 zephyr/libzephyr.a(log_core.c.obj)
                0x00000000000031b0                z_log_msg_free
 .text.z_log_msg_pending
                0x00000000000031c0        0xc zephyr/libzephyr.a(log_core.c.obj)
                0x00000000000031c0                z_log_msg_pending
 .text.z_impl_log_process
                0x00000000000031cc       0xb4 zephyr/libzephyr.a(log_core.c.obj)
                0x00000000000031cc                z_impl_log_process
 .text.z_impl_log_panic
                0x0000000000003280       0x44 zephyr/libzephyr.a(log_core.c.obj)
                0x0000000000003280                z_impl_log_panic
 .text.log_process_thread_func
                0x00000000000032c4       0xa4 zephyr/libzephyr.a(log_core.c.obj)
 .text.z_log_msg_post_finalize
                0x0000000000003368       0x78 zephyr/libzephyr.a(log_core.c.obj)
 .text.z_log_msg_commit
                0x00000000000033e0       0x24 zephyr/libzephyr.a(log_core.c.obj)
                0x00000000000033e0                z_log_msg_commit
 .text.log_source_name_get
                0x0000000000003404       0x1c zephyr/libzephyr.a(log_mgmt.c.obj)
                0x0000000000003404                log_source_name_get
 .text.log_backend_enable
                0x0000000000003420       0x28 zephyr/libzephyr.a(log_mgmt.c.obj)
                0x0000000000003420                log_backend_enable
 .text.z_impl_z_log_msg_static_create
                0x0000000000003448      0x108 zephyr/libzephyr.a(log_msg.c.obj)
                0x0000000000003448                z_impl_z_log_msg_static_create
 .text.z_log_msg_runtime_vcreate
                0x0000000000003550       0xa0 zephyr/libzephyr.a(log_msg.c.obj)
                0x0000000000003550                z_log_msg_runtime_vcreate
 .text.log_msg_get_source_id
                0x00000000000035f0       0x18 zephyr/libzephyr.a(log_msg.c.obj)
                0x00000000000035f0                log_msg_get_source_id
 .text.print_formatted
                0x0000000000003608       0x24 zephyr/libzephyr.a(log_output.c.obj)
 .text.newline_print
                0x000000000000362c       0x1c zephyr/libzephyr.a(log_output.c.obj)
 .text.log_output_process
                0x0000000000003648      0x2d4 zephyr/libzephyr.a(log_output.c.obj)
                0x0000000000003648                log_output_process
 .text.log_output_dropped_process
                0x000000000000391c       0x58 zephyr/libzephyr.a(log_output.c.obj)
                0x000000000000391c                log_output_dropped_process
 .text.log_output_timestamp_freq_set
                0x0000000000003974       0x2c zephyr/libzephyr.a(log_output.c.obj)
                0x0000000000003974                log_output_timestamp_freq_set
 .text.char_out
                0x00000000000039a0       0x24 zephyr/libzephyr.a(log_backend_uart.c.obj)
 .text.mem_attr_get_regions
                0x00000000000039c4        0xc zephyr/libzephyr.a(mem_attr.c.obj)
                0x00000000000039c4                mem_attr_get_regions
 .text.boot_banner
                0x00000000000039d0       0x1c zephyr/libzephyr.a(banner.c.obj)
                0x00000000000039d0                boot_banner
 .text.sub_bytes
                0x00000000000039ec       0x18 zephyr/libzephyr.a(aes_encrypt.c.obj)
 .text.tc_aes128_set_encrypt_key
                0x0000000000003a04       0xa8 zephyr/libzephyr.a(aes_encrypt.c.obj)
                0x0000000000003a04                tc_aes128_set_encrypt_key
 .text.compress
                0x0000000000003aac      0x1d4 zephyr/libzephyr.a(sha256.c.obj)
 .text.tc_sha256_init
                0x0000000000003c80       0x58 zephyr/libzephyr.a(sha256.c.obj)
                0x0000000000003c80                tc_sha256_init
 .text.nrf_cc3xx_platform_abort_init
                0x0000000000003cd8        0xc zephyr/libzephyr.a(nrf_cc3xx_platform_abort_zephyr.c.obj)
                0x0000000000003cd8                nrf_cc3xx_platform_abort_init
 .text.mutex_free_platform
                0x0000000000003ce4       0x54 zephyr/libzephyr.a(nrf_cc3xx_platform_mutex_zephyr.c.obj)
 .text.mutex_lock_platform
                0x0000000000003d38       0x74 zephyr/libzephyr.a(nrf_cc3xx_platform_mutex_zephyr.c.obj)
 .text.mutex_unlock_platform
                0x0000000000003dac       0x68 zephyr/libzephyr.a(nrf_cc3xx_platform_mutex_zephyr.c.obj)
 .text.mutex_init_platform
                0x0000000000003e14       0x94 zephyr/libzephyr.a(nrf_cc3xx_platform_mutex_zephyr.c.obj)
 .text.nrf_cc3xx_platform_mutex_init
                0x0000000000003ea8       0x2c zephyr/libzephyr.a(nrf_cc3xx_platform_mutex_zephyr.c.obj)
                0x0000000000003ea8                nrf_cc3xx_platform_mutex_init
 .text.z_arm_fatal_error
                0x0000000000003ed4       0xb8 zephyr/arch/arch/arm/core/libarch__arm__core.a(fatal.c.obj)
                0x0000000000003ed4                z_arm_fatal_error
 .text.z_SysNmiOnReset
                0x0000000000003f8c        0x8 zephyr/arch/arch/arm/core/libarch__arm__core.a(nmi_on_reset.S.obj)
                0x0000000000003f8c                z_SysNmiOnReset
 .text.arch_tls_stack_setup
                0x0000000000003f94       0x40 zephyr/arch/arch/arm/core/libarch__arm__core.a(tls.c.obj)
                0x0000000000003f94                arch_tls_stack_setup
 .text._HandlerModeExit
                0x0000000000003fd4       0x28 zephyr/arch/arch/arm/core/cortex_m/libarch__arm__core__cortex_m.a(exc_exit.c.obj)
                0x0000000000003fd4                z_arm_exc_exit
                0x0000000000003fd4                z_arm_int_exit
 .text.mem_manage_fault.constprop.0
                0x0000000000003ffc       0xd0 zephyr/arch/arch/arm/core/cortex_m/libarch__arm__core__cortex_m.a(fault.c.obj)
 .text.usage_fault.constprop.0
                0x00000000000040cc       0xbc zephyr/arch/arch/arm/core/cortex_m/libarch__arm__core__cortex_m.a(fault.c.obj)
 .text.bus_fault.constprop.0
                0x0000000000004188       0xd0 zephyr/arch/arch/arm/core/cortex_m/libarch__arm__core__cortex_m.a(fault.c.obj)
 .text.z_arm_fault
                0x0000000000004258      0x1d0 zephyr/arch/arch/arm/core/cortex_m/libarch__arm__core__cortex_m.a(fault.c.obj)
                0x0000000000004258                z_arm_fault
 .text.z_arm_fault_init
                0x0000000000004428       0x20 zephyr/arch/arch/arm/core/cortex_m/libarch__arm__core__cortex_m.a(fault.c.obj)
                0x0000000000004428                z_arm_fault_init
 .text.__fault  0x0000000000004448       0x14 zephyr/arch/arch/arm/core/cortex_m/libarch__arm__core__cortex_m.a(fault_s.S.obj)
                0x0000000000004448                z_arm_bus_fault
                0x0000000000004448                z_arm_usage_fault
                0x0000000000004448                z_arm_mpu_fault
                0x0000000000004448                z_arm_exc_spurious
                0x0000000000004448                z_arm_debug_monitor
                0x0000000000004448                z_arm_hard_fault
 .text._reset_section
                0x000000000000445c       0x60 zephyr/arch/arch/arm/core/cortex_m/libarch__arm__core__cortex_m.a(reset.S.obj)
                0x000000000000445c                z_arm_reset
                0x000000000000445c                __start
 .text.z_arm_clear_arm_mpu_config
                0x00000000000044bc       0x24 zephyr/arch/arch/arm/core/cortex_m/libarch__arm__core__cortex_m.a(scb.c.obj)
                0x00000000000044bc                z_arm_clear_arm_mpu_config
 .text.z_arm_init_arch_hw_at_boot
                0x00000000000044e0       0x4c zephyr/arch/arch/arm/core/cortex_m/libarch__arm__core__cortex_m.a(scb.c.obj)
                0x00000000000044e0                z_arm_init_arch_hw_at_boot
 .text.z_impl_k_thread_abort
                0x000000000000452c       0x2c zephyr/arch/arch/arm/core/cortex_m/libarch__arm__core__cortex_m.a(thread_abort.c.obj)
                0x000000000000452c                z_impl_k_thread_abort
 .text.arch_swap
                0x0000000000004558       0x30 zephyr/arch/arch/arm/core/cortex_m/libarch__arm__core__cortex_m.a(swap.c.obj)
                0x0000000000004558                arch_swap
 .text.z_arm_pendsv_c
                0x0000000000004588       0x40 zephyr/arch/arch/arm/core/cortex_m/libarch__arm__core__cortex_m.a(swap.c.obj)
                0x0000000000004588                z_arm_pendsv_c
 .text.z_arm_pendsv
                0x00000000000045c8       0x40 zephyr/arch/arch/arm/core/cortex_m/libarch__arm__core__cortex_m.a(swap_helper.S.obj)
                0x00000000000045c8                z_arm_pendsv
 .text.z_arm_svc
                0x0000000000004608       0x20 zephyr/arch/arch/arm/core/cortex_m/libarch__arm__core__cortex_m.a(swap_helper.S.obj)
                0x0000000000004608                z_arm_svc
 .text.arch_irq_enable
                0x0000000000004628       0x1c zephyr/arch/arch/arm/core/cortex_m/libarch__arm__core__cortex_m.a(irq_manage.c.obj)
                0x0000000000004628                arch_irq_enable
 .text.arch_irq_disable
                0x0000000000004644       0x28 zephyr/arch/arch/arm/core/cortex_m/libarch__arm__core__cortex_m.a(irq_manage.c.obj)
                0x0000000000004644                arch_irq_disable
 .text.arch_irq_is_enabled
                0x000000000000466c       0x1c zephyr/arch/arch/arm/core/cortex_m/libarch__arm__core__cortex_m.a(irq_manage.c.obj)
                0x000000000000466c                arch_irq_is_enabled
 .text.z_arm_irq_priority_set
                0x0000000000004688       0x2c zephyr/arch/arch/arm/core/cortex_m/libarch__arm__core__cortex_m.a(irq_manage.c.obj)
                0x0000000000004688                z_arm_irq_priority_set
 .text.z_prep_c
                0x00000000000046b4       0x38 zephyr/arch/arch/arm/core/cortex_m/libarch__arm__core__cortex_m.a(prep_c.c.obj)
                0x00000000000046b4                z_prep_c
 .text.arch_new_thread
                0x00000000000046ec       0x38 zephyr/arch/arch/arm/core/cortex_m/libarch__arm__core__cortex_m.a(thread.c.obj)
                0x00000000000046ec                arch_new_thread
 .text.arch_switch_to_main_thread
                0x0000000000004724       0x48 zephyr/arch/arch/arm/core/cortex_m/libarch__arm__core__cortex_m.a(thread.c.obj)
                0x0000000000004724                arch_switch_to_main_thread
 .text.z_arm_cpu_idle_init
                0x000000000000476c        0xc zephyr/arch/arch/arm/core/cortex_m/libarch__arm__core__cortex_m.a(cpu_idle.c.obj)
                0x000000000000476c                z_arm_cpu_idle_init
 .text.z_arm_interrupt_init
                0x0000000000004778       0x18 zephyr/arch/arch/arm/core/cortex_m/libarch__arm__core__cortex_m.a(irq_init.c.obj)
                0x0000000000004778                z_arm_interrupt_init
 .text._isr_wrapper
                0x0000000000004790       0x24 zephyr/arch/arch/arm/core/cortex_m/libarch__arm__core__cortex_m.a(isr_wrapper.c.obj)
                0x0000000000004790                _isr_wrapper
 .text.z_arm_configure_static_mpu_regions
                0x00000000000047b4       0x38 zephyr/arch/arch/arm/core/mpu/libarch__arm__core__mpu.a(arm_core_mpu.c.obj)
                0x00000000000047b4                z_arm_configure_static_mpu_regions
 .text.region_init
                0x00000000000047ec       0x34 zephyr/arch/arch/arm/core/mpu/libarch__arm__core__mpu.a(arm_mpu.c.obj)
 .text.region_allocate_and_init
                0x0000000000004820       0x38 zephyr/arch/arch/arm/core/mpu/libarch__arm__core__mpu.a(arm_mpu.c.obj)
 .text.mpu_configure_regions_and_partition.constprop.0
                0x0000000000004858      0x164 zephyr/arch/arch/arm/core/mpu/libarch__arm__core__mpu.a(arm_mpu.c.obj)
 .text.arm_core_mpu_enable
                0x00000000000049bc       0x18 zephyr/arch/arch/arm/core/mpu/libarch__arm__core__mpu.a(arm_mpu.c.obj)
                0x00000000000049bc                arm_core_mpu_enable
 .text.arm_core_mpu_disable
                0x00000000000049d4       0x14 zephyr/arch/arch/arm/core/mpu/libarch__arm__core__mpu.a(arm_mpu.c.obj)
                0x00000000000049d4                arm_core_mpu_disable
 .text.arm_core_mpu_configure_static_mpu_regions
                0x00000000000049e8       0x14 zephyr/arch/arch/arm/core/mpu/libarch__arm__core__mpu.a(arm_mpu.c.obj)
                0x00000000000049e8                arm_core_mpu_configure_static_mpu_regions
 .text.arm_core_mpu_mark_areas_for_dynamic_regions
                0x00000000000049fc       0xb8 zephyr/arch/arch/arm/core/mpu/libarch__arm__core__mpu.a(arm_mpu.c.obj)
                0x00000000000049fc                arm_core_mpu_mark_areas_for_dynamic_regions
 .text.z_arm_mpu_init
                0x0000000000004ab4      0x11c zephyr/arch/arch/arm/core/mpu/libarch__arm__core__mpu.a(arm_mpu.c.obj)
                0x0000000000004ab4                z_arm_mpu_init
 .text.z_impl_zephyr_fputc
                0x0000000000004bd0       0x10 zephyr/lib/libc/picolibc/liblib__libc__picolibc.a(libc-hooks.c.obj)
                0x0000000000004bd0                z_impl_zephyr_fputc
 .text.__stdout_hook_install
                0x0000000000004be0       0x18 zephyr/lib/libc/picolibc/liblib__libc__picolibc.a(libc-hooks.c.obj)
                0x0000000000004be0                __stdout_hook_install
 .text.cbvprintf
                0x0000000000004bf8       0x38 zephyr/lib/libc/picolibc/liblib__libc__picolibc.a(libc-hooks.c.obj)
                0x0000000000004bf8                cbvprintf
 .text.malloc_prepare
                0x0000000000004c30       0x24 zephyr/lib/libc/common/liblib__libc__common.a(malloc.c.obj)
 .text.net_buf_destroy
                0x0000000000004c54       0x38 zephyr/lib/net_buf/liblib__net_buf.a(buf.c.obj)
 .text.net_buf_pool_get
                0x0000000000004c8c       0x10 zephyr/lib/net_buf/liblib__net_buf.a(buf.c.obj)
                0x0000000000004c8c                net_buf_pool_get
 .text.net_buf_id
                0x0000000000004c9c       0x20 zephyr/lib/net_buf/liblib__net_buf.a(buf.c.obj)
                0x0000000000004c9c                net_buf_id
 .text.fixed_data_alloc
                0x0000000000004cbc       0x24 zephyr/lib/net_buf/liblib__net_buf.a(buf.c.obj)
 .text.net_buf_alloc_len
                0x0000000000004ce0      0x124 zephyr/lib/net_buf/liblib__net_buf.a(buf.c.obj)
                0x0000000000004ce0                net_buf_alloc_len
 .text.net_buf_unref
                0x0000000000004e04       0x38 zephyr/lib/net_buf/liblib__net_buf.a(buf.c.obj)
                0x0000000000004e04                net_buf_unref
 .text.nrf_gpio_pin_control_select
                0x0000000000004e3c       0x3c zephyr/soc/soc/nrf5340/libsoc__nordic.a(soc.c.obj)
 .text.nordicsemi_nrf53_init
                0x0000000000004e78       0x5c zephyr/soc/soc/nrf5340/libsoc__nordic.a(soc.c.obj)
 .text.rtc_pretick_init
                0x0000000000004ed4       0x60 zephyr/soc/soc/nrf5340/libsoc__nordic.a(soc.c.obj)
 .text.z_arm_on_enter_cpu_idle
                0x0000000000004f34       0x64 zephyr/soc/soc/nrf5340/libsoc__nordic.a(soc.c.obj)
                0x0000000000004f34                z_arm_on_enter_cpu_idle
 .text.arch_busy_wait
                0x0000000000004f98       0x24 zephyr/soc/soc/nrf5340/libsoc__nordic.a(soc.c.obj)
                0x0000000000004f98                arch_busy_wait
 .text.nrf53_cpunet_mgmt_init
                0x0000000000004fbc       0x10 zephyr/soc/soc/nrf5340/libsoc__nordic.a(nrf53_cpunet_mgmt.c.obj)
 .text.onoff_start
                0x0000000000004fcc       0x6c zephyr/soc/soc/nrf5340/libsoc__nordic.a(nrf53_cpunet_mgmt.c.obj)
 .text.nrf53_cpunet_enable
                0x0000000000005038       0x34 zephyr/soc/soc/nrf5340/libsoc__nordic.a(nrf53_cpunet_mgmt.c.obj)
                0x0000000000005038                nrf53_cpunet_enable
 .text.rtc_cb   0x000000000000506c       0x50 zephyr/soc/soc/nrf5340/libsoc__nordic.a(sync_rtc.c.obj)
 .text.sync_rtc_setup
                0x00000000000050bc       0xd0 zephyr/soc/soc/nrf5340/libsoc__nordic.a(sync_rtc.c.obj)
 .text.mbox_callback
                0x000000000000518c       0x80 zephyr/soc/soc/nrf5340/libsoc__nordic.a(sync_rtc.c.obj)
 .text.bt_hex   0x000000000000520c       0x44 zephyr/subsys/bluetooth/common/libsubsys__bluetooth__common.a(bt_str.c.obj)
                0x000000000000520c                bt_hex
 .text.bt_addr_le_str
                0x0000000000005250       0x7c zephyr/subsys/bluetooth/common/libsubsys__bluetooth__common.a(bt_str.c.obj)
                0x0000000000005250                bt_addr_le_str
 .text.long_wq_init
                0x00000000000052cc       0x38 zephyr/subsys/bluetooth/host/libsubsys__bluetooth__host.a(long_wq.c.obj)
 .text.bt_long_wq_schedule
                0x0000000000005304        0xc zephyr/subsys/bluetooth/host/libsubsys__bluetooth__host.a(long_wq.c.obj)
                0x0000000000005304                bt_long_wq_schedule
 .text.uuid_to_uuid128
                0x0000000000005310       0x78 zephyr/subsys/bluetooth/host/libsubsys__bluetooth__host.a(uuid.c.obj)
 .text.bt_buf_get_rx
                0x0000000000005388       0x2c zephyr/subsys/bluetooth/host/libsubsys__bluetooth__host.a(buf.c.obj)
                0x0000000000005388                bt_buf_get_rx
 .text.bt_buf_get_evt
                0x00000000000053b4       0x40 zephyr/subsys/bluetooth/host/libsubsys__bluetooth__host.a(buf.c.obj)
                0x00000000000053b4                bt_buf_get_evt
 .text.hci_data_buf_overflow
                0x00000000000053f4       0x18 zephyr/subsys/bluetooth/host/libsubsys__bluetooth__host.a(hci_core.c.obj)
 .text.hci_disconn_complete_prio
                0x000000000000540c       0x4c zephyr/subsys/bluetooth/host/libsubsys__bluetooth__host.a(hci_core.c.obj)
 .text.hci_disconn_complete
                0x0000000000005458       0x44 zephyr/subsys/bluetooth/host/libsubsys__bluetooth__host.a(hci_core.c.obj)
 .text.le_phy_update_complete
                0x000000000000549c       0x34 zephyr/subsys/bluetooth/host/libsubsys__bluetooth__host.a(hci_core.c.obj)
 .text.hci_hardware_error
                0x00000000000054d0       0x24 zephyr/subsys/bluetooth/host/libsubsys__bluetooth__host.a(hci_core.c.obj)
 .text.rx_queue_put
                0x00000000000054f4       0x3c zephyr/subsys/bluetooth/host/libsubsys__bluetooth__host.a(hci_core.c.obj)
 .text.find_pending_connect.part.0
                0x0000000000005530       0x2c zephyr/subsys/bluetooth/host/libsubsys__bluetooth__host.a(hci_core.c.obj)
 .text.le_conn_param_neg_reply.part.0
                0x000000000000555c       0x14 zephyr/subsys/bluetooth/host/libsubsys__bluetooth__host.a(hci_core.c.obj)
 .text.handle_event.part.0
                0x0000000000005570       0x48 zephyr/subsys/bluetooth/host/libsubsys__bluetooth__host.a(hci_core.c.obj)
 .text.le_remote_feat_complete
                0x00000000000055b8       0x54 zephyr/subsys/bluetooth/host/libsubsys__bluetooth__host.a(hci_core.c.obj)
 .text.enh_conn_complete_error_handle
                0x000000000000560c       0x80 zephyr/subsys/bluetooth/host/libsubsys__bluetooth__host.a(hci_core.c.obj)
 .text.handle_event_common
                0x000000000000568c       0x50 zephyr/subsys/bluetooth/host/libsubsys__bluetooth__host.a(hci_core.c.obj)
 .text.rx_work_handler
                0x00000000000056dc      0x138 zephyr/subsys/bluetooth/host/libsubsys__bluetooth__host.a(hci_core.c.obj)
 .text.hci_le_meta_event
                0x0000000000005814       0x20 zephyr/subsys/bluetooth/host/libsubsys__bluetooth__host.a(hci_core.c.obj)
 .text.hci_vendor_event
                0x0000000000005834       0x68 zephyr/subsys/bluetooth/host/libsubsys__bluetooth__host.a(hci_core.c.obj)
 .text.hci_cmd_done.part.0
                0x000000000000589c      0x134 zephyr/subsys/bluetooth/host/libsubsys__bluetooth__host.a(hci_core.c.obj)
 .text.hci_num_completed_packets
                0x00000000000059d0       0xec zephyr/subsys/bluetooth/host/libsubsys__bluetooth__host.a(hci_core.c.obj)
 .text.le_conn_update_complete
                0x0000000000005abc       0xc4 zephyr/subsys/bluetooth/host/libsubsys__bluetooth__host.a(hci_core.c.obj)
 .text.bt_hci_cmd_state_set_init
                0x0000000000005b80       0x24 zephyr/subsys/bluetooth/host/libsubsys__bluetooth__host.a(hci_core.c.obj)
                0x0000000000005b80                bt_hci_cmd_state_set_init
 .text.bt_hci_cmd_create
                0x0000000000005ba4       0x78 zephyr/subsys/bluetooth/host/libsubsys__bluetooth__host.a(hci_core.c.obj)
                0x0000000000005ba4                bt_hci_cmd_create
 .text.bt_hci_get_ver_str
                0x0000000000005c1c       0x3c zephyr/subsys/bluetooth/host/libsubsys__bluetooth__host.a(hci_core.c.obj)
                0x0000000000005c1c                bt_hci_get_ver_str
 .text.bt_send  0x0000000000005c58       0x14 zephyr/subsys/bluetooth/host/libsubsys__bluetooth__host.a(hci_core.c.obj)
                0x0000000000005c58                bt_send
 .text.hci_event_prio
                0x0000000000005c6c       0xa0 zephyr/subsys/bluetooth/host/libsubsys__bluetooth__host.a(hci_core.c.obj)
                0x0000000000005c6c                hci_event_prio
 .text.bt_hci_recv
                0x0000000000005d0c       0x5c zephyr/subsys/bluetooth/host/libsubsys__bluetooth__host.a(hci_core.c.obj)
                0x0000000000005d0c                bt_hci_recv
 .text.bt_finalize_init
                0x0000000000005d68      0x134 zephyr/subsys/bluetooth/host/libsubsys__bluetooth__host.a(hci_core.c.obj)
                0x0000000000005d68                bt_finalize_init
 .text.bt_get_name
                0x0000000000005e9c        0x8 zephyr/subsys/bluetooth/host/libsubsys__bluetooth__host.a(hci_core.c.obj)
                0x0000000000005e9c                bt_get_name
 .text.bt_tx_irq_raise
                0x0000000000005ea4        0xc zephyr/subsys/bluetooth/host/libsubsys__bluetooth__host.a(hci_core.c.obj)
                0x0000000000005ea4                bt_tx_irq_raise
 .text.bt_hci_cmd_send
                0x0000000000005eb0       0x5c zephyr/subsys/bluetooth/host/libsubsys__bluetooth__host.a(hci_core.c.obj)
                0x0000000000005eb0                bt_hci_cmd_send
 .text.bt_send_one_host_num_completed_packets
                0x0000000000005f0c       0xa0 zephyr/subsys/bluetooth/host/libsubsys__bluetooth__host.a(hci_core.c.obj)
                0x0000000000005f0c                bt_send_one_host_num_completed_packets
 .text.bt_hci_host_num_completed_packets
                0x0000000000005fac       0x98 zephyr/subsys/bluetooth/host/libsubsys__bluetooth__host.a(hci_core.c.obj)
                0x0000000000005fac                bt_hci_host_num_completed_packets
 .text.le_conn_param_req
                0x0000000000006044       0xc0 zephyr/subsys/bluetooth/host/libsubsys__bluetooth__host.a(hci_core.c.obj)
 .text.process_pending_cmd
                0x0000000000006104       0xd8 zephyr/subsys/bluetooth/host/libsubsys__bluetooth__host.a(hci_core.c.obj)
 .text.bt_hci_cmd_send_sync
                0x00000000000061dc      0x1b0 zephyr/subsys/bluetooth/host/libsubsys__bluetooth__host.a(hci_core.c.obj)
                0x00000000000061dc                bt_hci_cmd_send_sync
 .text.bt_init  0x000000000000638c      0x4f0 zephyr/subsys/bluetooth/host/libsubsys__bluetooth__host.a(hci_core.c.obj)
 .text.init_work
                0x000000000000687c       0x18 zephyr/subsys/bluetooth/host/libsubsys__bluetooth__host.a(hci_core.c.obj)
 .text.bt_enable
                0x0000000000006894       0xd0 zephyr/subsys/bluetooth/host/libsubsys__bluetooth__host.a(hci_core.c.obj)
                0x0000000000006894                bt_enable
 .text.bt_hci_le_rand
                0x0000000000006964       0x58 zephyr/subsys/bluetooth/host/libsubsys__bluetooth__host.a(hci_core.c.obj)
                0x0000000000006964                bt_hci_le_rand
 .text.bt_hci_le_enh_conn_complete
                0x00000000000069bc      0x1ac zephyr/subsys/bluetooth/host/libsubsys__bluetooth__host.a(hci_core.c.obj)
                0x00000000000069bc                bt_hci_le_enh_conn_complete
 .text.le_legacy_conn_complete
                0x0000000000006b68       0x7c zephyr/subsys/bluetooth/host/libsubsys__bluetooth__host.a(hci_core.c.obj)
 .text.hci_cmd_status
                0x0000000000006be4       0x34 zephyr/subsys/bluetooth/host/libsubsys__bluetooth__host.a(hci_core.c.obj)
 .text.hci_cmd_complete
                0x0000000000006c18       0x78 zephyr/subsys/bluetooth/host/libsubsys__bluetooth__host.a(hci_core.c.obj)
 .text.id_find  0x0000000000006c90       0x30 zephyr/subsys/bluetooth/host/libsubsys__bluetooth__host.a(id.c.obj)
 .text.set_random_address
                0x0000000000006cc0       0x74 zephyr/subsys/bluetooth/host/libsubsys__bluetooth__host.a(id.c.obj)
 .text.id_create.constprop.0
                0x0000000000006d34       0x74 zephyr/subsys/bluetooth/host/libsubsys__bluetooth__host.a(id.c.obj)
 .text.bt_id_create
                0x0000000000006da8       0x98 zephyr/subsys/bluetooth/host/libsubsys__bluetooth__host.a(id.c.obj)
                0x0000000000006da8                bt_id_create
 .text.bt_id_read_public_addr
                0x0000000000006e40       0x88 zephyr/subsys/bluetooth/host/libsubsys__bluetooth__host.a(id.c.obj)
                0x0000000000006e40                bt_id_read_public_addr
 .text.bt_setup_public_id_addr
                0x0000000000006ec8       0x20 zephyr/subsys/bluetooth/host/libsubsys__bluetooth__host.a(id.c.obj)
                0x0000000000006ec8                bt_setup_public_id_addr
 .text.bt_setup_random_id_addr
                0x0000000000006ee8       0xd8 zephyr/subsys/bluetooth/host/libsubsys__bluetooth__host.a(id.c.obj)
                0x0000000000006ee8                bt_setup_random_id_addr
 .text.bt_id_set_adv_own_addr
                0x0000000000006fc0       0xd4 zephyr/subsys/bluetooth/host/libsubsys__bluetooth__host.a(id.c.obj)
                0x0000000000006fc0                bt_id_set_adv_own_addr
 .text.bt_id_init
                0x0000000000007094       0x54 zephyr/subsys/bluetooth/host/libsubsys__bluetooth__host.a(id.c.obj)
                0x0000000000007094                bt_id_init
 .text.hci_set_ad
                0x00000000000070e8       0xd0 zephyr/subsys/bluetooth/host/libsubsys__bluetooth__host.a(adv.c.obj)
 .text.adv_is_directed
                0x00000000000071b8       0x18 zephyr/subsys/bluetooth/host/libsubsys__bluetooth__host.a(adv.c.obj)
 .text.le_adv_start_add_conn
                0x00000000000071d0       0x60 zephyr/subsys/bluetooth/host/libsubsys__bluetooth__host.a(adv.c.obj)
 .text.valid_adv_param
                0x0000000000007230       0x84 zephyr/subsys/bluetooth/host/libsubsys__bluetooth__host.a(adv.c.obj)
 .text.bt_le_adv_lookup_legacy
                0x00000000000072b4        0x8 zephyr/subsys/bluetooth/host/libsubsys__bluetooth__host.a(adv.c.obj)
                0x00000000000072b4                bt_le_adv_lookup_legacy
 .text.bt_le_adv_start_legacy
                0x00000000000072bc      0x278 zephyr/subsys/bluetooth/host/libsubsys__bluetooth__host.a(adv.c.obj)
                0x00000000000072bc                bt_le_adv_start_legacy
 .text.bt_le_adv_start
                0x0000000000007534       0x64 zephyr/subsys/bluetooth/host/libsubsys__bluetooth__host.a(adv.c.obj)
                0x0000000000007534                bt_le_adv_start
 .text.bt_le_adv_stop
                0x0000000000007598       0x78 zephyr/subsys/bluetooth/host/libsubsys__bluetooth__host.a(adv.c.obj)
                0x0000000000007598                bt_le_adv_stop
 .text.adv_timeout
                0x0000000000007610       0x24 zephyr/subsys/bluetooth/host/libsubsys__bluetooth__host.a(adv.c.obj)
 .text.bt_le_adv_resume
                0x0000000000007634       0xe0 zephyr/subsys/bluetooth/host/libsubsys__bluetooth__host.a(adv.c.obj)
                0x0000000000007634                bt_le_adv_resume
 .text.prng_reseed.constprop.0
                0x0000000000007714       0x60 zephyr/subsys/bluetooth/host/libsubsys__bluetooth__host.a(crypto_tc.c.obj)
 .text.prng_init
                0x0000000000007774       0x40 zephyr/subsys/bluetooth/host/libsubsys__bluetooth__host.a(crypto_tc.c.obj)
                0x0000000000007774                prng_init
 .text.bt_rand  0x00000000000077b4       0x3c zephyr/subsys/bluetooth/host/libsubsys__bluetooth__host.a(crypto_tc.c.obj)
                0x00000000000077b4                bt_rand
 .text.notify_connected
                0x00000000000077f0       0x40 zephyr/subsys/bluetooth/host/libsubsys__bluetooth__host.a(conn.c.obj)
 .text.frag_destroy
                0x0000000000007830       0x20 zephyr/subsys/bluetooth/host/libsubsys__bluetooth__host.a(conn.c.obj)
                0x0000000000007830                frag_destroy
 .text.conn_tx_destroy
                0x0000000000007850       0x2c zephyr/subsys/bluetooth/host/libsubsys__bluetooth__host.a(conn.c.obj)
 .text.get_data_frag
                0x000000000000787c       0x38 zephyr/subsys/bluetooth/host/libsubsys__bluetooth__host.a(conn.c.obj)
 .text.recycled_work_handler
                0x00000000000078b4       0x54 zephyr/subsys/bluetooth/host/libsubsys__bluetooth__host.a(conn.c.obj)
 .text.perform_auto_initiated_procedures.part.0
                0x0000000000007908       0x88 zephyr/subsys/bluetooth/host/libsubsys__bluetooth__host.a(conn.c.obj)
 .text.tx_notify_process
                0x0000000000007990       0x60 zephyr/subsys/bluetooth/host/libsubsys__bluetooth__host.a(conn.c.obj)
 .text.bt_conn_get_pkts
                0x00000000000079f0       0x18 zephyr/subsys/bluetooth/host/libsubsys__bluetooth__host.a(conn.c.obj)
                0x00000000000079f0                bt_conn_get_pkts
 .text.bt_conn_tx_notify
                0x0000000000007a08       0x44 zephyr/subsys/bluetooth/host/libsubsys__bluetooth__host.a(conn.c.obj)
                0x0000000000007a08                bt_conn_tx_notify
 .text.bt_conn_new
                0x0000000000007a4c       0x5c zephyr/subsys/bluetooth/host/libsubsys__bluetooth__host.a(conn.c.obj)
                0x0000000000007a4c                bt_conn_new
 .text.bt_conn_recv
                0x0000000000007aa8      0x114 zephyr/subsys/bluetooth/host/libsubsys__bluetooth__host.a(conn.c.obj)
                0x0000000000007aa8                bt_conn_recv
 .text.bt_conn_data_ready
                0x0000000000007bbc       0x44 zephyr/subsys/bluetooth/host/libsubsys__bluetooth__host.a(conn.c.obj)
                0x0000000000007bbc                bt_conn_data_ready
 .text.get_conn_ready
                0x0000000000007c00       0xc0 zephyr/subsys/bluetooth/host/libsubsys__bluetooth__host.a(conn.c.obj)
                0x0000000000007c00                get_conn_ready
 .text.bt_conn_unref
                0x0000000000007cc0       0x4c zephyr/subsys/bluetooth/host/libsubsys__bluetooth__host.a(conn.c.obj)
                0x0000000000007cc0                bt_conn_unref
 .text.bt_conn_set_state
                0x0000000000007d0c      0x1c4 zephyr/subsys/bluetooth/host/libsubsys__bluetooth__host.a(conn.c.obj)
                0x0000000000007d0c                bt_conn_set_state
 .text.bt_conn_lookup_handle
                0x0000000000007ed0       0x40 zephyr/subsys/bluetooth/host/libsubsys__bluetooth__host.a(conn.c.obj)
                0x0000000000007ed0                bt_conn_lookup_handle
 .text.bt_conn_foreach
                0x0000000000007f10       0x30 zephyr/subsys/bluetooth/host/libsubsys__bluetooth__host.a(conn.c.obj)
                0x0000000000007f10                bt_conn_foreach
 .text.auto_initiated_procedures
                0x0000000000007f40       0x10 zephyr/subsys/bluetooth/host/libsubsys__bluetooth__host.a(conn.c.obj)
 .text.bt_conn_index
                0x0000000000007f50       0x18 zephyr/subsys/bluetooth/host/libsubsys__bluetooth__host.a(conn.c.obj)
                0x0000000000007f50                bt_conn_index
 .text.bt_conn_create_pdu_timeout
                0x0000000000007f68       0x5c zephyr/subsys/bluetooth/host/libsubsys__bluetooth__host.a(conn.c.obj)
                0x0000000000007f68                bt_conn_create_pdu_timeout
 .text.bt_conn_connected
                0x0000000000007fc4       0x20 zephyr/subsys/bluetooth/host/libsubsys__bluetooth__host.a(conn.c.obj)
                0x0000000000007fc4                bt_conn_connected
 .text.bt_conn_tx_processor
                0x0000000000007fe4      0x234 zephyr/subsys/bluetooth/host/libsubsys__bluetooth__host.a(conn.c.obj)
                0x0000000000007fe4                bt_conn_tx_processor
 .text.notify_le_param_updated
                0x0000000000008218       0x8c zephyr/subsys/bluetooth/host/libsubsys__bluetooth__host.a(conn.c.obj)
                0x0000000000008218                notify_le_param_updated
 .text.le_param_req
                0x00000000000082a4       0x78 zephyr/subsys/bluetooth/host/libsubsys__bluetooth__host.a(conn.c.obj)
                0x00000000000082a4                le_param_req
 .text.bt_conn_cb_register
                0x000000000000831c       0x30 zephyr/subsys/bluetooth/host/libsubsys__bluetooth__host.a(conn.c.obj)
                0x000000000000831c                bt_conn_cb_register
 .text.bt_conn_add_le
                0x000000000000834c       0x54 zephyr/subsys/bluetooth/host/libsubsys__bluetooth__host.a(conn.c.obj)
                0x000000000000834c                bt_conn_add_le
 .text.bt_conn_lookup_addr_le
                0x00000000000083a0       0x34 zephyr/subsys/bluetooth/host/libsubsys__bluetooth__host.a(conn.c.obj)
                0x00000000000083a0                bt_conn_lookup_addr_le
 .text.bt_conn_exists_le
                0x00000000000083d4       0x70 zephyr/subsys/bluetooth/host/libsubsys__bluetooth__host.a(conn.c.obj)
                0x00000000000083d4                bt_conn_exists_le
 .text.bt_conn_lookup_state_le
                0x0000000000008444       0x44 zephyr/subsys/bluetooth/host/libsubsys__bluetooth__host.a(conn.c.obj)
                0x0000000000008444                bt_conn_lookup_state_le
 .text.send_conn_le_param_update
                0x0000000000008488       0x68 zephyr/subsys/bluetooth/host/libsubsys__bluetooth__host.a(conn.c.obj)
 .text.deferred_work
                0x00000000000084f0      0x100 zephyr/subsys/bluetooth/host/libsubsys__bluetooth__host.a(conn.c.obj)
 .text.bt_conn_lookup_index
                0x00000000000085f0       0x10 zephyr/subsys/bluetooth/host/libsubsys__bluetooth__host.a(conn.c.obj)
                0x00000000000085f0                bt_conn_lookup_index
 .text.bt_conn_init
                0x0000000000008600       0x44 zephyr/subsys/bluetooth/host/libsubsys__bluetooth__host.a(conn.c.obj)
                0x0000000000008600                bt_conn_init
 .text.l2cap_create_le_sig_pdu.part.0
                0x0000000000008644       0x1c zephyr/subsys/bluetooth/host/libsubsys__bluetooth__host.a(l2cap.c.obj)
 .text.l2cap_accept.part.0
                0x0000000000008660       0x30 zephyr/subsys/bluetooth/host/libsubsys__bluetooth__host.a(l2cap.c.obj)
 .text.l2cap_accept
                0x0000000000008690       0x1c zephyr/subsys/bluetooth/host/libsubsys__bluetooth__host.a(l2cap.c.obj)
 .text.bt_l2cap_connected
                0x00000000000086ac       0x98 zephyr/subsys/bluetooth/host/libsubsys__bluetooth__host.a(l2cap.c.obj)
                0x00000000000086ac                bt_l2cap_connected
 .text.bt_l2cap_send_pdu
                0x0000000000008744       0x5c zephyr/subsys/bluetooth/host/libsubsys__bluetooth__host.a(l2cap.c.obj)
                0x0000000000008744                bt_l2cap_send_pdu
 .text.l2cap_data_pull
                0x00000000000087a0       0xfc zephyr/subsys/bluetooth/host/libsubsys__bluetooth__host.a(l2cap.c.obj)
                0x00000000000087a0                l2cap_data_pull
 .text.l2cap_recv.part.0
                0x000000000000889c       0x9c zephyr/subsys/bluetooth/host/libsubsys__bluetooth__host.a(l2cap.c.obj)
 .text.l2cap_recv
                0x0000000000008938       0x24 zephyr/subsys/bluetooth/host/libsubsys__bluetooth__host.a(l2cap.c.obj)
 .text.bt_l2cap_recv
                0x000000000000895c       0x58 zephyr/subsys/bluetooth/host/libsubsys__bluetooth__host.a(l2cap.c.obj)
                0x000000000000895c                bt_l2cap_recv
 .text.bt_l2cap_update_conn_param
                0x00000000000089b4       0x50 zephyr/subsys/bluetooth/host/libsubsys__bluetooth__host.a(l2cap.c.obj)
                0x00000000000089b4                bt_l2cap_update_conn_param
 .text.att_op_get_type
                0x0000000000008a04       0x74 zephyr/subsys/bluetooth/host/libsubsys__bluetooth__host.a(att.c.obj)
 .text.bt_att_released
                0x0000000000008a78        0xc zephyr/subsys/bluetooth/host/libsubsys__bluetooth__host.a(att.c.obj)
 .text.bt_att_connected
                0x0000000000008a84       0x38 zephyr/subsys/bluetooth/host/libsubsys__bluetooth__host.a(att.c.obj)
 .text.read_group_cb
                0x0000000000008abc       0xb8 zephyr/subsys/bluetooth/host/libsubsys__bluetooth__host.a(att.c.obj)
 .text.bt_att_accept
                0x0000000000008b74      0x120 zephyr/subsys/bluetooth/host/libsubsys__bluetooth__host.a(att.c.obj)
 .text.read_type_cb
                0x0000000000008c94       0xac zephyr/subsys/bluetooth/host/libsubsys__bluetooth__host.a(att.c.obj)
 .text.bt_att_chan_create_pdu
                0x0000000000008d40       0x94 zephyr/subsys/bluetooth/host/libsubsys__bluetooth__host.a(att.c.obj)
 .text.find_type_cb
                0x0000000000008dd4      0x164 zephyr/subsys/bluetooth/host/libsubsys__bluetooth__host.a(att.c.obj)
 .text.chan_send
                0x0000000000008f38       0xe0 zephyr/subsys/bluetooth/host/libsubsys__bluetooth__host.a(att.c.obj)
 .text.att_tx_destroy
                0x0000000000009018      0x10c zephyr/subsys/bluetooth/host/libsubsys__bluetooth__host.a(att.c.obj)
 .text.bt_att_recv
                0x0000000000009124       0xc8 zephyr/subsys/bluetooth/host/libsubsys__bluetooth__host.a(att.c.obj)
 .text.att_write_rsp.constprop.0
                0x00000000000091ec       0xc0 zephyr/subsys/bluetooth/host/libsubsys__bluetooth__host.a(att.c.obj)
 .text.att_get  0x00000000000092ac       0x4c zephyr/subsys/bluetooth/host/libsubsys__bluetooth__host.a(att.c.obj)
 .text.bt_att_create_pdu
                0x00000000000092f8       0x64 zephyr/subsys/bluetooth/host/libsubsys__bluetooth__host.a(att.c.obj)
                0x00000000000092f8                bt_att_create_pdu
 .text.bt_att_create_rsp_pdu
                0x000000000000935c       0x60 zephyr/subsys/bluetooth/host/libsubsys__bluetooth__host.a(att.c.obj)
                0x000000000000935c                bt_att_create_rsp_pdu
 .text.att_read_group_req
                0x00000000000093bc       0xf0 zephyr/subsys/bluetooth/host/libsubsys__bluetooth__host.a(att.c.obj)
 .text.att_read_mult_vl_req
                0x00000000000094ac       0x9c zephyr/subsys/bluetooth/host/libsubsys__bluetooth__host.a(att.c.obj)
 .text.att_read_mult_req
                0x0000000000009548       0x9c zephyr/subsys/bluetooth/host/libsubsys__bluetooth__host.a(att.c.obj)
 .text.att_read_rsp
                0x00000000000095e4       0x90 zephyr/subsys/bluetooth/host/libsubsys__bluetooth__host.a(att.c.obj)
 .text.att_read_type_req
                0x0000000000009674       0xf8 zephyr/subsys/bluetooth/host/libsubsys__bluetooth__host.a(att.c.obj)
 .text.att_find_type_req
                0x000000000000976c       0xc0 zephyr/subsys/bluetooth/host/libsubsys__bluetooth__host.a(att.c.obj)
 .text.att_find_info_req
                0x000000000000982c       0x6c zephyr/subsys/bluetooth/host/libsubsys__bluetooth__host.a(att.c.obj)
 .text.bt_att_req_alloc
                0x0000000000009898       0x50 zephyr/subsys/bluetooth/host/libsubsys__bluetooth__host.a(att.c.obj)
                0x0000000000009898                bt_att_req_alloc
 .text.bt_att_req_free
                0x00000000000098e8       0x20 zephyr/subsys/bluetooth/host/libsubsys__bluetooth__host.a(att.c.obj)
                0x00000000000098e8                bt_att_req_free
 .text.att_handle_rsp
                0x0000000000009908       0x80 zephyr/subsys/bluetooth/host/libsubsys__bluetooth__host.a(att.c.obj)
 .text.bt_att_disconnected
                0x0000000000009988       0xc0 zephyr/subsys/bluetooth/host/libsubsys__bluetooth__host.a(att.c.obj)
 .text.att_timeout
                0x0000000000009a48       0xe4 zephyr/subsys/bluetooth/host/libsubsys__bluetooth__host.a(att.c.obj)
 .text.bt_att_set_tx_meta_data
                0x0000000000009b2c       0x24 zephyr/subsys/bluetooth/host/libsubsys__bluetooth__host.a(att.c.obj)
                0x0000000000009b2c                bt_att_set_tx_meta_data
 .text.find_cf_cfg
                0x0000000000009b50       0x30 zephyr/subsys/bluetooth/host/libsubsys__bluetooth__host.a(gatt.c.obj)
 .text.find_sc_cfg
                0x0000000000009b80       0x24 zephyr/subsys/bluetooth/host/libsubsys__bluetooth__host.a(gatt.c.obj)
 .text.find_ccc_cfg
                0x0000000000009ba4       0x28 zephyr/subsys/bluetooth/host/libsubsys__bluetooth__host.a(gatt.c.obj)
 .text.bt_gatt_attr_write_ccc
                0x0000000000009bcc       0xbc zephyr/subsys/bluetooth/host/libsubsys__bluetooth__host.a(gatt.c.obj)
                0x0000000000009bcc                bt_gatt_attr_write_ccc
 .text.db_hash_update.part.0
                0x0000000000009c88       0x1c zephyr/subsys/bluetooth/host/libsubsys__bluetooth__host.a(gatt.c.obj)
 .text.clear_cf_cfg
                0x0000000000009ca4       0x28 zephyr/subsys/bluetooth/host/libsubsys__bluetooth__host.a(gatt.c.obj)
 .text.sc_save  0x0000000000009ccc       0x60 zephyr/subsys/bluetooth/host/libsubsys__bluetooth__host.a(gatt.c.obj)
 .text.disconnected_cb
                0x0000000000009d2c       0xa0 zephyr/subsys/bluetooth/host/libsubsys__bluetooth__host.a(gatt.c.obj)
 .text.read_ppcp
                0x0000000000009dcc       0x38 zephyr/subsys/bluetooth/host/libsubsys__bluetooth__host.a(gatt.c.obj)
 .text.cf_write
                0x0000000000009e04       0x98 zephyr/subsys/bluetooth/host/libsubsys__bluetooth__host.a(gatt.c.obj)
 .text.sc_indicate_rsp
                0x0000000000009e9c       0x4c zephyr/subsys/bluetooth/host/libsubsys__bluetooth__host.a(gatt.c.obj)
 .text.bt_gatt_init
                0x0000000000009ee8       0x78 zephyr/subsys/bluetooth/host/libsubsys__bluetooth__host.a(gatt.c.obj)
                0x0000000000009ee8                bt_gatt_init
 .text.bt_gatt_attr_get_handle
                0x0000000000009f60       0x60 zephyr/subsys/bluetooth/host/libsubsys__bluetooth__host.a(gatt.c.obj)
                0x0000000000009f60                bt_gatt_attr_get_handle
 .text.bt_gatt_foreach_attr_type
                0x0000000000009fc0       0xb4 zephyr/subsys/bluetooth/host/libsubsys__bluetooth__host.a(gatt.c.obj)
                0x0000000000009fc0                bt_gatt_foreach_attr_type
 .text.db_hash_gen
                0x000000000000a074       0x80 zephyr/subsys/bluetooth/host/libsubsys__bluetooth__host.a(gatt.c.obj)
 .text.db_hash_read
                0x000000000000a0f4       0x74 zephyr/subsys/bluetooth/host/libsubsys__bluetooth__host.a(gatt.c.obj)
 .text.db_hash_process
                0x000000000000a168       0x14 zephyr/subsys/bluetooth/host/libsubsys__bluetooth__host.a(gatt.c.obj)
 .text.bt_gatt_attr_next
                0x000000000000a17c       0x24 zephyr/subsys/bluetooth/host/libsubsys__bluetooth__host.a(gatt.c.obj)
                0x000000000000a17c                bt_gatt_attr_next
 .text.gatt_indicate
                0x000000000000a1a0       0xd8 zephyr/subsys/bluetooth/host/libsubsys__bluetooth__host.a(gatt.c.obj)
 .text.bt_gatt_indicate
                0x000000000000a278       0xf0 zephyr/subsys/bluetooth/host/libsubsys__bluetooth__host.a(gatt.c.obj)
                0x000000000000a278                bt_gatt_indicate
 .text.sc_process
                0x000000000000a368       0x60 zephyr/subsys/bluetooth/host/libsubsys__bluetooth__host.a(gatt.c.obj)
 .text.update_ccc
                0x000000000000a3c8       0xf4 zephyr/subsys/bluetooth/host/libsubsys__bluetooth__host.a(gatt.c.obj)
 .text.gatt_notify
                0x000000000000a4bc       0xac zephyr/subsys/bluetooth/host/libsubsys__bluetooth__host.a(gatt.c.obj)
 .text.notify_cb
                0x000000000000a568      0x110 zephyr/subsys/bluetooth/host/libsubsys__bluetooth__host.a(gatt.c.obj)
 .text.bt_gatt_connected
                0x000000000000a678       0x20 zephyr/subsys/bluetooth/host/libsubsys__bluetooth__host.a(gatt.c.obj)
                0x000000000000a678                bt_gatt_connected
 .text.bt_gatt_att_max_mtu_changed
                0x000000000000a698       0x28 zephyr/subsys/bluetooth/host/libsubsys__bluetooth__host.a(gatt.c.obj)
                0x000000000000a698                bt_gatt_att_max_mtu_changed
 .text.bt_gatt_disconnected
                0x000000000000a6c0       0x48 zephyr/subsys/bluetooth/host/libsubsys__bluetooth__host.a(gatt.c.obj)
                0x000000000000a6c0                bt_gatt_disconnected
 .text.bt_smp_accept.part.0
                0x000000000000a708       0x30 zephyr/subsys/bluetooth/host/libsubsys__bluetooth__host.a(smp_null.c.obj)
 .text.bt_smp_accept
                0x000000000000a738       0x1c zephyr/subsys/bluetooth/host/libsubsys__bluetooth__host.a(smp_null.c.obj)
 .text.bt_ipc_send
                0x000000000000a754       0x54 zephyr/drivers/bluetooth/libdrivers__bluetooth.a(ipc.c.obj)
 .text.hci_ept_recv
                0x000000000000a7a8      0x1f0 zephyr/drivers/bluetooth/libdrivers__bluetooth.a(ipc.c.obj)
 .text.bt_ipc_open
                0x000000000000a998       0x7c zephyr/drivers/bluetooth/libdrivers__bluetooth.a(ipc.c.obj)
 .text.bt_ipc_close
                0x000000000000aa14       0x68 zephyr/drivers/bluetooth/libdrivers__bluetooth.a(ipc.c.obj)
 .text.bt_hci_transport_setup
                0x000000000000aa7c       0x18 zephyr/drivers/bluetooth/libdrivers__bluetooth.a(nrf53_support.c.obj)
                0x000000000000aa7c                bt_hci_transport_setup
 .text.onoff_stop
                0x000000000000aa94       0x30 zephyr/drivers/clock_control/libdrivers__clock_control.a(clock_control_nrf.c.obj)
 .text.onoff_start
                0x000000000000aac4       0x44 zephyr/drivers/clock_control/libdrivers__clock_control.a(clock_control_nrf.c.obj)
 .text.generic_hfclk_stop
                0x000000000000ab08       0x34 zephyr/drivers/clock_control/libdrivers__clock_control.a(clock_control_nrf.c.obj)
 .text.clk_init
                0x000000000000ab3c       0x64 zephyr/drivers/clock_control/libdrivers__clock_control.a(clock_control_nrf.c.obj)
 .text.api_blocking_start
                0x000000000000aba0       0x3c zephyr/drivers/clock_control/libdrivers__clock_control.a(clock_control_nrf.c.obj)
 .text.clkstarted_handle.constprop.0
                0x000000000000abdc       0x4c zephyr/drivers/clock_control/libdrivers__clock_control.a(clock_control_nrf.c.obj)
 .text.generic_hfclk_start
                0x000000000000ac28       0x78 zephyr/drivers/clock_control/libdrivers__clock_control.a(clock_control_nrf.c.obj)
 .text.clock_event_handler
                0x000000000000aca0       0x30 zephyr/drivers/clock_control/libdrivers__clock_control.a(clock_control_nrf.c.obj)
 .text.z_nrf_clock_control_lf_on
                0x000000000000acd0       0xf8 zephyr/drivers/clock_control/libdrivers__clock_control.a(clock_control_nrf.c.obj)
                0x000000000000acd0                z_nrf_clock_control_lf_on
 .text.uart_console_init
                0x000000000000adc8       0x28 zephyr/drivers/console/libdrivers__console.a(uart_console.c.obj)
 .text.console_out
                0x000000000000adf0       0x28 zephyr/drivers/console/libdrivers__console.a(uart_console.c.obj)
 .text.gpio_nrfx_pin_interrupt_configure
                0x000000000000ae18      0x100 zephyr/drivers/gpio/libdrivers__gpio.a(gpio_nrfx.c.obj)
 .text.gpio_nrfx_init
                0x000000000000af18       0x48 zephyr/drivers/gpio/libdrivers__gpio.a(gpio_nrfx.c.obj)
 .text.nrfx_gpio_handler
                0x000000000000af60       0x4c zephyr/drivers/gpio/libdrivers__gpio.a(gpio_nrfx.c.obj)
 .text.gpio_nrfx_pin_configure
                0x000000000000afac      0x188 zephyr/drivers/gpio/libdrivers__gpio.a(gpio_nrfx.c.obj)
 .text.event_handler
                0x000000000000b134       0x38 zephyr/drivers/i2c/libdrivers__i2c.a(i2c_nrfx_twim.c.obj)
 .text.i2c_nrfx_twim_transfer
                0x000000000000b16c      0x194 zephyr/drivers/i2c/libdrivers__i2c.a(i2c_nrfx_twim.c.obj)
 .text.i2c_nrfx_twim_recover_bus
                0x000000000000b300       0x40 zephyr/drivers/i2c/libdrivers__i2c.a(i2c_nrfx_twim_common.c.obj)
                0x000000000000b300                i2c_nrfx_twim_recover_bus
 .text.i2c_nrfx_twim_configure
                0x000000000000b340       0x50 zephyr/drivers/i2c/libdrivers__i2c.a(i2c_nrfx_twim_common.c.obj)
                0x000000000000b340                i2c_nrfx_twim_configure
 .text.i2c_nrfx_twim_msg_transfer
                0x000000000000b390       0x80 zephyr/drivers/i2c/libdrivers__i2c.a(i2c_nrfx_twim_common.c.obj)
                0x000000000000b390                i2c_nrfx_twim_msg_transfer
 .text.i2c_nrfx_twim_common_init
                0x000000000000b410       0x78 zephyr/drivers/i2c/libdrivers__i2c.a(i2c_nrfx_twim_common.c.obj)
                0x000000000000b410                i2c_nrfx_twim_common_init
 .text.mbox_nrf_init
                0x000000000000b488       0x9c zephyr/drivers/mbox/libdrivers__mbox.a(mbox_nrfx_ipc.c.obj)
 .text.mbox_nrf_set_enabled
                0x000000000000b524       0x94 zephyr/drivers/mbox/libdrivers__mbox.a(mbox_nrfx_ipc.c.obj)
 .text.mbox_nrf_send
                0x000000000000b5b8       0x44 zephyr/drivers/mbox/libdrivers__mbox.a(mbox_nrfx_ipc.c.obj)
 .text.mbox_dispatcher
                0x000000000000b5fc       0x60 zephyr/drivers/mbox/libdrivers__mbox.a(mbox_nrfx_ipc.c.obj)
 .text.nrf_gpio_pin_port_decode
                0x000000000000b65c       0x24 zephyr/drivers/pinctrl/libdrivers__pinctrl.a(pinctrl_nrf.c.obj)
 .text.pinctrl_configure_pins
                0x000000000000b680      0x1a0 zephyr/drivers/pinctrl/libdrivers__pinctrl.a(pinctrl_nrf.c.obj)
                0x000000000000b680                pinctrl_configure_pins
 .text.bmi270_init
                0x000000000000b820      0x1f8 zephyr/drivers/sensor/bosch/bmi270/libdrivers__sensor__bosch__bmi270.a(bmi270.c.obj)
 .text.uarte_nrfx_poll_out
                0x000000000000ba18       0xb4 zephyr/drivers/serial/libdrivers__serial.a(uart_nrfx_uarte.c.obj)
 .text.uarte_0_init
                0x000000000000bacc      0x120 zephyr/drivers/serial/libdrivers__serial.a(uart_nrfx_uarte.c.obj)
 .text.compare_int_lock
                0x000000000000bbec       0x40 zephyr/drivers/timer/libdrivers__timer.a(nrf_rtc_timer.c.obj)
 .text.sys_clock_timeout_handler
                0x000000000000bc2c       0x48 zephyr/drivers/timer/libdrivers__timer.a(nrf_rtc_timer.c.obj)
 .text.compare_int_unlock
                0x000000000000bc74       0x4c zephyr/drivers/timer/libdrivers__timer.a(nrf_rtc_timer.c.obj)
 .text.z_nrf_rtc_timer_compare_evt_address_get
                0x000000000000bcc0       0x10 zephyr/drivers/timer/libdrivers__timer.a(nrf_rtc_timer.c.obj)
                0x000000000000bcc0                z_nrf_rtc_timer_compare_evt_address_get
 .text.z_nrf_rtc_timer_compare_read
                0x000000000000bcd0       0x10 zephyr/drivers/timer/libdrivers__timer.a(nrf_rtc_timer.c.obj)
                0x000000000000bcd0                z_nrf_rtc_timer_compare_read
 .text.z_nrf_rtc_timer_read
                0x000000000000bce0       0x44 zephyr/drivers/timer/libdrivers__timer.a(nrf_rtc_timer.c.obj)
                0x000000000000bce0                z_nrf_rtc_timer_read
 .text.compare_set
                0x000000000000bd24      0x124 zephyr/drivers/timer/libdrivers__timer.a(nrf_rtc_timer.c.obj)
 .text.sys_clock_driver_init
                0x000000000000be48       0xa4 zephyr/drivers/timer/libdrivers__timer.a(nrf_rtc_timer.c.obj)
 .text.rtc_nrf_isr
                0x000000000000beec      0x100 zephyr/drivers/timer/libdrivers__timer.a(nrf_rtc_timer.c.obj)
                0x000000000000beec                rtc_nrf_isr
 .text.z_nrf_rtc_timer_chan_alloc
                0x000000000000bfec       0x3c zephyr/drivers/timer/libdrivers__timer.a(nrf_rtc_timer.c.obj)
                0x000000000000bfec                z_nrf_rtc_timer_chan_alloc
 .text.z_nrf_rtc_timer_chan_free
                0x000000000000c028       0x1c zephyr/drivers/timer/libdrivers__timer.a(nrf_rtc_timer.c.obj)
                0x000000000000c028                z_nrf_rtc_timer_chan_free
 .text.sys_clock_set_timeout
                0x000000000000c044       0x5c zephyr/drivers/timer/libdrivers__timer.a(nrf_rtc_timer.c.obj)
                0x000000000000c044                sys_clock_set_timeout
 .text.sys_clock_elapsed
                0x000000000000c0a0       0x14 zephyr/drivers/timer/libdrivers__timer.a(nrf_rtc_timer.c.obj)
                0x000000000000c0a0                sys_clock_elapsed
 .text.nrf53_errata_42
                0x000000000000c0b4       0x24 modules/hal_nordic/nrfx/libmodules__hal_nordic__nrfx.a(system_nrf5340_application.c.obj)
 .text.SystemInit
                0x000000000000c0d8      0x1c4 modules/hal_nordic/nrfx/libmodules__hal_nordic__nrfx.a(system_nrf5340_application.c.obj)
                0x000000000000c0d8                SystemInit
 .text.nrfx_flag32_alloc
                0x000000000000c29c       0x40 modules/hal_nordic/nrfx/libmodules__hal_nordic__nrfx.a(nrfx_flag32_allocator.c.obj)
                0x000000000000c29c                nrfx_flag32_alloc
 .text.nrfx_flag32_free
                0x000000000000c2dc       0x38 modules/hal_nordic/nrfx/libmodules__hal_nordic__nrfx.a(nrfx_flag32_allocator.c.obj)
                0x000000000000c2dc                nrfx_flag32_free
 .text.nrfx_gppi_channels_enable
                0x000000000000c314        0xc modules/hal_nordic/nrfx/libmodules__hal_nordic__nrfx.a(nrfx_gppi_dppi.c.obj)
                0x000000000000c314                nrfx_gppi_channels_enable
 .text.nrfx_gppi_channels_disable
                0x000000000000c320        0xc modules/hal_nordic/nrfx/libmodules__hal_nordic__nrfx.a(nrfx_gppi_dppi.c.obj)
                0x000000000000c320                nrfx_gppi_channels_disable
 .text.nrfx_gppi_channel_alloc
                0x000000000000c32c        0xc modules/hal_nordic/nrfx/libmodules__hal_nordic__nrfx.a(nrfx_gppi_dppi.c.obj)
                0x000000000000c32c                nrfx_gppi_channel_alloc
 .text.nrfx_clock_init
                0x000000000000c338       0x20 modules/hal_nordic/nrfx/libmodules__hal_nordic__nrfx.a(nrfx_clock.c.obj)
                0x000000000000c338                nrfx_clock_init
 .text.nrfx_clock_enable
                0x000000000000c358       0x30 modules/hal_nordic/nrfx/libmodules__hal_nordic__nrfx.a(nrfx_clock.c.obj)
                0x000000000000c358                nrfx_clock_enable
 .text.nrfx_clock_start
                0x000000000000c388       0xd0 modules/hal_nordic/nrfx/libmodules__hal_nordic__nrfx.a(nrfx_clock.c.obj)
                0x000000000000c388                nrfx_clock_start
 .text.nrfx_power_clock_irq_handler
                0x000000000000c458       0xb0 modules/hal_nordic/nrfx/libmodules__hal_nordic__nrfx.a(nrfx_clock.c.obj)
                0x000000000000c458                nrfx_power_clock_irq_handler
 .text.nrfx_dppi_channel_alloc
                0x000000000000c508       0x10 modules/hal_nordic/nrfx/libmodules__hal_nordic__nrfx.a(nrfx_dppi.c.obj)
                0x000000000000c508                nrfx_dppi_channel_alloc
 .text.nrfx_dppi_channel_free
                0x000000000000c518       0x1c modules/hal_nordic/nrfx/libmodules__hal_nordic__nrfx.a(nrfx_dppi.c.obj)
                0x000000000000c518                nrfx_dppi_channel_free
 .text.nrf_gpio_pin_port_decode
                0x000000000000c534       0x24 modules/hal_nordic/nrfx/libmodules__hal_nordic__nrfx.a(nrfx_gpiote.c.obj)
 .text.get_pin_idx
                0x000000000000c558       0x14 modules/hal_nordic/nrfx/libmodules__hal_nordic__nrfx.a(nrfx_gpiote.c.obj)
 .text.call_handler.constprop.0
                0x000000000000c56c       0x40 modules/hal_nordic/nrfx/libmodules__hal_nordic__nrfx.a(nrfx_gpiote.c.obj)
 .text.pin_te_get.constprop.0
                0x000000000000c5ac       0x18 modules/hal_nordic/nrfx/libmodules__hal_nordic__nrfx.a(nrfx_gpiote.c.obj)
 .text.pin_is_output.constprop.0
                0x000000000000c5c4       0x18 modules/hal_nordic/nrfx/libmodules__hal_nordic__nrfx.a(nrfx_gpiote.c.obj)
 .text.pin_in_use_by_te.constprop.0
                0x000000000000c5dc       0x18 modules/hal_nordic/nrfx/libmodules__hal_nordic__nrfx.a(nrfx_gpiote.c.obj)
 .text.latch_pending_read_and_check
                0x000000000000c5f4       0x3c modules/hal_nordic/nrfx/libmodules__hal_nordic__nrfx.a(nrfx_gpiote.c.obj)
 .text.release_handler.isra.0
                0x000000000000c630       0x58 modules/hal_nordic/nrfx/libmodules__hal_nordic__nrfx.a(nrfx_gpiote.c.obj)
 .text.__nrfy_internal_gpiote_events_process.constprop.0
                0x000000000000c688       0x5c modules/hal_nordic/nrfx/libmodules__hal_nordic__nrfx.a(nrfx_gpiote.c.obj)
 .text.pin_uninit
                0x000000000000c6e4       0x84 modules/hal_nordic/nrfx/libmodules__hal_nordic__nrfx.a(nrfx_gpiote.c.obj)
 .text.nrfx_gpiote_input_configure
                0x000000000000c768      0x178 modules/hal_nordic/nrfx/libmodules__hal_nordic__nrfx.a(nrfx_gpiote.c.obj)
                0x000000000000c768                nrfx_gpiote_input_configure
 .text.nrfx_gpiote_output_configure
                0x000000000000c8e0      0x104 modules/hal_nordic/nrfx/libmodules__hal_nordic__nrfx.a(nrfx_gpiote.c.obj)
                0x000000000000c8e0                nrfx_gpiote_output_configure
 .text.nrfx_gpiote_global_callback_set
                0x000000000000c9e4        0xc modules/hal_nordic/nrfx/libmodules__hal_nordic__nrfx.a(nrfx_gpiote.c.obj)
                0x000000000000c9e4                nrfx_gpiote_global_callback_set
 .text.nrfx_gpiote_channel_get
                0x000000000000c9f0       0x34 modules/hal_nordic/nrfx/libmodules__hal_nordic__nrfx.a(nrfx_gpiote.c.obj)
                0x000000000000c9f0                nrfx_gpiote_channel_get
 .text.nrfx_gpiote_init
                0x000000000000ca24       0x64 modules/hal_nordic/nrfx/libmodules__hal_nordic__nrfx.a(nrfx_gpiote.c.obj)
                0x000000000000ca24                nrfx_gpiote_init
 .text.nrfx_gpiote_init_check
                0x000000000000ca88       0x14 modules/hal_nordic/nrfx/libmodules__hal_nordic__nrfx.a(nrfx_gpiote.c.obj)
                0x000000000000ca88                nrfx_gpiote_init_check
 .text.nrfx_gpiote_channel_free
                0x000000000000ca9c        0xc modules/hal_nordic/nrfx/libmodules__hal_nordic__nrfx.a(nrfx_gpiote.c.obj)
                0x000000000000ca9c                nrfx_gpiote_channel_free
 .text.nrfx_gpiote_channel_alloc
                0x000000000000caa8        0xc modules/hal_nordic/nrfx/libmodules__hal_nordic__nrfx.a(nrfx_gpiote.c.obj)
                0x000000000000caa8                nrfx_gpiote_channel_alloc
 .text.nrfx_gpiote_trigger_enable
                0x000000000000cab4       0xac modules/hal_nordic/nrfx/libmodules__hal_nordic__nrfx.a(nrfx_gpiote.c.obj)
                0x000000000000cab4                nrfx_gpiote_trigger_enable
 .text.nrfx_gpiote_0_irq_handler
                0x000000000000cb60      0x1b8 modules/hal_nordic/nrfx/libmodules__hal_nordic__nrfx.a(nrfx_gpiote.c.obj)
                0x000000000000cb60                nrfx_gpiote_0_irq_handler
 .text.nrfx_ipc_init
                0x000000000000cd18       0x30 modules/hal_nordic/nrfx/libmodules__hal_nordic__nrfx.a(nrfx_ipc.c.obj)
                0x000000000000cd18                nrfx_ipc_init
 .text.nrfx_ipc_config_load
                0x000000000000cd48       0x40 modules/hal_nordic/nrfx/libmodules__hal_nordic__nrfx.a(nrfx_ipc.c.obj)
                0x000000000000cd48                nrfx_ipc_config_load
 .text.nrfx_ipc_receive_event_enable
                0x000000000000cd88       0x10 modules/hal_nordic/nrfx/libmodules__hal_nordic__nrfx.a(nrfx_ipc.c.obj)
                0x000000000000cd88                nrfx_ipc_receive_event_enable
 .text.nrfx_ipc_receive_event_disable
                0x000000000000cd98       0x10 modules/hal_nordic/nrfx/libmodules__hal_nordic__nrfx.a(nrfx_ipc.c.obj)
                0x000000000000cd98                nrfx_ipc_receive_event_disable
 .text.nrfx_ipc_irq_handler
                0x000000000000cda8       0x40 modules/hal_nordic/nrfx/libmodules__hal_nordic__nrfx.a(nrfx_ipc.c.obj)
                0x000000000000cda8                nrfx_ipc_irq_handler
 .text.nrf_gpio_cfg.constprop.0
                0x000000000000cde8       0x48 modules/hal_nordic/nrfx/libmodules__hal_nordic__nrfx.a(nrfx_twim.c.obj)
 .text.twim_configure
                0x000000000000ce30       0x3c modules/hal_nordic/nrfx/libmodules__hal_nordic__nrfx.a(nrfx_twim.c.obj)
 .text.nrfx_twim_init
                0x000000000000ce6c       0x74 modules/hal_nordic/nrfx/libmodules__hal_nordic__nrfx.a(nrfx_twim.c.obj)
                0x000000000000ce6c                nrfx_twim_init
 .text.nrfx_twim_enable
                0x000000000000cee0       0x20 modules/hal_nordic/nrfx/libmodules__hal_nordic__nrfx.a(nrfx_twim.c.obj)
                0x000000000000cee0                nrfx_twim_enable
 .text.nrfx_twim_disable
                0x000000000000cf00       0x3c modules/hal_nordic/nrfx/libmodules__hal_nordic__nrfx.a(nrfx_twim.c.obj)
                0x000000000000cf00                nrfx_twim_disable
 .text.nrfx_twim_xfer
                0x000000000000cf3c      0x350 modules/hal_nordic/nrfx/libmodules__hal_nordic__nrfx.a(nrfx_twim.c.obj)
                0x000000000000cf3c                nrfx_twim_xfer
 .text.nrfx_twim_1_irq_handler
                0x000000000000d28c      0x188 modules/hal_nordic/nrfx/libmodules__hal_nordic__nrfx.a(nrfx_twim.c.obj)
                0x000000000000d28c                nrfx_twim_1_irq_handler
 .text.nrf_gpio_pin_port_decode
                0x000000000000d414       0x24 modules/hal_nordic/nrfx/libmodules__hal_nordic__nrfx.a(nrfx_twi_twim.c.obj)
 .text.nrfx_twi_twim_bus_recover
                0x000000000000d438       0xd4 modules/hal_nordic/nrfx/libmodules__hal_nordic__nrfx.a(nrfx_twi_twim.c.obj)
                0x000000000000d438                nrfx_twi_twim_bus_recover
 .text.metal_generic_dev_open
                0x000000000000d50c       0x40 modules/libmetal/libmetal/lib/libmetal.a(device.c.obj)
                0x000000000000d50c                metal_generic_dev_open
 .text.metal_bus_unregister
                0x000000000000d54c       0x3c modules/libmetal/libmetal/lib/libmetal.a(device.c.obj)
                0x000000000000d54c                metal_bus_unregister
 .text.metal_bus_find
                0x000000000000d588       0x3c modules/libmetal/libmetal/lib/libmetal.a(device.c.obj)
                0x000000000000d588                metal_bus_find
 .text.metal_bus_register
                0x000000000000d5c4       0x5c modules/libmetal/libmetal/lib/libmetal.a(device.c.obj)
                0x000000000000d5c4                metal_bus_register
 .text.metal_register_generic_device
                0x000000000000d620       0x3c modules/libmetal/libmetal/lib/libmetal.a(device.c.obj)
                0x000000000000d620                metal_register_generic_device
 .text.metal_init
                0x000000000000d65c       0x4c modules/libmetal/libmetal/lib/libmetal.a(init.c.obj)
                0x000000000000d65c                metal_init
 .text.metal_finish
                0x000000000000d6a8       0x24 modules/libmetal/libmetal/lib/libmetal.a(init.c.obj)
                0x000000000000d6a8                metal_finish
 .text.metal_sys_init
                0x000000000000d6cc       0x10 modules/libmetal/libmetal/lib/libmetal.a(init.c.obj)
                0x000000000000d6cc                metal_sys_init
 .text.metal_sys_finish
                0x000000000000d6dc        0xc modules/libmetal/libmetal/lib/libmetal.a(init.c.obj)
                0x000000000000d6dc                metal_sys_finish
 .text.metal_zephyr_log_handler
                0x000000000000d6e8       0x3c modules/libmetal/libmetal/lib/libmetal.a(log.c.obj)
                0x000000000000d6e8                metal_zephyr_log_handler
 .text.virtio_create_virtqueues
                0x000000000000d724       0xbc modules/open-amp/open-amp/lib/libopen_amp.a(virtio.c.obj)
                0x000000000000d724                virtio_create_virtqueues
 .text.virtqueue_free
                0x000000000000d7e0       0x38 modules/open-amp/open-amp/lib/libopen_amp.a(virtqueue.c.obj)
                0x000000000000d7e0                virtqueue_free
 .text.virtqueue_add_consumed_buffer
                0x000000000000d818       0x38 modules/open-amp/open-amp/lib/libopen_amp.a(virtqueue.c.obj)
                0x000000000000d818                virtqueue_add_consumed_buffer
 .text.rpmsg_send_offchannel_raw
                0x000000000000d850       0x2c modules/open-amp/open-amp/lib/libopen_amp.a(rpmsg.c.obj)
                0x000000000000d850                rpmsg_send_offchannel_raw
 .text.rpmsg_send_offchannel_nocopy
                0x000000000000d87c       0x2c modules/open-amp/open-amp/lib/libopen_amp.a(rpmsg.c.obj)
                0x000000000000d87c                rpmsg_send_offchannel_nocopy
 .text.rpmsg_register_endpoint
                0x000000000000d8a8       0x48 modules/open-amp/open-amp/lib/libopen_amp.a(rpmsg.c.obj)
                0x000000000000d8a8                rpmsg_register_endpoint
 .text.rpmsg_create_ept
                0x000000000000d8f0      0x114 modules/open-amp/open-amp/lib/libopen_amp.a(rpmsg.c.obj)
                0x000000000000d8f0                rpmsg_create_ept
 .text.rpmsg_virtio_buf_held_dec_test
                0x000000000000da04       0x38 modules/open-amp/open-amp/lib/libopen_amp.a(rpmsg_virtio.c.obj)
 .text.rpmsg_virtio_get_tx_buffer_size
                0x000000000000da3c       0x4c modules/open-amp/open-amp/lib/libopen_amp.a(rpmsg_virtio.c.obj)
                0x000000000000da3c                rpmsg_virtio_get_tx_buffer_size
 .text.rpmsg_virtio_get_rx_buffer_size
                0x000000000000da88       0x4c modules/open-amp/open-amp/lib/libopen_amp.a(rpmsg_virtio.c.obj)
                0x000000000000da88                rpmsg_virtio_get_rx_buffer_size
 .text.rpmsg_virtio_send_offchannel_raw
                0x000000000000dad4       0x5c modules/open-amp/open-amp/lib/libopen_amp.a(rpmsg_virtio.c.obj)
 .text.rpmsg_init_vdev_with_config
                0x000000000000db30      0x2ac modules/open-amp/open-amp/lib/libopen_amp.a(rpmsg_virtio.c.obj)
                0x000000000000db30                rpmsg_init_vdev_with_config
 .text.rpmsg_init_vdev
                0x000000000000dddc       0x2c modules/open-amp/open-amp/lib/libopen_amp.a(rpmsg_virtio.c.obj)
                0x000000000000dddc                rpmsg_init_vdev
 .text.k_sys_fatal_error_handler
                0x000000000000de08       0x20 zephyr/kernel/libkernel.a(fatal.c.obj)
                0x000000000000de08                k_sys_fatal_error_handler
 .text.z_fatal_error
                0x000000000000de28       0xe8 zephyr/kernel/libkernel.a(fatal.c.obj)
                0x000000000000de28                z_fatal_error
 .text.z_sys_init_run_level
                0x000000000000df10       0x2c zephyr/kernel/libkernel.a(init.c.obj)
 .text.bg_thread_main
                0x000000000000df3c       0xc4 zephyr/kernel/libkernel.a(init.c.obj)
 .text.z_bss_zero
                0x000000000000e000       0x18 zephyr/kernel/libkernel.a(init.c.obj)
                0x000000000000e000                z_bss_zero
 .text.z_init_cpu
                0x000000000000e018       0x68 zephyr/kernel/libkernel.a(init.c.obj)
                0x000000000000e018                z_init_cpu
 .text.z_cstart
                0x000000000000e080       0xe4 zephyr/kernel/libkernel.a(init.c.obj)
                0x000000000000e080                z_cstart
 .text.statics_init
                0x000000000000e164       0x24 zephyr/kernel/libkernel.a(kheap.c.obj)
 .text.init_mem_slab_obj_core_list
                0x000000000000e188       0x24 zephyr/kernel/libkernel.a(mem_slab.c.obj)
 .text.k_mem_slab_alloc
                0x000000000000e1ac       0x5c zephyr/kernel/libkernel.a(mem_slab.c.obj)
                0x000000000000e1ac                k_mem_slab_alloc
 .text.z_impl_k_mutex_lock
                0x000000000000e208       0xf0 zephyr/kernel/libkernel.a(mutex.c.obj)
                0x000000000000e208                z_impl_k_mutex_lock
 .text.z_impl_k_mutex_unlock
                0x000000000000e2f8       0x78 zephyr/kernel/libkernel.a(mutex.c.obj)
                0x000000000000e2f8                z_impl_k_mutex_unlock
 .text.z_impl_k_queue_get
                0x000000000000e370       0x64 zephyr/kernel/libkernel.a(queue.c.obj)
                0x000000000000e370                z_impl_k_queue_get
 .text.z_impl_k_sem_give
                0x000000000000e3d4       0x48 zephyr/kernel/libkernel.a(sem.c.obj)
                0x000000000000e3d4                z_impl_k_sem_give
 .text.z_impl_k_sem_take
                0x000000000000e41c       0x4c zephyr/kernel/libkernel.a(sem.c.obj)
                0x000000000000e41c                z_impl_k_sem_take
 .text.k_sys_work_q_init
                0x000000000000e468       0x34 zephyr/kernel/libkernel.a(system_work_q.c.obj)
 .text.work_queue_main
                0x000000000000e49c      0x144 zephyr/kernel/libkernel.a(work.c.obj)
 .text.cancel_sync_locked
                0x000000000000e5e0       0x3c zephyr/kernel/libkernel.a(work.c.obj)
 .text.submit_to_queue_locked
                0x000000000000e61c       0xb4 zephyr/kernel/libkernel.a(work.c.obj)
 .text.work_flush_locked
                0x000000000000e6d0       0x8c zephyr/kernel/libkernel.a(work.c.obj)
 .text.k_work_submit
                0x000000000000e75c        0xc zephyr/kernel/libkernel.a(work.c.obj)
                0x000000000000e75c                k_work_submit
 .text.k_work_queue_start
                0x000000000000e768       0x7c zephyr/kernel/libkernel.a(work.c.obj)
                0x000000000000e768                k_work_queue_start
 .text.k_work_queue_drain
                0x000000000000e7e4       0x78 zephyr/kernel/libkernel.a(work.c.obj)
                0x000000000000e7e4                k_work_queue_drain
 .text.k_work_schedule_for_queue
                0x000000000000e85c       0x54 zephyr/kernel/libkernel.a(work.c.obj)
                0x000000000000e85c                k_work_schedule_for_queue
 .text.k_work_schedule
                0x000000000000e8b0        0xc zephyr/kernel/libkernel.a(work.c.obj)
                0x000000000000e8b0                k_work_schedule
 .text.k_work_reschedule_for_queue
                0x000000000000e8bc       0x5c zephyr/kernel/libkernel.a(work.c.obj)
                0x000000000000e8bc                k_work_reschedule_for_queue
 .text.k_work_reschedule
                0x000000000000e918        0xc zephyr/kernel/libkernel.a(work.c.obj)
                0x000000000000e918                k_work_reschedule
 .text.z_setup_new_thread
                0x000000000000e924       0x7c zephyr/kernel/libkernel.a(thread.c.obj)
                0x000000000000e924                z_setup_new_thread
 .text.z_impl_k_thread_create
                0x000000000000e9a0       0x58 zephyr/kernel/libkernel.a(thread.c.obj)
                0x000000000000e9a0                z_impl_k_thread_create
 .text.update_cache
                0x000000000000e9f8       0x3c zephyr/kernel/libkernel.a(sched.c.obj)
 .text.unready_thread
                0x000000000000ea34       0x30 zephyr/kernel/libkernel.a(sched.c.obj)
 .text.ready_thread
                0x000000000000ea64       0x68 zephyr/kernel/libkernel.a(sched.c.obj)
 .text.z_thread_halt
                0x000000000000eacc       0xe0 zephyr/kernel/libkernel.a(sched.c.obj)
 .text.move_thread_to_end_of_prio_q
                0x000000000000ebac       0x74 zephyr/kernel/libkernel.a(sched.c.obj)
                0x000000000000ebac                move_thread_to_end_of_prio_q
 .text.z_pend_curr
                0x000000000000ec20       0x58 zephyr/kernel/libkernel.a(sched.c.obj)
                0x000000000000ec20                z_pend_curr
 .text.z_thread_prio_set
                0x000000000000ec78       0x88 zephyr/kernel/libkernel.a(sched.c.obj)
                0x000000000000ec78                z_thread_prio_set
 .text.z_reschedule
                0x000000000000ed00       0x24 zephyr/kernel/libkernel.a(sched.c.obj)
                0x000000000000ed00                z_reschedule
 .text.z_sched_start
                0x000000000000ed24       0x3c zephyr/kernel/libkernel.a(sched.c.obj)
                0x000000000000ed24                z_sched_start
 .text.z_reschedule_irqlock
                0x000000000000ed60       0x28 zephyr/kernel/libkernel.a(sched.c.obj)
                0x000000000000ed60                z_reschedule_irqlock
 .text.k_sched_lock
                0x000000000000ed88       0x28 zephyr/kernel/libkernel.a(sched.c.obj)
                0x000000000000ed88                k_sched_lock
 .text.k_sched_unlock
                0x000000000000edb0       0x40 zephyr/kernel/libkernel.a(sched.c.obj)
                0x000000000000edb0                k_sched_unlock
 .text.z_sched_init
                0x000000000000edf0       0x10 zephyr/kernel/libkernel.a(sched.c.obj)
                0x000000000000edf0                z_sched_init
 .text.z_impl_k_yield
                0x000000000000ee00       0x7c zephyr/kernel/libkernel.a(sched.c.obj)
                0x000000000000ee00                z_impl_k_yield
 .text.z_tick_sleep
                0x000000000000ee7c       0x88 zephyr/kernel/libkernel.a(sched.c.obj)
 .text.z_impl_k_sleep
                0x000000000000ef04       0x3c zephyr/kernel/libkernel.a(sched.c.obj)
                0x000000000000ef04                z_impl_k_sleep
 .text.z_impl_k_usleep
                0x000000000000ef40       0x3c zephyr/kernel/libkernel.a(sched.c.obj)
                0x000000000000ef40                z_impl_k_usleep
 .text.z_impl_k_sched_current_thread_query
                0x000000000000ef7c        0xc zephyr/kernel/libkernel.a(sched.c.obj)
                0x000000000000ef7c                z_impl_k_sched_current_thread_query
 .text.z_sched_wait
                0x000000000000ef88       0x24 zephyr/kernel/libkernel.a(sched.c.obj)
                0x000000000000ef88                z_sched_wait
 .text.slice_timeout
                0x000000000000efac       0x20 zephyr/kernel/libkernel.a(timeslicing.c.obj)
 .text.thread_is_sliceable
                0x000000000000efcc       0x3c zephyr/kernel/libkernel.a(timeslicing.c.obj)
                0x000000000000efcc                thread_is_sliceable
 .text.z_reset_time_slice
                0x000000000000f008       0x50 zephyr/kernel/libkernel.a(timeslicing.c.obj)
                0x000000000000f008                z_reset_time_slice
 .text.z_time_slice
                0x000000000000f058       0x60 zephyr/kernel/libkernel.a(timeslicing.c.obj)
                0x000000000000f058                z_time_slice
 .text.z_data_copy
                0x000000000000f0b8       0x34 zephyr/kernel/libkernel.a(xip.c.obj)
                0x000000000000f0b8                z_data_copy
 .text.elapsed  0x000000000000f0ec       0x14 zephyr/kernel/libkernel.a(timeout.c.obj)
 .text.remove_timeout
                0x000000000000f100       0x38 zephyr/kernel/libkernel.a(timeout.c.obj)
 .text.next_timeout
                0x000000000000f138       0x40 zephyr/kernel/libkernel.a(timeout.c.obj)
 .text.z_add_timeout