Archive member included to satisfy reference by file (symbol)

app/libapp.a(main.c.obj)      (--whole-archive)
zephyr/libzephyr.a(heap.c.obj)
                              (--whole-archive)
zephyr/libzephyr.a(cbprintf_packaged.c.obj)
                              (--whole-archive)
zephyr/libzephyr.a(printk.c.obj)
                              (--whole-archive)
zephyr/libzephyr.a(sem.c.obj)
                              (--whole-archive)
zephyr/libzephyr.a(thread_entry.c.obj)
                              (--whole-archive)
zephyr/libzephyr.a(cbprintf_complete.c.obj)
                              (--whole-archive)
zephyr/libzephyr.a(assert.c.obj)
                              (--whole-archive)
zephyr/libzephyr.a(mpsc_pbuf.c.obj)
                              (--whole-archive)
zephyr/libzephyr.a(dec.c.obj)
                              (--whole-archive)
zephyr/libzephyr.a(hex.c.obj)
                              (--whole-archive)
zephyr/libzephyr.a(rb.c.obj)  (--whole-archive)
zephyr/libzephyr.a(timeutil.c.obj)
                              (--whole-archive)
zephyr/libzephyr.a(bitarray.c.obj)
                              (--whole-archive)
zephyr/libzephyr.a(onoff.c.obj)
                              (--whole-archive)
zephyr/libzephyr.a(notify.c.obj)
                              (--whole-archive)
zephyr/libzephyr.a(configs.c.obj)
                              (--whole-archive)
zephyr/libzephyr.a(log_core.c.obj)
                              (--whole-archive)
zephyr/libzephyr.a(log_mgmt.c.obj)
                              (--whole-archive)
zephyr/libzephyr.a(log_cache.c.obj)
                              (--whole-archive)
zephyr/libzephyr.a(log_msg.c.obj)
                              (--whole-archive)
zephyr/libzephyr.a(log_output.c.obj)
                              (--whole-archive)
zephyr/libzephyr.a(log_backend_uart.c.obj)
                              (--whole-archive)
zephyr/libzephyr.a(mem_attr.c.obj)
                              (--whole-archive)
zephyr/libzephyr.a(tracing_none.c.obj)
                              (--whole-archive)
zephyr/libzephyr.a(banner.c.obj)
                              (--whole-archive)
zephyr/libzephyr.a(flash_map_partition_manager.c.obj)
                              (--whole-archive)
zephyr/libzephyr.a(nrf_cc3xx_platform_abort_zephyr.c.obj)
                              (--whole-archive)
zephyr/libzephyr.a(nrf_cc3xx_platform_mutex_zephyr.c.obj)
                              (--whole-archive)
zephyr/arch/common/libarch__common.a(sw_isr_common.c.obj)
                              (--whole-archive)
zephyr/arch/arch/arm/core/libarch__arm__core.a(fatal.c.obj)
                              (--whole-archive)
zephyr/arch/arch/arm/core/libarch__arm__core.a(nmi.c.obj)
                              (--whole-archive)
zephyr/arch/arch/arm/core/libarch__arm__core.a(nmi_on_reset.S.obj)
                              (--whole-archive)
zephyr/arch/arch/arm/core/libarch__arm__core.a(tls.c.obj)
                              (--whole-archive)
zephyr/arch/arch/arm/core/cortex_m/libarch__arm__core__cortex_m.a(exc_exit.c.obj)
                              (--whole-archive)
zephyr/arch/arch/arm/core/cortex_m/libarch__arm__core__cortex_m.a(fault.c.obj)
                              (--whole-archive)
zephyr/arch/arch/arm/core/cortex_m/libarch__arm__core__cortex_m.a(fault_s.S.obj)
                              (--whole-archive)
zephyr/arch/arch/arm/core/cortex_m/libarch__arm__core__cortex_m.a(fpu.c.obj)
                              (--whole-archive)
zephyr/arch/arch/arm/core/cortex_m/libarch__arm__core__cortex_m.a(reset.S.obj)
                              (--whole-archive)
zephyr/arch/arch/arm/core/cortex_m/libarch__arm__core__cortex_m.a(scb.c.obj)
                              (--whole-archive)
zephyr/arch/arch/arm/core/cortex_m/libarch__arm__core__cortex_m.a(thread_abort.c.obj)
                              (--whole-archive)
zephyr/arch/arch/arm/core/cortex_m/libarch__arm__core__cortex_m.a(vector_table.S.obj)
                              (--whole-archive)
zephyr/arch/arch/arm/core/cortex_m/libarch__arm__core__cortex_m.a(swap.c.obj)
                              (--whole-archive)
zephyr/arch/arch/arm/core/cortex_m/libarch__arm__core__cortex_m.a(swap_helper.S.obj)
                              (--whole-archive)
zephyr/arch/arch/arm/core/cortex_m/libarch__arm__core__cortex_m.a(irq_manage.c.obj)
                              (--whole-archive)
zephyr/arch/arch/arm/core/cortex_m/libarch__arm__core__cortex_m.a(prep_c.c.obj)
                              (--whole-archive)
zephyr/arch/arch/arm/core/cortex_m/libarch__arm__core__cortex_m.a(thread.c.obj)
                              (--whole-archive)
zephyr/arch/arch/arm/core/cortex_m/libarch__arm__core__cortex_m.a(cpu_idle.c.obj)
                              (--whole-archive)
zephyr/arch/arch/arm/core/cortex_m/libarch__arm__core__cortex_m.a(irq_init.c.obj)
                              (--whole-archive)
[...]
Memory Configuration

Name             Origin             Length             Attributes
FLASH            0x0000000000000000 0x0000000000100000 xr
RAM              0x0000000020000000 0x0000000000070000 xw
IDT_LIST         0x00000000ffff7fff 0x0000000000008000 xw
*default*        0x0000000000000000 0xffffffffffffffff

Linker script and memory map

                0x00000000000084dc                vfprintf = __d_vfprintf
                0x0000000000000000                vfscanf = __d_vfscanf
LOAD zephyr/CMakeFiles/zephyr_final.dir/misc/empty_file.c.obj
LOAD zephyr/CMakeFiles/zephyr_final.dir/isr_tables.c.obj
LOAD zephyr/CMakeFiles/offsets.dir/./arch/arm/core/offsets/offsets.c.obj
LOAD app/libapp.a
LOAD zephyr/libzephyr.a
LOAD zephyr/arch/common/libarch__common.a
LOAD zephyr/arch/arch/arm/core/libarch__arm__core.a
LOAD zephyr/arch/arch/arm/core/cortex_m/libarch__arm__core__cortex_m.a
LOAD zephyr/arch/arch/arm/core/cortex_m/cmse/libarch__arm__core__cortex_m__cmse.a
LOAD zephyr/arch/arch/arm/core/mpu/libarch__arm__core__mpu.a
LOAD zephyr/lib/libc/picolibc/liblib__libc__picolibc.a
LOAD zephyr/lib/libc/common/liblib__libc__common.a
LOAD zephyr/soc/soc/nrf5340/libsoc__nordic.a
LOAD zephyr/drivers/clock_control/libdrivers__clock_control.a
LOAD zephyr/drivers/console/libdrivers__console.a
LOAD zephyr/drivers/gpio/libdrivers__gpio.a
LOAD zephyr/drivers/i2c/libdrivers__i2c.a
LOAD zephyr/drivers/mbox/libdrivers__mbox.a
LOAD zephyr/drivers/pinctrl/libdrivers__pinctrl.a
LOAD zephyr/drivers/sensor/bosch/bmi270/libdrivers__sensor__bosch__bmi270.a
LOAD zephyr/drivers/serial/libdrivers__serial.a
LOAD zephyr/drivers/timer/libdrivers__timer.a
LOAD modules/nrf/drivers/hw_cc3xx/lib..__nrf__drivers__hw_cc3xx.a
LOAD modules/hal_nordic/nrfx/libmodules__hal_nordic__nrfx.a
LOAD zephyr/kernel/libkernel.a
LOAD zephyr/arch/common/libisr_tables.a
LOAD C:/ncs/v2.9.0/nrfxlib/crypto/nrf_cc312_platform/lib/cortex-m33/soft-float/no-interrupts/libnrf_cc312_platform_0.9.19.a
LOAD c:\ncs\toolchains\b620d30767\opt\zephyr-sdk\arm-zephyr-eabi\bin\../lib/gcc/../../picolibc/arm-zephyr-eabi/lib/thumb/v8-m.main/nofp\libc.a
LOAD c:/ncs/toolchains/b620d30767/opt/zephyr-sdk/arm-zephyr-eabi/bin/../lib/gcc/arm-zephyr-eabi/12.2.0/thumb/v8-m.main/nofp\libgcc.a
                0x0000000000000020                _region_min_align = 0x20

.rel.plt        0x0000000000000000        0x0
 *(SORT_BY_ALIGNMENT(.rel.plt))
                [!provide]                        PROVIDE (__rel_iplt_start = .)
 *(SORT_BY_ALIGNMENT(.rel.iplt))
 .rel.iplt      0x0000000000000000        0x0 zephyr/CMakeFiles/zephyr_final.dir/isr_tables.c.obj
                [!provide]                        PROVIDE (__rel_iplt_end = .)

.rela.plt       0x0000000000000000        0x0
 *(SORT_BY_ALIGNMENT(.rela.plt))
                [!provide]                        PROVIDE (__rela_iplt_start = .)
 *(SORT_BY_ALIGNMENT(.rela.iplt))
                [!provide]                        PROVIDE (__rela_iplt_end = .)

.rel.dyn
 *(SORT_BY_ALIGNMENT(.rel.*))

.rela.dyn
 *(SORT_BY_ALIGNMENT(.rela.*))

/DISCARD/
 *(SORT_BY_ALIGNMENT(.plt))

/DISCARD/
 *(SORT_BY_ALIGNMENT(.iplt))
                0x0000000000000000                __rom_region_start = 0x0

rom_start       0x0000000000000000      0x154
                0x0000000000000000                __rom_start_address = .
 FILL mask 0x00
                0x0000000000000000                . = (. + (0x0 - (. - __rom_start_address)))
                0x0000000000000000                . = ALIGN (0x4)
                0x0000000000000000                . = ALIGN (0x80)
                0x0000000000000000                . = ALIGN (0x200)
                0x0000000000000000                _vector_start = .
 *(SORT_BY_ALIGNMENT(.exc_vector_table))
 *(SORT_BY_ALIGNMENT(.exc_vector_table.*))
 .exc_vector_table._vector_table_section
                0x0000000000000000       0x40 zephyr/arch/arch/arm/core/cortex_m/libarch__arm__core__cortex_m.a(vector_table.S.obj)
                0x0000000000000000                _vector_table
 *(SORT_BY_ALIGNMENT(.vectors))
                0x0000000000000154                _vector_end = .
                0x0000000000000040                . = ALIGN (0x4)
 *(SORT_BY_ALIGNMENT(.gnu.linkonce.irq_vector_table*))
 .gnu.linkonce.irq_vector_table
                0x0000000000000040      0x114 zephyr/CMakeFiles/zephyr_final.dir/isr_tables.c.obj
                0x0000000000000040                _irq_vector_table
                0x0000000000000154                _vector_end = .

text            0x0000000000000158     0xb3e8
                0x0000000000000158                __text_region_start = .
 *(SORT_BY_ALIGNMENT(.text))
 .text          0x0000000000000158      0x168 c:/ncs/toolchains/b620d30767/opt/zephyr-sdk/arm-zephyr-eabi/bin/../lib/gcc/arm-zephyr-eabi/12.2.0/thumb/v8-m.main/nofp\libgcc.a(_arm_mulsf3.o)
                0x0000000000000158                __aeabi_fmul
                0x0000000000000158                __mulsf3
 .text          0x00000000000002c0      0x378 c:/ncs/toolchains/b620d30767/opt/zephyr-sdk/arm-zephyr-eabi/bin/../lib/gcc/arm-zephyr-eabi/12.2.0/thumb/v8-m.main/nofp\libgcc.a(_arm_addsubdf3.o)
                0x00000000000002c0                __aeabi_drsub
                0x00000000000002c8                __aeabi_dsub
                0x00000000000002c8                __subdf3
                0x00000000000002cc                __aeabi_dadd
                0x00000000000002cc                __adddf3
                0x0000000000000544                __floatunsidf
                0x0000000000000544                __aeabi_ui2d
                0x0000000000000564                __floatsidf
                0x0000000000000564                __aeabi_i2d
                0x0000000000000588                __aeabi_f2d
                0x0000000000000588                __extendsfdf2
                0x00000000000005cc                __floatundidf
                0x00000000000005cc                __aeabi_ul2d
                0x00000000000005dc                __floatdidf
                0x00000000000005dc                __aeabi_l2d
 .text          0x0000000000000638      0x424 c:/ncs/toolchains/b620d30767/opt/zephyr-sdk/arm-zephyr-eabi/bin/../lib/gcc/arm-zephyr-eabi/12.2.0/thumb/v8-m.main/nofp\libgcc.a(_arm_muldivdf3.o)
                0x0000000000000638                __aeabi_dmul
                0x0000000000000638                __muldf3
                0x000000000000088c                __divdf3
                0x000000000000088c                __aeabi_ddiv
 .text          0x0000000000000a5c      0x110 c:/ncs/toolchains/b620d30767/opt/zephyr-sdk/arm-zephyr-eabi/bin/../lib/gcc/arm-zephyr-eabi/12.2.0/thumb/v8-m.main/nofp\libgcc.a(_arm_cmpdf2.o)
                0x0000000000000a5c                __gtdf2
                0x0000000000000a5c                __gedf2
                0x0000000000000a64                __ltdf2
                0x0000000000000a64                __ledf2
                0x0000000000000a6c                __nedf2
                0x0000000000000a6c                __eqdf2
                0x0000000000000a6c                __cmpdf2
                0x0000000000000ae8                __aeabi_cdrcmple
                0x0000000000000af8                __aeabi_cdcmpeq
                0x0000000000000af8                __aeabi_cdcmple
                0x0000000000000b08                __aeabi_dcmpeq
                0x0000000000000b1c                __aeabi_dcmplt
                0x0000000000000b30                __aeabi_dcmple
                0x0000000000000b44                __aeabi_dcmpge
                0x0000000000000b58                __aeabi_dcmpgt
 .text          0x0000000000000b6c       0xa0 c:/ncs/toolchains/b620d30767/opt/zephyr-sdk/arm-zephyr-eabi/bin/../lib/gcc/arm-zephyr-eabi/12.2.0/thumb/v8-m.main/nofp\libgcc.a(_arm_truncdfsf2.o)
                0x0000000000000b6c                __truncdfsf2
                0x0000000000000b6c                __aeabi_d2f
 .text          0x0000000000000c0c      0x21c c:/ncs/toolchains/b620d30767/opt/zephyr-sdk/arm-zephyr-eabi/bin/../lib/gcc/arm-zephyr-eabi/12.2.0/thumb/v8-m.main/nofp\libgcc.a(_arm_addsubsf3.o)
                0x0000000000000c0c                __aeabi_frsub
                0x0000000000000c14                __subsf3
                0x0000000000000c14                __aeabi_fsub
                0x0000000000000c18                __aeabi_fadd
                0x0000000000000c18                __addsf3
                0x0000000000000d78                __aeabi_ui2f
                0x0000000000000d78                __floatunsisf
                0x0000000000000d80                __aeabi_i2f
                0x0000000000000d80                __floatsisf
                0x0000000000000d9c                __aeabi_ul2f
                0x0000000000000d9c                __floatundisf
                0x0000000000000dac                __aeabi_l2f
                0x0000000000000dac                __floatdisf
 .text          0x0000000000000e28       0xa0 c:/ncs/toolchains/b620d30767/opt/zephyr-sdk/arm-zephyr-eabi/bin/../lib/gcc/arm-zephyr-eabi/12.2.0/thumb/v8-m.main/nofp\libgcc.a(_aeabi_ldivmod.o)
                0x0000000000000e28                __aeabi_ldivmod
 .text          0x0000000000000ec8       0x30 c:/ncs/toolchains/b620d30767/opt/zephyr-sdk/arm-zephyr-eabi/bin/../lib/gcc/arm-zephyr-eabi/12.2.0/thumb/v8-m.main/nofp\libgcc.a(_aeabi_uldivmod.o)
                0x0000000000000ec8                __aeabi_uldivmod
 .text          0x0000000000000ef8        0x4 c:/ncs/toolchains/b620d30767/opt/zephyr-sdk/arm-zephyr-eabi/bin/../lib/gcc/arm-zephyr-eabi/12.2.0/thumb/v8-m.main/nofp\libgcc.a(_dvmd_tls.o)
                0x0000000000000ef8                __aeabi_idiv0
                0x0000000000000ef8                __aeabi_ldiv0
 .text          0x0000000000000efc       0x10 c:\ncs\toolchains\b620d30767\opt\zephyr-sdk\arm-zephyr-eabi\bin\../lib/gcc/../../picolibc/arm-zephyr-eabi/lib/thumb/v8-m.main/nofp\libc.a(strlen.S.o)
                0x0000000000000efc                strlen
 .text          0x0000000000000f0c      0x29c c:/ncs/toolchains/b620d30767/opt/zephyr-sdk/arm-zephyr-eabi/bin/../lib/gcc/arm-zephyr-eabi/12.2.0/thumb/v8-m.main/nofp\libgcc.a(_udivmoddi4.o)
                0x0000000000000f0c                __udivmoddi4
 *(SORT_BY_ALIGNMENT(.text.*))
 .text.compute_total_acceleration
                0x00000000000011a8       0xd0 app/libapp.a(main.c.obj)
                0x00000000000011a8                compute_total_acceleration
 .text.bmi270_channel_get
                0x0000000000001278      0x1e8 zephyr/drivers/sensor/bosch/bmi270/libdrivers__sensor__bosch__bmi270.a(bmi270.c.obj)
 .text.set_accel_odr_osr
                0x0000000000001460      0x398 zephyr/drivers/sensor/bosch/bmi270/libdrivers__sensor__bosch__bmi270.a(bmi270.c.obj)
 .text.set_gyro_odr_osr
                0x00000000000017f8      0x270 zephyr/drivers/sensor/bosch/bmi270/libdrivers__sensor__bosch__bmi270.a(bmi270.c.obj)
 .text.detect_fall
                0x0000000000001a68      0x16c app/libapp.a(main.c.obj)
                0x0000000000001a68                detect_fall
 .text.main     0x0000000000001bd4       0x90 app/libapp.a(main.c.obj)
                0x0000000000001bd4                main
 .text.cbvprintf_package
                0x0000000000001c64      0x3a4 zephyr/libzephyr.a(cbprintf_packaged.c.obj)
                0x0000000000001c64                cbvprintf_package
 .text.cbprintf_package_convert
                0x0000000000002008      0x3c0 zephyr/libzephyr.a(cbprintf_packaged.c.obj)
                0x0000000000002008                cbprintf_package_convert
 .text.__printk_hook_install
                0x00000000000023c8        0xc zephyr/libzephyr.a(printk.c.obj)
                0x00000000000023c8                __printk_hook_install
 .text.z_thread_entry
                0x00000000000023d4       0x34 zephyr/libzephyr.a(thread_entry.c.obj)
                0x00000000000023d4                z_thread_entry
 .text.process_event
                0x0000000000002408      0x21c zephyr/libzephyr.a(onoff.c.obj)
 .text.activate_foreach_backend
                0x0000000000002624       0x64 zephyr/libzephyr.a(log_core.c.obj)
 .text.enable_logger
                0x0000000000002688       0x5c zephyr/libzephyr.a(log_core.c.obj)
 .text.log_process_thread_timer_expiry_fn
                0x00000000000026e4        0xc zephyr/libzephyr.a(log_core.c.obj)
 .text.z_log_init
                0x00000000000026f0       0x90 zephyr/libzephyr.a(log_core.c.obj)
 .text.log_format_func_t_get
                0x0000000000002780        0xc zephyr/libzephyr.a(log_core.c.obj)
                0x0000000000002780                log_format_func_t_get
 .text.log_set_timestamp_func
                0x000000000000278c       0x20 zephyr/libzephyr.a(log_core.c.obj)
                0x000000000000278c                log_set_timestamp_func
 .text.z_log_notify_backend_enabled
                0x00000000000027ac       0x1c zephyr/libzephyr.a(log_core.c.obj)
                0x00000000000027ac                z_log_notify_backend_enabled
 .text.z_log_dropped
                0x00000000000027c8       0x3c zephyr/libzephyr.a(log_core.c.obj)
                0x00000000000027c8                z_log_dropped
 .text.z_log_dropped_read_and_clear
                0x0000000000002804       0x18 zephyr/libzephyr.a(log_core.c.obj)
                0x0000000000002804                z_log_dropped_read_and_clear
 .text.dropped_notify
                0x000000000000281c       0x30 zephyr/libzephyr.a(log_core.c.obj)
                0x000000000000281c                dropped_notify
 .text.z_log_msg_init
                0x000000000000284c       0x20 zephyr/libzephyr.a(log_core.c.obj)
                0x000000000000284c                z_log_msg_init
 .text.log_core_init
                0x000000000000286c       0x34 zephyr/libzephyr.a(log_core.c.obj)
                0x000000000000286c                log_core_init
 .text.z_log_msg_alloc
                0x00000000000028a0       0x10 zephyr/libzephyr.a(log_core.c.obj)
                0x00000000000028a0                z_log_msg_alloc
 .text.z_log_msg_local_claim
                0x00000000000028b0        0xc zephyr/libzephyr.a(log_core.c.obj)
                0x00000000000028b0                z_log_msg_local_claim
 .text.z_log_msg_free
                0x00000000000028bc       0x10 zephyr/libzephyr.a(log_core.c.obj)
                0x00000000000028bc                z_log_msg_free
 .text.z_log_msg_pending
                0x00000000000028cc        0xc zephyr/libzephyr.a(log_core.c.obj)
                0x00000000000028cc                z_log_msg_pending
 .text.z_impl_log_process
                0x00000000000028d8       0xb4 zephyr/libzephyr.a(log_core.c.obj)
                0x00000000000028d8                z_impl_log_process
 .text.z_impl_log_panic
                0x000000000000298c       0x44 zephyr/libzephyr.a(log_core.c.obj)
                0x000000000000298c                z_impl_log_panic
 .text.log_process_thread_func
                0x00000000000029d0       0xa4 zephyr/libzephyr.a(log_core.c.obj)
 .text.z_log_msg_post_finalize
                0x0000000000002a74       0x78 zephyr/libzephyr.a(log_core.c.obj)
 .text.z_log_msg_commit
                0x0000000000002aec       0x24 zephyr/libzephyr.a(log_core.c.obj)
                0x0000000000002aec                z_log_msg_commit
 .text.log_source_name_get
                0x0000000000002b10       0x1c zephyr/libzephyr.a(log_mgmt.c.obj)
                0x0000000000002b10                log_source_name_get
 .text.log_backend_enable
                0x0000000000002b2c       0x28 zephyr/libzephyr.a(log_mgmt.c.obj)
                0x0000000000002b2c                log_backend_enable
 .text.z_impl_z_log_msg_static_create
                0x0000000000002b54      0x108 zephyr/libzephyr.a(log_msg.c.obj)
                0x0000000000002b54                z_impl_z_log_msg_static_create
 .text.z_log_msg_runtime_vcreate
                0x0000000000002c5c       0xa0 zephyr/libzephyr.a(log_msg.c.obj)
                0x0000000000002c5c                z_log_msg_runtime_vcreate
 .text.log_msg_get_source_id
                0x0000000000002cfc       0x18 zephyr/libzephyr.a(log_msg.c.obj)
                0x0000000000002cfc                log_msg_get_source_id
 .text.print_formatted
                0x0000000000002d14       0x24 zephyr/libzephyr.a(log_output.c.obj)
 .text.newline_print
                0x0000000000002d38       0x1c zephyr/libzephyr.a(log_output.c.obj)
 .text.log_output_process
                0x0000000000002d54      0x2d4 zephyr/libzephyr.a(log_output.c.obj)
                0x0000000000002d54                log_output_process
 .text.log_output_dropped_process
                0x0000000000003028       0x58 zephyr/libzephyr.a(log_output.c.obj)
                0x0000000000003028                log_output_dropped_process
 .text.log_output_timestamp_freq_set
                0x0000000000003080       0x2c zephyr/libzephyr.a(log_output.c.obj)
                0x0000000000003080                log_output_timestamp_freq_set
 .text.char_out
                0x00000000000030ac       0x24 zephyr/libzephyr.a(log_backend_uart.c.obj)
 .text.mem_attr_get_regions
                0x00000000000030d0        0xc zephyr/libzephyr.a(mem_attr.c.obj)
                0x00000000000030d0                mem_attr_get_regions
 .text.boot_banner
                0x00000000000030dc       0x1c zephyr/libzephyr.a(banner.c.obj)
                0x00000000000030dc                boot_banner
 .text.nrf_cc3xx_platform_abort_init
                0x00000000000030f8        0xc zephyr/libzephyr.a(nrf_cc3xx_platform_abort_zephyr.c.obj)
                0x00000000000030f8                nrf_cc3xx_platform_abort_init
 .text.mutex_free_platform
                0x0000000000003104       0x54 zephyr/libzephyr.a(nrf_cc3xx_platform_mutex_zephyr.c.obj)
 .text.mutex_lock_platform
                0x0000000000003158       0x74 zephyr/libzephyr.a(nrf_cc3xx_platform_mutex_zephyr.c.obj)
 .text.mutex_unlock_platform
                0x00000000000031cc       0x68 zephyr/libzephyr.a(nrf_cc3xx_platform_mutex_zephyr.c.obj)
 .text.mutex_init_platform
                0x0000000000003234       0x94 zephyr/libzephyr.a(nrf_cc3xx_platform_mutex_zephyr.c.obj)
 .text.nrf_cc3xx_platform_mutex_init
                0x00000000000032c8       0x2c zephyr/libzephyr.a(nrf_cc3xx_platform_mutex_zephyr.c.obj)
                0x00000000000032c8                nrf_cc3xx_platform_mutex_init
 .text.z_arm_fatal_error
                0x00000000000032f4       0xb8 zephyr/arch/arch/arm/core/libarch__arm__core.a(fatal.c.obj)
                0x00000000000032f4                z_arm_fatal_error
 .text.z_SysNmiOnReset
                0x00000000000033ac        0x8 zephyr/arch/arch/arm/core/libarch__arm__core.a(nmi_on_reset.S.obj)
                0x00000000000033ac                z_SysNmiOnReset
 .text.arch_tls_stack_setup
                0x00000000000033b4       0x40 zephyr/arch/arch/arm/core/libarch__arm__core.a(tls.c.obj)
                0x00000000000033b4                arch_tls_stack_setup
 .text._HandlerModeExit
                0x00000000000033f4       0x28 zephyr/arch/arch/arm/core/cortex_m/libarch__arm__core__cortex_m.a(exc_exit.c.obj)
                0x00000000000033f4                z_arm_int_exit
                0x00000000000033f4                z_arm_exc_exit
 .text.mem_manage_fault.constprop.0
                0x000000000000341c       0xd0 zephyr/arch/arch/arm/core/cortex_m/libarch__arm__core__cortex_m.a(fault.c.obj)
 .text.usage_fault.constprop.0
                0x00000000000034ec       0xbc zephyr/arch/arch/arm/core/cortex_m/libarch__arm__core__cortex_m.a(fault.c.obj)
 .text.bus_fault.constprop.0
                0x00000000000035a8       0xd0 zephyr/arch/arch/arm/core/cortex_m/libarch__arm__core__cortex_m.a(fault.c.obj)
 .text.z_arm_fault
                0x0000000000003678      0x1d0 zephyr/arch/arch/arm/core/cortex_m/libarch__arm__core__cortex_m.a(fault.c.obj)
                0x0000000000003678                z_arm_fault
 .text.z_arm_fault_init
                0x0000000000003848       0x20 zephyr/arch/arch/arm/core/cortex_m/libarch__arm__core__cortex_m.a(fault.c.obj)
                0x0000000000003848                z_arm_fault_init
 .text.__fault  0x0000000000003868       0x14 zephyr/arch/arch/arm/core/cortex_m/libarch__arm__core__cortex_m.a(fault_s.S.obj)
                0x0000000000003868                z_arm_usage_fault
                0x0000000000003868                z_arm_mpu_fault
                0x0000000000003868                z_arm_exc_spurious
                0x0000000000003868                z_arm_debug_monitor
                0x0000000000003868                z_arm_hard_fault
                0x0000000000003868                z_arm_bus_fault
 .text._reset_section
                0x000000000000387c       0x60 zephyr/arch/arch/arm/core/cortex_m/libarch__arm__core__cortex_m.a(reset.S.obj)
                0x000000000000387c                __start
                0x000000000000387c                z_arm_reset
 .text.z_arm_clear_arm_mpu_config
                0x00000000000038dc       0x24 zephyr/arch/arch/arm/core/cortex_m/libarch__arm__core__cortex_m.a(scb.c.obj)
                0x00000000000038dc                z_arm_clear_arm_mpu_config
 .text.z_arm_init_arch_hw_at_boot
                0x0000000000003900       0x4c zephyr/arch/arch/arm/core/cortex_m/libarch__arm__core__cortex_m.a(scb.c.obj)
                0x0000000000003900                z_arm_init_arch_hw_at_boot
 .text.z_impl_k_thread_abort
                0x000000000000394c       0x2c zephyr/arch/arch/arm/core/cortex_m/libarch__arm__core__cortex_m.a(thread_abort.c.obj)
                0x000000000000394c                z_impl_k_thread_abort
 .text.arch_swap
                0x0000000000003978       0x30 zephyr/arch/arch/arm/core/cortex_m/libarch__arm__core__cortex_m.a(swap.c.obj)
                0x0000000000003978                arch_swap
 .text.z_arm_pendsv_c
                0x00000000000039a8       0x40 zephyr/arch/arch/arm/core/cortex_m/libarch__arm__core__cortex_m.a(swap.c.obj)
                0x00000000000039a8                z_arm_pendsv_c
 .text.z_arm_pendsv
                0x00000000000039e8       0x40 zephyr/arch/arch/arm/core/cortex_m/libarch__arm__core__cortex_m.a(swap_helper.S.obj)
                0x00000000000039e8                z_arm_pendsv
 .text.z_arm_svc
                0x0000000000003a28       0x20 zephyr/arch/arch/arm/core/cortex_m/libarch__arm__core__cortex_m.a(swap_helper.S.obj)
                0x0000000000003a28                z_arm_svc
 .text.arch_irq_enable
                0x0000000000003a48       0x1c zephyr/arch/arch/arm/core/cortex_m/libarch__arm__core__cortex_m.a(irq_manage.c.obj)
                0x0000000000003a48                arch_irq_enable
 .text.arch_irq_disable
                0x0000000000003a64       0x28 zephyr/arch/arch/arm/core/cortex_m/libarch__arm__core__cortex_m.a(irq_manage.c.obj)
                0x0000000000003a64                arch_irq_disable
 .text.arch_irq_is_enabled
                0x0000000000003a8c       0x1c zephyr/arch/arch/arm/core/cortex_m/libarch__arm__core__cortex_m.a(irq_manage.c.obj)
                0x0000000000003a8c                arch_irq_is_enabled
 .text.z_arm_irq_priority_set
                0x0000000000003aa8       0x2c zephyr/arch/arch/arm/core/cortex_m/libarch__arm__core__cortex_m.a(irq_manage.c.obj)
                0x0000000000003aa8                z_arm_irq_priority_set
 .text.z_prep_c
                0x0000000000003ad4       0x38 zephyr/arch/arch/arm/core/cortex_m/libarch__arm__core__cortex_m.a(prep_c.c.obj)
                0x0000000000003ad4                z_prep_c
 .text.arch_new_thread
                0x0000000000003b0c       0x38 zephyr/arch/arch/arm/core/cortex_m/libarch__arm__core__cortex_m.a(thread.c.obj)
                0x0000000000003b0c                arch_new_thread
 .text.arch_switch_to_main_thread
                0x0000000000003b44       0x48 zephyr/arch/arch/arm/core/cortex_m/libarch__arm__core__cortex_m.a(thread.c.obj)
                0x0000000000003b44                arch_switch_to_main_thread
 .text.z_arm_cpu_idle_init
                0x0000000000003b8c        0xc zephyr/arch/arch/arm/core/cortex_m/libarch__arm__core__cortex_m.a(cpu_idle.c.obj)
                0x0000000000003b8c                z_arm_cpu_idle_init
 .text.z_arm_interrupt_init
                0x0000000000003b98       0x18 zephyr/arch/arch/arm/core/cortex_m/libarch__arm__core__cortex_m.a(irq_init.c.obj)
                0x0000000000003b98                z_arm_interrupt_init
 .text._isr_wrapper
                0x0000000000003bb0       0x24 zephyr/arch/arch/arm/core/cortex_m/libarch__arm__core__cortex_m.a(isr_wrapper.c.obj)
                0x0000000000003bb0                _isr_wrapper
 .text.z_arm_configure_static_mpu_regions
                0x0000000000003bd4       0x38 zephyr/arch/arch/arm/core/mpu/libarch__arm__core__mpu.a(arm_core_mpu.c.obj)
                0x0000000000003bd4                z_arm_configure_static_mpu_regions
 .text.region_init
                0x0000000000003c0c       0x34 zephyr/arch/arch/arm/core/mpu/libarch__arm__core__mpu.a(arm_mpu.c.obj)
 .text.region_allocate_and_init
                0x0000000000003c40       0x38 zephyr/arch/arch/arm/core/mpu/libarch__arm__core__mpu.a(arm_mpu.c.obj)
 .text.mpu_configure_regions_and_partition.constprop.0
                0x0000000000003c78      0x164 zephyr/arch/arch/arm/core/mpu/libarch__arm__core__mpu.a(arm_mpu.c.obj)
 .text.arm_core_mpu_enable
                0x0000000000003ddc       0x18 zephyr/arch/arch/arm/core/mpu/libarch__arm__core__mpu.a(arm_mpu.c.obj)
                0x0000000000003ddc                arm_core_mpu_enable
 .text.arm_core_mpu_disable
                0x0000000000003df4       0x14 zephyr/arch/arch/arm/core/mpu/libarch__arm__core__mpu.a(arm_mpu.c.obj)
                0x0000000000003df4                arm_core_mpu_disable
 .text.arm_core_mpu_configure_static_mpu_regions
                0x0000000000003e08       0x14 zephyr/arch/arch/arm/core/mpu/libarch__arm__core__mpu.a(arm_mpu.c.obj)
                0x0000000000003e08                arm_core_mpu_configure_static_mpu_regions
 .text.arm_core_mpu_mark_areas_for_dynamic_regions
                0x0000000000003e1c       0xb8 zephyr/arch/arch/arm/core/mpu/libarch__arm__core__mpu.a(arm_mpu.c.obj)
                0x0000000000003e1c                arm_core_mpu_mark_areas_for_dynamic_regions
 .text.z_arm_mpu_init
                0x0000000000003ed4      0x11c zephyr/arch/arch/arm/core/mpu/libarch__arm__core__mpu.a(arm_mpu.c.obj)
                0x0000000000003ed4                z_arm_mpu_init
 .text.z_impl_zephyr_fputc
                0x0000000000003ff0       0x10 zephyr/lib/libc/picolibc/liblib__libc__picolibc.a(libc-hooks.c.obj)
                0x0000000000003ff0                z_impl_zephyr_fputc
 .text.__stdout_hook_install
                0x0000000000004000       0x18 zephyr/lib/libc/picolibc/liblib__libc__picolibc.a(libc-hooks.c.obj)
                0x0000000000004000                __stdout_hook_install
 .text.cbvprintf
                0x0000000000004018       0x38 zephyr/lib/libc/picolibc/liblib__libc__picolibc.a(libc-hooks.c.obj)
                0x0000000000004018                cbvprintf
 .text.malloc_prepare
                0x0000000000004050       0x24 zephyr/lib/libc/common/liblib__libc__common.a(malloc.c.obj)
 .text.nrf_gpio_pin_control_select
                0x0000000000004074       0x3c zephyr/soc/soc/nrf5340/libsoc__nordic.a(soc.c.obj)
 .text.nordicsemi_nrf53_init
                0x00000000000040b0       0x5c zephyr/soc/soc/nrf5340/libsoc__nordic.a(soc.c.obj)
 .text.rtc_pretick_init
                0x000000000000410c       0x60 zephyr/soc/soc/nrf5340/libsoc__nordic.a(soc.c.obj)
 .text.z_arm_on_enter_cpu_idle
                0x000000000000416c       0x64 zephyr/soc/soc/nrf5340/libsoc__nordic.a(soc.c.obj)
                0x000000000000416c                z_arm_on_enter_cpu_idle
 .text.arch_busy_wait
                0x00000000000041d0       0x24 zephyr/soc/soc/nrf5340/libsoc__nordic.a(soc.c.obj)
                0x00000000000041d0                arch_busy_wait
 .text.nrf53_cpunet_mgmt_init
                0x00000000000041f4       0x10 zephyr/soc/soc/nrf5340/libsoc__nordic.a(nrf53_cpunet_mgmt.c.obj)
 .text.onoff_start
                0x0000000000004204       0x6c zephyr/soc/soc/nrf5340/libsoc__nordic.a(nrf53_cpunet_mgmt.c.obj)
 .text.rtc_cb   0x0000000000004270       0x50 zephyr/soc/soc/nrf5340/libsoc__nordic.a(sync_rtc.c.obj)
 .text.sync_rtc_setup
                0x00000000000042c0       0xd0 zephyr/soc/soc/nrf5340/libsoc__nordic.a(sync_rtc.c.obj)
 .text.mbox_callback
                0x0000000000004390       0x80 zephyr/soc/soc/nrf5340/libsoc__nordic.a(sync_rtc.c.obj)
 .text.onoff_stop
                0x0000000000004410       0x30 zephyr/drivers/clock_control/libdrivers__clock_control.a(clock_control_nrf.c.obj)
 .text.onoff_start
                0x0000000000004440       0x44 zephyr/drivers/clock_control/libdrivers__clock_control.a(clock_control_nrf.c.obj)
 .text.generic_hfclk_stop
                0x0000000000004484       0x34 zephyr/drivers/clock_control/libdrivers__clock_control.a(clock_control_nrf.c.obj)
 .text.clk_init
                0x00000000000044b8       0x64 zephyr/drivers/clock_control/libdrivers__clock_control.a(clock_control_nrf.c.obj)
 .text.api_blocking_start
                0x000000000000451c       0x34 zephyr/drivers/clock_control/libdrivers__clock_control.a(clock_control_nrf.c.obj)
 .text.clkstarted_handle.constprop.0
                0x0000000000004550       0x4c zephyr/drivers/clock_control/libdrivers__clock_control.a(clock_control_nrf.c.obj)
 .text.generic_hfclk_start
                0x000000000000459c       0x78 zephyr/drivers/clock_control/libdrivers__clock_control.a(clock_control_nrf.c.obj)
 .text.clock_event_handler
                0x0000000000004614       0x30 zephyr/drivers/clock_control/libdrivers__clock_control.a(clock_control_nrf.c.obj)
 .text.z_nrf_clock_control_lf_on
                0x0000000000004644       0xf8 zephyr/drivers/clock_control/libdrivers__clock_control.a(clock_control_nrf.c.obj)
                0x0000000000004644                z_nrf_clock_control_lf_on
 .text.uart_console_init
                0x000000000000473c       0x28 zephyr/drivers/console/libdrivers__console.a(uart_console.c.obj)
 .text.console_out
                0x0000000000004764       0x28 zephyr/drivers/console/libdrivers__console.a(uart_console.c.obj)
 .text.gpio_nrfx_pin_interrupt_configure
                0x000000000000478c      0x100 zephyr/drivers/gpio/libdrivers__gpio.a(gpio_nrfx.c.obj)
 .text.gpio_nrfx_init
                0x000000000000488c       0x48 zephyr/drivers/gpio/libdrivers__gpio.a(gpio_nrfx.c.obj)
 .text.nrfx_gpio_handler
                0x00000000000048d4       0x4c zephyr/drivers/gpio/libdrivers__gpio.a(gpio_nrfx.c.obj)
 .text.gpio_nrfx_pin_configure
                0x0000000000004920      0x188 zephyr/drivers/gpio/libdrivers__gpio.a(gpio_nrfx.c.obj)
 .text.event_handler
                0x0000000000004aa8       0x38 zephyr/drivers/i2c/libdrivers__i2c.a(i2c_nrfx_twim.c.obj)
 .text.i2c_nrfx_twim_transfer
                0x0000000000004ae0      0x194 zephyr/drivers/i2c/libdrivers__i2c.a(i2c_nrfx_twim.c.obj)
 .text.i2c_nrfx_twim_recover_bus
                0x0000000000004c74       0x40 zephyr/drivers/i2c/libdrivers__i2c.a(i2c_nrfx_twim_common.c.obj)
                0x0000000000004c74                i2c_nrfx_twim_recover_bus
 .text.i2c_nrfx_twim_configure
                0x0000000000004cb4       0x50 zephyr/drivers/i2c/libdrivers__i2c.a(i2c_nrfx_twim_common.c.obj)
                0x0000000000004cb4                i2c_nrfx_twim_configure
 .text.i2c_nrfx_twim_msg_transfer
                0x0000000000004d04       0x80 zephyr/drivers/i2c/libdrivers__i2c.a(i2c_nrfx_twim_common.c.obj)
                0x0000000000004d04                i2c_nrfx_twim_msg_transfer
 .text.i2c_nrfx_twim_common_init
                0x0000000000004d84       0x78 zephyr/drivers/i2c/libdrivers__i2c.a(i2c_nrfx_twim_common.c.obj)
                0x0000000000004d84                i2c_nrfx_twim_common_init
 .text.mbox_nrf_init
                0x0000000000004dfc       0x9c zephyr/drivers/mbox/libdrivers__mbox.a(mbox_nrfx_ipc.c.obj)
 .text.mbox_nrf_set_enabled
                0x0000000000004e98       0x94 zephyr/drivers/mbox/libdrivers__mbox.a(mbox_nrfx_ipc.c.obj)
 .text.mbox_nrf_send
                0x0000000000004f2c       0x44 zephyr/drivers/mbox/libdrivers__mbox.a(mbox_nrfx_ipc.c.obj)
 .text.mbox_dispatcher
                0x0000000000004f70       0x60 zephyr/drivers/mbox/libdrivers__mbox.a(mbox_nrfx_ipc.c.obj)
 .text.nrf_gpio_pin_port_decode
                0x0000000000004fd0       0x24 zephyr/drivers/pinctrl/libdrivers__pinctrl.a(pinctrl_nrf.c.obj)
 .text.pinctrl_configure_pins
                0x0000000000004ff4      0x1a0 zephyr/drivers/pinctrl/libdrivers__pinctrl.a(pinctrl_nrf.c.obj)
                0x0000000000004ff4                pinctrl_configure_pins
 .text.bmi270_init
                0x0000000000005194      0x1f8 zephyr/drivers/sensor/bosch/bmi270/libdrivers__sensor__bosch__bmi270.a(bmi270.c.obj)
 .text.uarte_nrfx_poll_out
                0x000000000000538c       0xb4 zephyr/drivers/serial/libdrivers__serial.a(uart_nrfx_uarte.c.obj)
 .text.uarte_0_init
                0x0000000000005440      0x120 zephyr/drivers/serial/libdrivers__serial.a(uart_nrfx_uarte.c.obj)
 .text.compare_int_lock
                0x0000000000005560       0x40 zephyr/drivers/timer/libdrivers__timer.a(nrf_rtc_timer.c.obj)
 .text.sys_clock_timeout_handler
                0x00000000000055a0       0x48 zephyr/drivers/timer/libdrivers__timer.a(nrf_rtc_timer.c.obj)
 .text.compare_int_unlock
                0x00000000000055e8       0x4c zephyr/drivers/timer/libdrivers__timer.a(nrf_rtc_timer.c.obj)
 .text.z_nrf_rtc_timer_compare_evt_address_get
                0x0000000000005634       0x10 zephyr/drivers/timer/libdrivers__timer.a(nrf_rtc_timer.c.obj)
                0x0000000000005634                z_nrf_rtc_timer_compare_evt_address_get
 .text.z_nrf_rtc_timer_compare_read
                0x0000000000005644       0x10 zephyr/drivers/timer/libdrivers__timer.a(nrf_rtc_timer.c.obj)
                0x0000000000005644                z_nrf_rtc_timer_compare_read
 .text.z_nrf_rtc_timer_read
                0x0000000000005654       0x44 zephyr/drivers/timer/libdrivers__timer.a(nrf_rtc_timer.c.obj)
                0x0000000000005654                z_nrf_rtc_timer_read
 .text.compare_set
                0x0000000000005698      0x124 zephyr/drivers/timer/libdrivers__timer.a(nrf_rtc_timer.c.obj)
 .text.sys_clock_driver_init
                0x00000000000057bc       0xa4 zephyr/drivers/timer/libdrivers__timer.a(nrf_rtc_timer.c.obj)
 .text.rtc_nrf_isr
                0x0000000000005860      0x100 zephyr/drivers/timer/libdrivers__timer.a(nrf_rtc_timer.c.obj)
                0x0000000000005860                rtc_nrf_isr
 .text.z_nrf_rtc_timer_chan_alloc
                0x0000000000005960       0x3c zephyr/drivers/timer/libdrivers__timer.a(nrf_rtc_timer.c.obj)
                0x0000000000005960                z_nrf_rtc_timer_chan_alloc
 .text.z_nrf_rtc_timer_chan_free
                0x000000000000599c       0x1c zephyr/drivers/timer/libdrivers__timer.a(nrf_rtc_timer.c.obj)
                0x000000000000599c                z_nrf_rtc_timer_chan_free
 .text.sys_clock_set_timeout
                0x00000000000059b8       0x5c zephyr/drivers/timer/libdrivers__timer.a(nrf_rtc_timer.c.obj)
                0x00000000000059b8                sys_clock_set_timeout
 .text.sys_clock_elapsed
                0x0000000000005a14       0x14 zephyr/drivers/timer/libdrivers__timer.a(nrf_rtc_timer.c.obj)
                0x0000000000005a14                sys_clock_elapsed
 .text.nrf53_errata_42
                0x0000000000005a28       0x24 modules/hal_nordic/nrfx/libmodules__hal_nordic__nrfx.a(system_nrf5340_application.c.obj)
 .text.SystemInit
                0x0000000000005a4c      0x1c4 modules/hal_nordic/nrfx/libmodules__hal_nordic__nrfx.a(system_nrf5340_application.c.obj)
                0x0000000000005a4c                SystemInit
 .text.nrfx_flag32_alloc
                0x0000000000005c10       0x40 modules/hal_nordic/nrfx/libmodules__hal_nordic__nrfx.a(nrfx_flag32_allocator.c.obj)
                0x0000000000005c10                nrfx_flag32_alloc
 .text.nrfx_flag32_free
                0x0000000000005c50       0x38 modules/hal_nordic/nrfx/libmodules__hal_nordic__nrfx.a(nrfx_flag32_allocator.c.obj)
                0x0000000000005c50                nrfx_flag32_free
 .text.nrfx_gppi_channels_enable
                0x0000000000005c88        0xc modules/hal_nordic/nrfx/libmodules__hal_nordic__nrfx.a(nrfx_gppi_dppi.c.obj)
                0x0000000000005c88                nrfx_gppi_channels_enable
 .text.nrfx_gppi_channels_disable
                0x0000000000005c94        0xc modules/hal_nordic/nrfx/libmodules__hal_nordic__nrfx.a(nrfx_gppi_dppi.c.obj)
                0x0000000000005c94                nrfx_gppi_channels_disable
 .text.nrfx_gppi_channel_alloc
                0x0000000000005ca0        0xc modules/hal_nordic/nrfx/libmodules__hal_nordic__nrfx.a(nrfx_gppi_dppi.c.obj)
                0x0000000000005ca0                nrfx_gppi_channel_alloc
 .text.nrfx_clock_init
                0x0000000000005cac       0x20 modules/hal_nordic/nrfx/libmodules__hal_nordic__nrfx.a(nrfx_clock.c.obj)
                0x0000000000005cac                nrfx_clock_init
 .text.nrfx_clock_enable
                0x0000000000005ccc       0x30 modules/hal_nordic/nrfx/libmodules__hal_nordic__nrfx.a(nrfx_clock.c.obj)
                0x0000000000005ccc                nrfx_clock_enable
 .text.nrfx_clock_start
                0x0000000000005cfc       0xd0 modules/hal_nordic/nrfx/libmodules__hal_nordic__nrfx.a(nrfx_clock.c.obj)
                0x0000000000005cfc                nrfx_clock_start
 .text.nrfx_power_clock_irq_handler
                0x0000000000005dcc       0xb0 modules/hal_nordic/nrfx/libmodules__hal_nordic__nrfx.a(nrfx_clock.c.obj)
                0x0000000000005dcc                nrfx_power_clock_irq_handler
 .text.nrfx_dppi_channel_alloc
                0x0000000000005e7c       0x10 modules/hal_nordic/nrfx/libmodules__hal_nordic__nrfx.a(nrfx_dppi.c.obj)
                0x0000000000005e7c                nrfx_dppi_channel_alloc
 .text.nrfx_dppi_channel_free
                0x0000000000005e8c       0x1c modules/hal_nordic/nrfx/libmodules__hal_nordic__nrfx.a(nrfx_dppi.c.obj)
                0x0000000000005e8c                nrfx_dppi_channel_free
 .text.nrf_gpio_pin_port_decode
                0x0000000000005ea8       0x24 modules/hal_nordic/nrfx/libmodules__hal_nordic__nrfx.a(nrfx_gpiote.c.obj)
 .text.get_pin_idx
                0x0000000000005ecc       0x14 modules/hal_nordic/nrfx/libmodules__hal_nordic__nrfx.a(nrfx_gpiote.c.obj)
 .text.call_handler.constprop.0
                0x0000000000005ee0       0x40 modules/hal_nordic/nrfx/libmodules__hal_nordic__nrfx.a(nrfx_gpiote.c.obj)
 .text.pin_te_get.constprop.0
                0x0000000000005f20       0x18 modules/hal_nordic/nrfx/libmodules__hal_nordic__nrfx.a(nrfx_gpiote.c.obj)
 .text.pin_is_output.constprop.0
                0x0000000000005f38       0x18 modules/hal_nordic/nrfx/libmodules__hal_nordic__nrfx.a(nrfx_gpiote.c.obj)
 .text.pin_in_use_by_te.constprop.0
                0x0000000000005f50       0x18 modules/hal_nordic/nrfx/libmodules__hal_nordic__nrfx.a(nrfx_gpiote.c.obj)
 .text.latch_pending_read_and_check
                0x0000000000005f68       0x3c modules/hal_nordic/nrfx/libmodules__hal_nordic__nrfx.a(nrfx_gpiote.c.obj)
 .text.release_handler.isra.0
                0x0000000000005fa4       0x58 modules/hal_nordic/nrfx/libmodules__hal_nordic__nrfx.a(nrfx_gpiote.c.obj)
 .text.__nrfy_internal_gpiote_events_process.constprop.0
                0x0000000000005ffc       0x5c modules/hal_nordic/nrfx/libmodules__hal_nordic__nrfx.a(nrfx_gpiote.c.obj)
 .text.pin_uninit
                0x0000000000006058       0x84 modules/hal_nordic/nrfx/libmodules__hal_nordic__nrfx.a(nrfx_gpiote.c.obj)
 .text.nrfx_gpiote_input_configure
                0x00000000000060dc      0x178 modules/hal_nordic/nrfx/libmodules__hal_nordic__nrfx.a(nrfx_gpiote.c.obj)
                0x00000000000060dc                nrfx_gpiote_input_configure
 .text.nrfx_gpiote_output_configure
                0x0000000000006254      0x104 modules/hal_nordic/nrfx/libmodules__hal_nordic__nrfx.a(nrfx_gpiote.c.obj)
                0x0000000000006254                nrfx_gpiote_output_configure
 .text.nrfx_gpiote_global_callback_set
                0x0000000000006358        0xc modules/hal_nordic/nrfx/libmodules__hal_nordic__nrfx.a(nrfx_gpiote.c.obj)
                0x0000000000006358                nrfx_gpiote_global_callback_set
 .text.nrfx_gpiote_channel_get
                0x0000000000006364       0x34 modules/hal_nordic/nrfx/libmodules__hal_nordic__nrfx.a(nrfx_gpiote.c.obj)
                0x0000000000006364                nrfx_gpiote_channel_get
 .text.nrfx_gpiote_init
                0x0000000000006398       0x64 modules/hal_nordic/nrfx/libmodules__hal_nordic__nrfx.a(nrfx_gpiote.c.obj)
                0x0000000000006398                nrfx_gpiote_init
 .text.nrfx_gpiote_init_check
                0x00000000000063fc       0x14 modules/hal_nordic/nrfx/libmodules__hal_nordic__nrfx.a(nrfx_gpiote.c.obj)
                0x00000000000063fc                nrfx_gpiote_init_check
 .text.nrfx_gpiote_channel_free
                0x0000000000006410        0xc modules/hal_nordic/nrfx/libmodules__hal_nordic__nrfx.a(nrfx_gpiote.c.obj)
                0x0000000000006410                nrfx_gpiote_channel_free
 .text.nrfx_gpiote_channel_alloc
                0x000000000000641c        0xc modules/hal_nordic/nrfx/libmodules__hal_nordic__nrfx.a(nrfx_gpiote.c.obj)
                0x000000000000641c                nrfx_gpiote_channel_alloc
 .text.nrfx_gpiote_trigger_enable
                0x0000000000006428       0xac modules/hal_nordic/nrfx/libmodules__hal_nordic__nrfx.a(nrfx_gpiote.c.obj)
                0x0000000000006428                nrfx_gpiote_trigger_enable
 .text.nrfx_gpiote_0_irq_handler
                0x00000000000064d4      0x1b8 modules/hal_nordic/nrfx/libmodules__hal_nordic__nrfx.a(nrfx_gpiote.c.obj)
                0x00000000000064d4                nrfx_gpiote_0_irq_handler
 .text.nrfx_ipc_init
                0x000000000000668c       0x30 modules/hal_nordic/nrfx/libmodules__hal_nordic__nrfx.a(nrfx_ipc.c.obj)
                0x000000000000668c                nrfx_ipc_init
 .text.nrfx_ipc_config_load
                0x00000000000066bc       0x40 modules/hal_nordic/nrfx/libmodules__hal_nordic__nrfx.a(nrfx_ipc.c.obj)
                0x00000000000066bc                nrfx_ipc_config_load
 .text.nrfx_ipc_receive_event_enable
                0x00000000000066fc       0x10 modules/hal_nordic/nrfx/libmodules__hal_nordic__nrfx.a(nrfx_ipc.c.obj)
                0x00000000000066fc                nrfx_ipc_receive_event_enable
 .text.nrfx_ipc_receive_event_disable
                0x000000000000670c       0x10 modules/hal_nordic/nrfx/libmodules__hal_nordic__nrfx.a(nrfx_ipc.c.obj)
                0x000000000000670c                nrfx_ipc_receive_event_disable
 .text.nrfx_ipc_irq_handler
                0x000000000000671c       0x40 modules/hal_nordic/nrfx/libmodules__hal_nordic__nrfx.a(nrfx_ipc.c.obj)
                0x000000000000671c                nrfx_ipc_irq_handler
 .text.nrf_gpio_cfg.constprop.0
                0x000000000000675c       0x48 modules/hal_nordic/nrfx/libmodules__hal_nordic__nrfx.a(nrfx_twim.c.obj)
 .text.twim_configure
                0x00000000000067a4       0x3c modules/hal_nordic/nrfx/libmodules__hal_nordic__nrfx.a(nrfx_twim.c.obj)
 .text.nrfx_twim_init
                0x00000000000067e0       0x74 modules/hal_nordic/nrfx/libmodules__hal_nordic__nrfx.a(nrfx_twim.c.obj)
                0x00000000000067e0                nrfx_twim_init
 .text.nrfx_twim_enable
                0x0000000000006854       0x20 modules/hal_nordic/nrfx/libmodules__hal_nordic__nrfx.a(nrfx_twim.c.obj)
                0x0000000000006854                nrfx_twim_enable
 .text.nrfx_twim_disable
                0x0000000000006874       0x3c modules/hal_nordic/nrfx/libmodules__hal_nordic__nrfx.a(nrfx_twim.c.obj)
                0x0000000000006874                nrfx_twim_disable
 .text.nrfx_twim_xfer
                0x00000000000068b0      0x350 modules/hal_nordic/nrfx/libmodules__hal_nordic__nrfx.a(nrfx_twim.c.obj)
                0x00000000000068b0                nrfx_twim_xfer
 .text.nrfx_twim_1_irq_handler
                0x0000000000006c00      0x188 modules/hal_nordic/nrfx/libmodules__hal_nordic__nrfx.a(nrfx_twim.c.obj)
                0x0000000000006c00                nrfx_twim_1_irq_handler
 .text.nrf_gpio_pin_port_decode
                0x0000000000006d88       0x24 modules/hal_nordic/nrfx/libmodules__hal_nordic__nrfx.a(nrfx_twi_twim.c.obj)
 .text.nrfx_twi_twim_bus_recover
                0x0000000000006dac       0xd4 modules/hal_nordic/nrfx/libmodules__hal_nordic__nrfx.a(nrfx_twi_twim.c.obj)
                0x0000000000006dac                nrfx_twi_twim_bus_recover
 .text.k_sys_fatal_error_handler
                0x0000000000006e80       0x20 zephyr/kernel/libkernel.a(fatal.c.obj)
                0x0000000000006e80                k_sys_fatal_error_handler
 .text.z_fatal_error
                0x0000000000006ea0       0xe8 zephyr/kernel/libkernel.a(fatal.c.obj)
                0x0000000000006ea0                z_fatal_error
 .text.z_sys_init_run_level
                0x0000000000006f88       0x2c zephyr/kernel/libkernel.a(init.c.obj)
 .text.bg_thread_main
                0x0000000000006fb4       0xc4 zephyr/kernel/libkernel.a(init.c.obj)
 .text.z_bss_zero
                0x0000000000007078       0x18 zephyr/kernel/libkernel.a(init.c.obj)
                0x0000000000007078                z_bss_zero
 .text.z_init_cpu
                0x0000000000007090       0x68 zephyr/kernel/libkernel.a(init.c.obj)
                0x0000000000007090                z_init_cpu
 .text.z_cstart
                0x00000000000070f8       0xe0 zephyr/kernel/libkernel.a(init.c.obj)
                0x00000000000070f8                z_cstart
 .text.init_mem_slab_obj_core_list
                0x00000000000071d8       0x24 zephyr/kernel/libkernel.a(mem_slab.c.obj)
 .text.k_mem_slab_alloc
                0x00000000000071fc       0x5c zephyr/kernel/libkernel.a(mem_slab.c.obj)
                0x00000000000071fc                k_mem_slab_alloc
 .text.z_impl_k_mutex_lock
                0x0000000000007258       0xf0 zephyr/kernel/libkernel.a(mutex.c.obj)
                0x0000000000007258                z_impl_k_mutex_lock
 .text.z_impl_k_mutex_unlock
                0x0000000000007348       0x78 zephyr/kernel/libkernel.a(mutex.c.obj)
                0x0000000000007348                z_impl_k_mutex_unlock
 .text.z_impl_k_sem_give
                0x00000000000073c0       0x48 zephyr/kernel/libkernel.a(sem.c.obj)
                0x00000000000073c0                z_impl_k_sem_give
 .text.z_impl_k_sem_take
                0x0000000000007408       0x4c zephyr/kernel/libkernel.a(sem.c.obj)
                0x0000000000007408                z_impl_k_sem_take
 .text.z_setup_new_thread
                0x0000000000007454       0x7c zephyr/kernel/libkernel.a(thread.c.obj)
                0x0000000000007454                z_setup_new_thread
 .text.z_impl_k_thread_create
                0x00000000000074d0       0x58 zephyr/kernel/libkernel.a(thread.c.obj)
                0x00000000000074d0                z_impl_k_thread_create
 .text.update_cache
                0x0000000000007528       0x3c zephyr/kernel/libkernel.a(sched.c.obj)
 .text.unready_thread
                0x0000000000007564       0x30 zephyr/kernel/libkernel.a(sched.c.obj)
 .text.ready_thread
                0x0000000000007594       0x68 zephyr/kernel/libkernel.a(sched.c.obj)
 .text.z_thread_halt
                0x00000000000075fc       0xdc zephyr/kernel/libkernel.a(sched.c.obj)
 .text.move_thread_to_end_of_prio_q
                0x00000000000076d8       0x74 zephyr/kernel/libkernel.a(sched.c.obj)
                0x00000000000076d8                move_thread_to_end_of_prio_q
 .text.z_pend_curr
                0x000000000000774c       0x58 zephyr/kernel/libkernel.a(sched.c.obj)
                0x000000000000774c                z_pend_curr
 .text.z_thread_prio_set
                0x00000000000077a4       0x88 zephyr/kernel/libkernel.a(sched.c.obj)
                0x00000000000077a4                z_thread_prio_set
 .text.z_reschedule
                0x000000000000782c       0x24 zephyr/kernel/libkernel.a(sched.c.obj)
                0x000000000000782c                z_reschedule
 .text.z_sched_start
                0x0000000000007850       0x3c zephyr/kernel/libkernel.a(sched.c.obj)
                0x0000000000007850                z_sched_start
 .text.z_reschedule_irqlock
                0x000000000000788c       0x28 zephyr/kernel/libkernel.a(sched.c.obj)
                0x000000000000788c                z_reschedule_irqlock
 .text.k_sched_lock
                0x00000000000078b4       0x28 zephyr/kernel/libkernel.a(sched.c.obj)
                0x00000000000078b4                k_sched_lock
 .text.k_sched_unlock
                0x00000000000078dc       0x40 zephyr/kernel/libkernel.a(sched.c.obj)
                0x00000000000078dc                k_sched_unlock
 .text.z_sched_init
                0x000000000000791c       0x10 zephyr/kernel/libkernel.a(sched.c.obj)
                0x000000000000791c                z_sched_init
 .text.z_impl_k_yield
                0x000000000000792c       0x7c zephyr/kernel/libkernel.a(sched.c.obj)
                0x000000000000792c                z_impl_k_yield
 .text.z_tick_sleep
                0x00000000000079a8       0x88 zephyr/kernel/libkernel.a(sched.c.obj)
 .text.z_impl_k_sleep
                0x0000000000007a30       0x3c zephyr/kernel/libkernel.a(sched.c.obj)
                0x0000000000007a30                z_impl_k_sleep
 .text.z_impl_k_usleep
                0x0000000000007a6c       0x3c zephyr/kernel/libkernel.a(sched.c.obj)
                0x0000000000007a6c                z_impl_k_usleep
 .text.z_impl_k_sched_current_thread_query
                0x0000000000007aa8        0xc zephyr/kernel/libkernel.a(sched.c.obj)
                0x0000000000007aa8                z_impl_k_sched_current_thread_query
 .text.slice_timeout
                0x0000000000007ab4       0x20 zephyr/kernel/libkernel.a(timeslicing.c.obj)
 .text.thread_is_sliceable
                0x0000000000007ad4       0x3c zephyr/kernel/libkernel.a(timeslicing.c.obj)
                0x0000000000007ad4                thread_is_sliceable
 .text.z_reset_time_slice
                0x0000000000007b10       0x50 zephyr/kernel/libkernel.a(timeslicing.c.obj)
                0x0000000000007b10                z_reset_time_slice
 .text.z_time_slice
                0x0000000000007b60       0x60 zephyr/kernel/libkernel.a(timeslicing.c.obj)
                0x0000000000007b60                z_time_slice
 .text.z_data_copy
                0x0000000000007bc0       0x34 zephyr/kernel/libkernel.a(xip.c.obj)
                0x0000000000007bc0                z_data_copy
 .text.elapsed  0x0000000000007bf4       0x14 zephyr/kernel/libkernel.a(timeout.c.obj)
 .text.remove_timeout
                0x0000000000007c08       0x38 zephyr/kernel/libkernel.a(timeout.c.obj)
 .text.next_timeout
                0x0000000000007c40       0x40 zephyr/kernel/libkernel.a(timeout.c.obj)
 .text.z_add_timeout
                0x0000000000007c80       0xf4 zephyr/kernel/libkernel.a(timeout.c.obj)
                0x0000000000007c80                z_add_timeout
 .text.sys_clock_announce
                0x0000000000007d74       0xd0 zephyr/kernel/libkernel.a(timeout.c.obj)
                0x0000000000007d74                sys_clock_announce
 .text.sys_clock_tick_get
                0x0000000000007e44       0x30 zephyr/kernel/libkernel.a(timeout.c.obj)
                0x0000000000007e44                sys_clock_tick_get
 .text.z_timer_expiration_handler
                0x0000000000007e74       0xe0 zephyr/kernel/libkernel.a(timer.c.obj)
                0x0000000000007e74                z_timer_expiration_handler
 .text.z_impl_k_timer_start
                0x0000000000007f54       0x74 zephyr/kernel/libkernel.a(timer.c.obj)
                0x0000000000007f54                z_impl_k_timer_start
 .text.nrf_cc3xx_platform_init_no_rng
                0x0000000000007fc8       0x38 C:/ncs/v2.9.0/nrfxlib/crypto/nrf_cc312_platform/lib/cortex-m33/soft-float/no-interrupts/libnrf_cc312_platform_0.9.19.a(nrf_cc3xx_platform.c.obj)
                0x0000000000007fc8                nrf_cc3xx_platform_init_no_rng
 .text.nrf_cc3xx_platform_abort
                0x0000000000008000       0x24 C:/ncs/v2.9.0/nrfxlib/crypto/nrf_cc312_platform/lib/cortex-m33/soft-float/no-interrupts/libnrf_cc312_platform_0.9.19.a(nrf_cc3xx_platform_abort.c.obj)
 .text.CC_PalAbort
                0x0000000000008024       0x44 C:/ncs/v2.9.0/nrfxlib/crypto/nrf_cc312_platform/lib/cortex-m33/soft-float/no-interrupts/libnrf_cc312_platform_0.9.19.a(nrf_cc3xx_platform_abort.c.obj)
                0x0000000000008024                CC_PalAbort
 .text.nrf_cc3xx_platform_set_abort
                0x0000000000008068       0x10 C:/ncs/v2.9.0/nrfxlib/crypto/nrf_cc312_platform/lib/cortex-m33/soft-float/no-interrupts/libnrf_cc312_platform_0.9.19.a(nrf_cc3xx_platform_abort.c.obj)
                0x0000000000008068                nrf_cc3xx_platform_set_abort
 .text.mutex_free
                0x0000000000008078       0x34 C:/ncs/v2.9.0/nrfxlib/crypto/nrf_cc312_platform/lib/cortex-m33/soft-float/no-interrupts/libnrf_cc312_platform_0.9.19.a(nrf_cc3xx_platform_mutex.c.obj)
 .text.mutex_lock
                0x00000000000080ac       0x48 C:/ncs/v2.9.0/nrfxlib/crypto/nrf_cc312_platform/lib/cortex-m33/soft-float/no-interrupts/libnrf_cc312_platform_0.9.19.a(nrf_cc3xx_platform_mutex.c.obj)
 .text.mutex_unlock
                0x00000000000080f4       0x38 C:/ncs/v2.9.0/nrfxlib/crypto/nrf_cc312_platform/lib/cortex-m33/soft-float/no-interrupts/libnrf_cc312_platform_0.9.19.a(nrf_cc3xx_platform_mutex.c.obj)
 .text.mutex_init
                0x000000000000812c       0x20 C:/ncs/v2.9.0/nrfxlib/crypto/nrf_cc312_platform/lib/cortex-m33/soft-float/no-interrupts/libnrf_cc312_platform_0.9.19.a(nrf_cc3xx_platform_mutex.c.obj)
 .text.nrf_cc3xx_platform_set_mutexes
                0x000000000000814c       0x78 C:/ncs/v2.9.0/nrfxlib/crypto/nrf_cc312_platform/lib/cortex-m33/soft-float/no-interrupts/libnrf_cc312_platform_0.9.19.a(nrf_cc3xx_platform_mutex.c.obj)
                0x000000000000814c                nrf_cc3xx_platform_set_mutexes
 .text.CC_LibInitNoRng
                0x00000000000081c4       0x28 C:/ncs/v2.9.0/nrfxlib/crypto/nrf_cc312_platform/lib/cortex-m33/soft-float/no-interrupts/libnrf_cc312_platform_0.9.19.a(cc_lib.c.obj)
                0x00000000000081c4                CC_LibInitNoRng
 .text.CC_HalInit
                0x00000000000081ec        0x4 C:/ncs/v2.9.0/nrfxlib/crypto/nrf_cc312_platform/lib/cortex-m33/soft-float/no-interrupts/libnrf_cc312_platform_0.9.19.a(cc_hal.c.obj)
                0x00000000000081ec                CC_HalInit
 .text.CC_PalInit
                0x00000000000081f0       0x5c C:/ncs/v2.9.0/nrfxlib/crypto/nrf_cc312_platform/lib/cortex-m33/soft-float/no-interrupts/libnrf_cc312_platform_0.9.19.a(cc_pal.c.obj)
                0x00000000000081f0                CC_PalInit
 .text.CC_PalTerminate
                0x000000000000824c       0x34 C:/ncs/v2.9.0/nrfxlib/crypto/nrf_cc312_platform/lib/cortex-m33/soft-float/no-interrupts/libnrf_cc312_platform_0.9.19.a(cc_pal.c.obj)
                0x000000000000824c                CC_PalTerminate
 .text.CC_PalDmaInit
                0x0000000000008280        0x4 C:/ncs/v2.9.0/nrfxlib/crypto/nrf_cc312_platform/lib/cortex-m33/soft-float/no-interrupts/libnrf_cc312_platform_0.9.19.a(cc_pal_dma.c.obj)
                0x0000000000008280                CC_PalDmaInit
 .text.CC_PalDmaTerminate
                0x0000000000008284        0x4 C:/ncs/v2.9.0/nrfxlib/crypto/nrf_cc312_platform/lib/cortex-m33/soft-float/no-interrupts/libnrf_cc312_platform_0.9.19.a(cc_pal_dma.c.obj)
                0x0000000000008284                CC_PalDmaTerminate
 .text.CC_PalMutexCreate
                0x0000000000008288       0x14 C:/ncs/v2.9.0/nrfxlib/crypto/nrf_cc312_platform/lib/cortex-m33/soft-float/no-interrupts/libnrf_cc312_platform_0.9.19.a(cc_pal_mutex.c.obj)
                0x0000000000008288                CC_PalMutexCreate
 .text.CC_PalMutexDestroy
                0x000000000000829c       0x14 C:/ncs/v2.9.0/nrfxlib/crypto/nrf_cc312_platform/lib/cortex-m33/soft-float/no-interrupts/libnrf_cc312_platform_0.9.19.a(cc_pal_mutex.c.obj)
                0x000000000000829c                CC_PalMutexDestroy
 .text.CC_PalPowerSaveModeInit
                0x00000000000082b0       0x3c C:/ncs/v2.9.0/nrfxlib/crypto/nrf_cc312_platform/lib/cortex-m33/soft-float/no-interrupts/libnrf_cc312_platform_0.9.19.a(cc_pal_pm.c.obj)
                0x00000000000082b0                CC_PalPowerSaveModeInit
 .text.printf   0x00000000000082ec       0x24 c:\ncs\toolchains\b620d30767\opt\zephyr-sdk\arm-zephyr-eabi\bin\../lib/gcc/../../picolibc/arm-zephyr-eabi/lib/thumb/v8-m.main/nofp\libc.a(libc_tinystdio_printf.c.o)
                0x00000000000082ec                printf
 .text.puts     0x0000000000008310       0x40 c:\ncs\toolchains\b620d30767\opt\zephyr-sdk\arm-zephyr-eabi\bin\../lib/gcc/../../picolibc/arm-zephyr-eabi/lib/thumb/v8-m.main/nofp\libc.a(libc_tinystdio_puts.c.o)
                0x0000000000008310                puts
 .text.snprintf
                0x0000000000008350       0x58 c:\ncs\toolchains\b620d30767\opt\zephyr-sdk\arm-zephyr-eabi\bin\../lib/gcc/../../picolibc/arm-zephyr-eabi/lib/thumb/v8-m.main/nofp\libc.a(libc_tinystdio_snprintf.c.o)
                0x0000000000008350                snprintf
 .text.skip_to_arg
                0x00000000000083a8      0x134 c:\ncs\toolchains\b620d30767\opt\zephyr-sdk\arm-zephyr-eabi\bin\../lib/gcc/../../picolibc/arm-zephyr-eabi/lib/thumb/v8-m.main/nofp\libc.a(libc_tinystdio_vfprintf.c.o)
 .text.vfprintf
                0x00000000000084dc      0x9a8 c:\ncs\toolchains\b620d30767\opt\zephyr-sdk\arm-zephyr-eabi\bin\../lib/gcc/../../picolibc/arm-zephyr-eabi/lib/thumb/v8-m.main/nofp\libc.a(libc_tinystdio_vfprintf.c.o)
                0x00000000000084dc                __d_vfprintf
 .text.div10    0x0000000000008e84       0x28 c:\ncs\toolchains\b620d30767\opt\zephyr-sdk\arm-zephyr-eabi\bin\../lib/gcc/../../picolibc/arm-zephyr-eabi/lib/thumb/v8-m.main/nofp\libc.a(libc_tinystdio_dtoa_ryu.c.o)
 .text.__dtoa_engine
                0x0000000000008eac      0x4a8 c:\ncs\toolchains\b620d30767\opt\zephyr-sdk\arm-zephyr-eabi\bin\../lib/gcc/../../picolibc/arm-zephyr-eabi/lib/thumb/v8-m.main/nofp\libc.a(libc_tinystdio_dtoa_ryu.c.o)
                0x0000000000008eac                __dtoa_engine
 .text.__log10Pow2
                0x0000000000009354        0xc c:\ncs\toolchains\b620d30767\opt\zephyr-sdk\arm-zephyr-eabi\bin\../lib/gcc/../../picolibc/arm-zephyr-eabi/lib/thumb/v8-m.main/nofp\libc.a(libc_tinystdio_ryu_log10.c.o)
                0x0000000000009354                __log10Pow2
 .text.__log10Pow5
                0x0000000000009360        0xc c:\ncs\toolchains\b620d30767\opt\zephyr-sdk\arm-zephyr-eabi\bin\../lib/gcc/../../picolibc/arm-zephyr-eabi/lib/thumb/v8-m.main/nofp\libc.a(libc_tinystdio_ryu_log10.c.o)
                0x0000000000009360                __log10Pow5
 .text.__pow5bits
                0x000000000000936c       0x10 c:\ncs\toolchains\b620d30767\opt\zephyr-sdk\arm-zephyr-eabi\bin\../lib/gcc/../../picolibc/arm-zephyr-eabi/lib/thumb/v8-m.main/nofp\libc.a(libc_tinystdio_ryu_pow5bits.c.o)
                0x000000000000936c                __pow5bits
 .text.__pow5Factor
                0x000000000000937c       0x30 c:\ncs\toolchains\b620d30767\opt\zephyr-sdk\arm-zephyr-eabi\bin\../lib/gcc/../../picolibc/arm-zephyr-eabi/lib/thumb/v8-m.main/nofp\libc.a(libc_tinystdio_ryu_table.c.o)
                0x000000000000937c                __pow5Factor
 .text.__double_computePow5
                0x00000000000093ac       0xe4 c:\ncs\toolchains\b620d30767\opt\zephyr-sdk\arm-zephyr-eabi\bin\../lib/gcc/../../picolibc/arm-zephyr-eabi/lib/thumb/v8-m.main/nofp\libc.a(libc_tinystdio_ryu_table.c.o)
                0x00000000000093ac                __double_computePow5
 .text.__double_computeInvPow5
                0x0000000000009490       0xf8 c:\ncs\toolchains\b620d30767\opt\zephyr-sdk\arm-zephyr-eabi\bin\../lib/gcc/../../picolibc/arm-zephyr-eabi/lib/thumb/v8-m.main/nofp\libc.a(libc_tinystdio_ryu_table.c.o)
                0x0000000000009490                __double_computeInvPow5
 .text.sqrt     0x0000000000009588      0x174 c:\ncs\toolchains\b620d30767\opt\zephyr-sdk\arm-zephyr-eabi\bin\../lib/gcc/../../picolibc/arm-zephyr-eabi/lib/thumb/v8-m.main/nofp\libc.a(libm_machine_arm_s_sqrt.c.o)
                0x0000000000009588                sqrtl
                0x0000000000009588                sqrt
 .text.__fpclassifyd
                0x00000000000096fc       0x48 c:\ncs\toolchains\b620d30767\opt\zephyr-sdk\arm-zephyr-eabi\bin\../lib/gcc/../../picolibc/arm-zephyr-eabi/lib/thumb/v8-m.main/nofp\libc.a(libm_common_s_fpclassify.c.o)
                0x00000000000096fc                __fpclassifyd
                0x00000000000096fc                __fpclassifyl
 .text.__math_invalid
                0x0000000000009744       0x10 c:\ncs\toolchains\b620d30767\opt\zephyr-sdk\arm-zephyr-eabi\bin\../lib/gcc/../../picolibc/arm-zephyr-eabi/lib/thumb/v8-m.main/nofp\libc.a(libm_common_math_err_invalid.c.o)
                0x0000000000009744                __math_invalid
 .text._OffsetAbsSyms
                0x0000000000009754        0x2 zephyr/CMakeFiles/offsets.dir/./arch/arm/core/offsets/offsets.c.obj
                0x0000000000009754                _OffsetAbsSyms
 .text.sensor_attr_set.constprop.0.isra.0
                0x0000000000009756       0x18 app/libapp.a(main.c.obj)
 .text.sensor_sample_fetch.isra.0
                0x000000000000976e        0x8 app/libapp.a(main.c.obj)
 .text.chunk_field
                0x0000000000009776       0x16 zephyr/libzephyr.a(heap.c.obj)
 .text.chunk_set
                0x000000000000978c       0x16 zephyr/libzephyr.a(heap.c.obj)
 .text.chunk_size
                0x00000000000097a2        0xc zephyr/libzephyr.a(heap.c.obj)
 .text.set_chunk_used
                0x00000000000097ae       0x30 zephyr/libzephyr.a(heap.c.obj)
 .text.set_chunk_size
                0x00000000000097de        0x8 zephyr/libzephyr.a(heap.c.obj)
 .text.bucket_idx.isra.0
                0x00000000000097e6       0x1c zephyr/libzephyr.a(heap.c.obj)
 .text.free_list_add
                0x0000000000009802       0x84 zephyr/libzephyr.a(heap.c.obj)
 .text.sys_heap_init
                0x0000000000009886       0xb0 zephyr/libzephyr.a(heap.c.obj)
                0x0000000000009886                sys_heap_init
 .text.cbpprintf_external
                0x0000000000009936       0x62 zephyr/libzephyr.a(cbprintf_packaged.c.obj)
                0x0000000000009936                cbpprintf_external
 .text.is_ptr   0x0000000000009998       0x4a zephyr/libzephyr.a(cbprintf_packaged.c.obj)
                0x0000000000009998                is_ptr
 .text.arch_printk_char_out
                0x00000000000099e2        0x4 zephyr/libzephyr.a(printk.c.obj)
                0x00000000000099e2                arch_printk_char_out
 .text.printk   0x00000000000099e6       0x1a zephyr/libzephyr.a(printk.c.obj)
                0x00000000000099e6                printk
 .text.free_space
                0x0000000000009a00       0x26 zephyr/libzephyr.a(mpsc_pbuf.c.obj)
 .text.get_usage
                0x0000000000009a26       0x22 zephyr/libzephyr.a(mpsc_pbuf.c.obj)
 .text.idx_inc  0x0000000000009a48       0x1c zephyr/libzephyr.a(mpsc_pbuf.c.obj)
 .text.rd_idx_inc
                0x0000000000009a64       0x18 zephyr/libzephyr.a(mpsc_pbuf.c.obj)
 .text.add_skip_item
                0x0000000000009a7c       0x3e zephyr/libzephyr.a(mpsc_pbuf.c.obj)
 .text.drop_item_locked
                0x0000000000009aba       0xee zephyr/libzephyr.a(mpsc_pbuf.c.obj)
 .text.post_drop_action
                0x0000000000009ba8       0x36 zephyr/libzephyr.a(mpsc_pbuf.c.obj)
 .text.max_utilization_update
                0x0000000000009bde       0x1a zephyr/libzephyr.a(mpsc_pbuf.c.obj)
 .text.mpsc_pbuf_init
                0x0000000000009bf8       0x42 zephyr/libzephyr.a(mpsc_pbuf.c.obj)
                0x0000000000009bf8                mpsc_pbuf_init
 .text.mpsc_pbuf_alloc
                0x0000000000009c3a       0xf8 zephyr/libzephyr.a(mpsc_pbuf.c.obj)
                0x0000000000009c3a                mpsc_pbuf_alloc
 .text.mpsc_pbuf_commit
                0x0000000000009d32       0x3e zephyr/libzephyr.a(mpsc_pbuf.c.obj)
                0x0000000000009d32                mpsc_pbuf_commit
 .text.mpsc_pbuf_claim
                0x0000000000009d70       0xa8 zephyr/libzephyr.a(mpsc_pbuf.c.obj)
                0x0000000000009d70                mpsc_pbuf_claim
 .text.mpsc_pbuf_free
                0x0000000000009e18       0x76 zephyr/libzephyr.a(mpsc_pbuf.c.obj)
                0x0000000000009e18                mpsc_pbuf_free
 .text.mpsc_pbuf_is_pending
                0x0000000000009e8e       0x32 zephyr/libzephyr.a(mpsc_pbuf.c.obj)
                0x0000000000009e8e                mpsc_pbuf_is_pending
 .text.process_recheck
                0x0000000000009ec0       0x38 zephyr/libzephyr.a(onoff.c.obj)
 .text.validate_args
                0x0000000000009ef8       0x20 zephyr/libzephyr.a(onoff.c.obj)
 .text.notify_one
                0x0000000000009f18       0x2c zephyr/libzephyr.a(onoff.c.obj)
 .text.transition_complete
                0x0000000000009f44       0x1a zephyr/libzephyr.a(onoff.c.obj)
 .text.onoff_manager_init
                0x0000000000009f5e       0x26 zephyr/libzephyr.a(onoff.c.obj)
                0x0000000000009f5e                onoff_manager_init
 .text.onoff_request
                0x0000000000009f84       0xae zephyr/libzephyr.a(onoff.c.obj)
                0x0000000000009f84                onoff_request
 .text.sys_notify_validate
                0x000000000000a032       0x22 zephyr/libzephyr.a(notify.c.obj)
                0x000000000000a032                sys_notify_validate
 .text.sys_notify_finalize
                0x000000000000a054       0x1a zephyr/libzephyr.a(notify.c.obj)
                0x000000000000a054                sys_notify_finalize
 .text._ConfigAbsSyms
                0x000000000000a06e        0x2 zephyr/libzephyr.a(configs.c.obj)
                0x000000000000a06e                _ConfigAbsSyms
 .text.log_msg_generic_get_wlen
                0x000000000000a070       0x20 zephyr/libzephyr.a(log_core.c.obj)
 .text.dummy_timestamp
                0x000000000000a090        0x4 zephyr/libzephyr.a(log_core.c.obj)
 .text.default_get_timestamp
                0x000000000000a094        0x4 zephyr/libzephyr.a(log_core.c.obj)
 .text.atomic_inc
                0x000000000000a098       0x12 zephyr/libzephyr.a(log_core.c.obj)
 .text.z_log_vprintk
                0x000000000000a0aa       0x1c zephyr/libzephyr.a(log_core.c.obj)
                0x000000000000a0aa                z_log_vprintk
 .text.z_log_notify_drop
                0x000000000000a0c6        0x6 zephyr/libzephyr.a(log_core.c.obj)
 .text.z_log_get_tag
                0x000000000000a0cc        0x4 zephyr/libzephyr.a(log_core.c.obj)
                0x000000000000a0cc                z_log_get_tag
 .text.z_cbprintf_cpy
                0x000000000000a0d0       0x2c zephyr/libzephyr.a(log_msg.c.obj)
 .text.z_log_msg_finalize
                0x000000000000a0fc       0x32 zephyr/libzephyr.a(log_msg.c.obj)
                0x000000000000a0fc                z_log_msg_finalize
 .text.z_log_msg_simple_create
                0x000000000000a12e       0x6e zephyr/libzephyr.a(log_msg.c.obj)
 .text.z_impl_z_log_msg_simple_create_0
                0x000000000000a19c       0x12 zephyr/libzephyr.a(log_msg.c.obj)
                0x000000000000a19c                z_impl_z_log_msg_simple_create_0
 .text.z_impl_z_log_msg_simple_create_1
                0x000000000000a1ae       0x14 zephyr/libzephyr.a(log_msg.c.obj)
                0x000000000000a1ae                z_impl_z_log_msg_simple_create_1
 .text.z_impl_z_log_msg_simple_create_2
                0x000000000000a1c2       0x18 zephyr/libzephyr.a(log_msg.c.obj)
                0x000000000000a1c2                z_impl_z_log_msg_simple_create_2
 .text.log_output_write
                0x000000000000a1da       0x1c zephyr/libzephyr.a(log_output.c.obj)
 .text.log_output_flush
                0x000000000000a1f6       0x1a zephyr/libzephyr.a(log_output.c.obj)
 .text.out_func
                0x000000000000a210       0x2e zephyr/libzephyr.a(log_output.c.obj)
 .text.cr_out_func
                0x000000000000a23e       0x1c zephyr/libzephyr.a(log_output.c.obj)
 .text.log_output_msg_process
                0x000000000000a25a       0x6a zephyr/libzephyr.a(log_output.c.obj)
                0x000000000000a25a                log_output_msg_process
 .text.format_set
                0x000000000000a2c4        0xc zephyr/libzephyr.a(log_backend_uart.c.obj)
 .text.log_backend_uart_init
                0x000000000000a2d0        0xc zephyr/libzephyr.a(log_backend_uart.c.obj)
 .text.panic    0x000000000000a2dc       0x32 zephyr/libzephyr.a(log_backend_uart.c.obj)
 .text.dropped  0x000000000000a30e        0xa zephyr/libzephyr.a(log_backend_uart.c.obj)
 .text.process  0x000000000000a318       0x1e zephyr/libzephyr.a(log_backend_uart.c.obj)
 .text.abort_function
                0x000000000000a336        0x2 zephyr/libzephyr.a(nrf_cc3xx_platform_abort_zephyr.c.obj)
 .text.z_do_kernel_oops
                0x000000000000a338        0x8 zephyr/arch/arch/arm/core/libarch__arm__core.a(fatal.c.obj)
                0x000000000000a338                z_do_kernel_oops
 .text.z_arm_nmi
                0x000000000000a340        0xe zephyr/arch/arch/arm/core/libarch__arm__core.a(nmi.c.obj)
                0x000000000000a340                z_arm_nmi
 .text.z_log_msg_simple_create_0.constprop.0
                0x000000000000a34e        0x8 zephyr/arch/arch/arm/core/cortex_m/libarch__arm__core__cortex_m.a(fault.c.obj)
 .text.z_irq_spurious
                0x000000000000a356        0x8 zephyr/arch/arch/arm/core/cortex_m/libarch__arm__core__cortex_m.a(irq_manage.c.obj)
                0x000000000000a356                z_irq_spurious
 .text.configure_builtin_stack_guard
                0x000000000000a35e        0x8 zephyr/arch/arch/arm/core/cortex_m/libarch__arm__core__cortex_m.a(thread.c.obj)
                0x000000000000a35e                configure_builtin_stack_guard
 .text.arch_irq_unlock_outlined
                0x000000000000a366        0xe zephyr/arch/arch/arm/core/cortex_m/libarch__arm__core__cortex_m.a(thread.c.obj)
                0x000000000000a366                arch_irq_unlock_outlined
 .text.arch_cpu_idle
                0x000000000000a374       0x32 zephyr/arch/arch/arm/core/cortex_m/libarch__arm__core__cortex_m.a(cpu_idle.c.obj)
                0x000000000000a374                arch_cpu_idle
 .text.arch_cpu_atomic_idle
                0x000000000000a3a6       0x38 zephyr/arch/arch/arm/core/cortex_m/libarch__arm__core__cortex_m.a(cpu_idle.c.obj)
                0x000000000000a3a6                arch_cpu_atomic_idle
 .text.arm_cmse_mpu_region_get
                0x000000000000a3de       0x12 zephyr/arch/arch/arm/core/cortex_m/cmse/libarch__arm__core__cortex_m__cmse.a(arm_core_cmse.c.obj)
                0x000000000000a3de                arm_cmse_mpu_region_get
 .text.mpu_configure_region
                0x000000000000a3f0       0x32 zephyr/arch/arch/arm/core/mpu/libarch__arm__core__mpu.a(arm_mpu.c.obj)
 .text.cbputc   0x000000000000a422        0xc zephyr/lib/libc/picolibc/liblib__libc__picolibc.a(libc-hooks.c.obj)
 .text.picolibc_put
                0x000000000000a42e        0xa zephyr/lib/libc/picolibc/liblib__libc__picolibc.a(libc-hooks.c.obj)
 .text.onoff_stop
                0x000000000000a438       0x10 zephyr/soc/soc/nrf5340/libsoc__nordic.a(nrf53_cpunet_mgmt.c.obj)
 .text.get_status
                0x000000000000a448       0x12 zephyr/drivers/clock_control/libdrivers__clock_control.a(clock_control_nrf.c.obj)
 .text.stop     0x000000000000a45a       0x50 zephyr/drivers/clock_control/libdrivers__clock_control.a(clock_control_nrf.c.obj)
 .text.api_stop
                0x000000000000a4aa        0x6 zephyr/drivers/clock_control/libdrivers__clock_control.a(clock_control_nrf.c.obj)
 .text.async_start
                0x000000000000a4b0       0x5a zephyr/drivers/clock_control/libdrivers__clock_control.a(clock_control_nrf.c.obj)
 .text.api_start
                0x000000000000a50a        0xe zephyr/drivers/clock_control/libdrivers__clock_control.a(clock_control_nrf.c.obj)
 .text.onoff_started_callback
                0x000000000000a518       0x12 zephyr/drivers/clock_control/libdrivers__clock_control.a(clock_control_nrf.c.obj)
 .text.hfclkaudio_start
                0x000000000000a52a        0x6 zephyr/drivers/clock_control/libdrivers__clock_control.a(clock_control_nrf.c.obj)
 .text.hfclk192m_start
                0x000000000000a530        0x6 zephyr/drivers/clock_control/libdrivers__clock_control.a(clock_control_nrf.c.obj)
 .text.lfclk_start
                0x000000000000a536        0x6 zephyr/drivers/clock_control/libdrivers__clock_control.a(clock_control_nrf.c.obj)
 .text.hfclkaudio_stop
                0x000000000000a53c        0x6 zephyr/drivers/clock_control/libdrivers__clock_control.a(clock_control_nrf.c.obj)
 .text.hfclk192m_stop
                0x000000000000a542        0x6 zephyr/drivers/clock_control/libdrivers__clock_control.a(clock_control_nrf.c.obj)
 .text.lfclk_stop
                0x000000000000a548        0x6 zephyr/drivers/clock_control/libdrivers__clock_control.a(clock_control_nrf.c.obj)
 .text.blocking_start_callback
                0x000000000000a54e        0x6 zephyr/drivers/clock_control/libdrivers__clock_control.a(clock_control_nrf.c.obj)
 .text.gpio_nrfx_port_get_raw
                0x000000000000a554        0xc zephyr/drivers/gpio/libdrivers__gpio.a(gpio_nrfx.c.obj)
 .text.gpio_nrfx_port_set_masked_raw
                0x000000000000a560       0x14 zephyr/drivers/gpio/libdrivers__gpio.a(gpio_nrfx.c.obj)
 .text.gpio_nrfx_port_set_bits_raw
                0x000000000000a574        0xa zephyr/drivers/gpio/libdrivers__gpio.a(gpio_nrfx.c.obj)
 .text.gpio_nrfx_port_clear_bits_raw
                0x000000000000a57e        0xa zephyr/drivers/gpio/libdrivers__gpio.a(gpio_nrfx.c.obj)
 .text.gpio_nrfx_port_toggle_bits
                0x000000000000a588       0x14 zephyr/drivers/gpio/libdrivers__gpio.a(gpio_nrfx.c.obj)
 .text.gpio_nrfx_manage_callback
                0x000000000000a59c       0x52 zephyr/drivers/gpio/libdrivers__gpio.a(gpio_nrfx.c.obj)
 .text.irq_connect1
                0x000000000000a5ee        0xa zephyr/drivers/i2c/libdrivers__i2c.a(i2c_nrfx_twim.c.obj)
 .text.i2c_nrfx_twim_init
                0x000000000000a5f8       0x26 zephyr/drivers/i2c/libdrivers__i2c.a(i2c_nrfx_twim.c.obj)
 .text.pinctrl_apply_state.isra.0
                0x000000000000a61e       0x1e zephyr/drivers/i2c/libdrivers__i2c.a(i2c_nrfx_twim_common.c.obj)
 .text.twim_nrfx_pm_action
                0x000000000000a63c       0x32 zephyr/drivers/i2c/libdrivers__i2c.a(i2c_nrfx_twim_common.c.obj)
                0x000000000000a63c                twim_nrfx_pm_action
 .text.mbox_nrf_register_callback
                0x000000000000a66e       0x1c zephyr/drivers/mbox/libdrivers__mbox.a(mbox_nrfx_ipc.c.obj)
 .text.mbox_nrf_mtu_get
                0x000000000000a68a        0x4 zephyr/drivers/mbox/libdrivers__mbox.a(mbox_nrfx_ipc.c.obj)
 .text.mbox_nrf_max_channels_get
                0x000000000000a68e        0x4 zephyr/drivers/mbox/libdrivers__mbox.a(mbox_nrfx_ipc.c.obj)
 .text.pinctrl_lookup_state
                0x000000000000a692       0x26 zephyr/drivers/pinctrl/libdrivers__pinctrl.a(common.c.obj)
                0x000000000000a692                pinctrl_lookup_state
 .text.k_usleep.isra.0
                0x000000000000a6b8        0x4 zephyr/drivers/sensor/bosch/bmi270/libdrivers__sensor__bosch__bmi270.a(bmi270.c.obj)
 .text.bmi270_reg_read
                0x000000000000a6bc        0xe zephyr/drivers/sensor/bosch/bmi270/libdrivers__sensor__bosch__bmi270.a(bmi270.c.obj)
                0x000000000000a6bc                bmi270_reg_read
 .text.bmi270_sample_fetch
                0x000000000000a6ca       0x50 zephyr/drivers/sensor/bosch/bmi270/libdrivers__sensor__bosch__bmi270.a(bmi270.c.obj)
 .text.bmi270_reg_write
                0x000000000000a71a        0xe zephyr/drivers/sensor/bosch/bmi270/libdrivers__sensor__bosch__bmi270.a(bmi270.c.obj)
                0x000000000000a71a                bmi270_reg_write
 .text.bmi270_reg_write_with_delay
                0x000000000000a728       0x14 zephyr/drivers/sensor/bosch/bmi270/libdrivers__sensor__bosch__bmi270.a(bmi270.c.obj)
                0x000000000000a728                bmi270_reg_write_with_delay
 .text.bmi270_attr_set
                0x000000000000a73c      0x106 zephyr/drivers/sensor/bosch/bmi270/libdrivers__sensor__bosch__bmi270.a(bmi270.c.obj)
 .text.bmi270_bus_init_i2c
                0x000000000000a842        0x4 zephyr/drivers/sensor/bosch/bmi270/libdrivers__sensor__bosch__bmi270.a(bmi270_i2c.c.obj)
 .text.bmi270_bus_check_i2c
                0x000000000000a846       0x14 zephyr/drivers/sensor/bosch/bmi270/libdrivers__sensor__bosch__bmi270.a(bmi270_i2c.c.obj)
 .text.bmi270_reg_read_i2c
                0x000000000000a85a       0x44 zephyr/drivers/sensor/bosch/bmi270/libdrivers__sensor__bosch__bmi270.a(bmi270_i2c.c.obj)
 .text.bmi270_reg_write_i2c
                0x000000000000a89e       0x40 zephyr/drivers/sensor/bosch/bmi270/libdrivers__sensor__bosch__bmi270.a(bmi270_i2c.c.obj)
 .text.uarte_nrfx_err_check
                0x000000000000a8de        0xe zephyr/drivers/serial/libdrivers__serial.a(uart_nrfx_uarte.c.obj)
 .text.uarte_nrfx_poll_in
                0x000000000000a8ec       0x26 zephyr/drivers/serial/libdrivers__serial.a(uart_nrfx_uarte.c.obj)
 .text.is_tx_ready.isra.0
                0x000000000000a912       0x20 zephyr/drivers/serial/libdrivers__serial.a(uart_nrfx_uarte.c.obj)
 .text.uarte_nrfx_isr_int
                0x000000000000a932       0x42 zephyr/drivers/serial/libdrivers__serial.a(uart_nrfx_uarte.c.obj)
 .text.event_clear
                0x000000000000a974       0x18 zephyr/drivers/timer/libdrivers__timer.a(nrf_rtc_timer.c.obj)
 .text.z_nrf_rtc_timer_capture_task_address_get
                0x000000000000a98c       0x14 zephyr/drivers/timer/libdrivers__timer.a(nrf_rtc_timer.c.obj)
                0x000000000000a98c                z_nrf_rtc_timer_capture_task_address_get
 .text.z_nrf_rtc_timer_set
                0x000000000000a9a0       0x18 zephyr/drivers/timer/libdrivers__timer.a(nrf_rtc_timer.c.obj)
                0x000000000000a9a0                z_nrf_rtc_timer_set
 .text.sys_clock_cycle_get_32
                0x000000000000a9b8        0x8 zephyr/drivers/timer/libdrivers__timer.a(nrf_rtc_timer.c.obj)
                0x000000000000a9b8                sys_clock_cycle_get_32
 .text.hw_cc3xx_init_internal
                0x000000000000a9c0        0x4 modules/nrf/drivers/hw_cc3xx/lib..__nrf__drivers__hw_cc3xx.a(hw_cc3xx.c.obj)
 .text.hw_cc3xx_init
                0x000000000000a9c4       0x12 modules/nrf/drivers/hw_cc3xx/lib..__nrf__drivers__hw_cc3xx.a(hw_cc3xx.c.obj)
 .text.nrfx_isr
                0x000000000000a9d6        0x2 modules/hal_nordic/nrfx/libmodules__hal_nordic__nrfx.a(nrfx_glue.c.obj)
                0x000000000000a9d6                nrfx_isr
 .text.nrfx_busy_wait
                0x000000000000a9d8        0x4 modules/hal_nordic/nrfx/libmodules__hal_nordic__nrfx.a(nrfx_glue.c.obj)
                0x000000000000a9d8                nrfx_busy_wait
 .text.nrfx_gppi_event_endpoint_setup
                0x000000000000a9dc        0xa modules/hal_nordic/nrfx/libmodules__hal_nordic__nrfx.a(nrfx_gppi_dppi.c.obj)
                0x000000000000a9dc                nrfx_gppi_event_endpoint_setup
 .text.nrfx_gppi_task_endpoint_setup
                0x000000000000a9e6        0xa modules/hal_nordic/nrfx/libmodules__hal_nordic__nrfx.a(nrfx_gppi_dppi.c.obj)
                0x000000000000a9e6                nrfx_gppi_task_endpoint_setup
 .text.nrfx_gppi_channel_endpoints_setup
                0x000000000000a9f0        0xe modules/hal_nordic/nrfx/libmodules__hal_nordic__nrfx.a(nrfx_gppi_dppi.c.obj)
                0x000000000000a9f0                nrfx_gppi_channel_endpoints_setup
 .text.nrfx_gppi_event_endpoint_clear
                0x000000000000a9fe        0x8 modules/hal_nordic/nrfx/libmodules__hal_nordic__nrfx.a(nrfx_gppi_dppi.c.obj)
                0x000000000000a9fe                nrfx_gppi_event_endpoint_clear
 .text.nrfx_gppi_task_endpoint_clear
                0x000000000000aa06        0x8 modules/hal_nordic/nrfx/libmodules__hal_nordic__nrfx.a(nrfx_gppi_dppi.c.obj)
                0x000000000000aa06                nrfx_gppi_task_endpoint_clear
 .text.clock_stop
                0x000000000000aa0e      0x162 modules/hal_nordic/nrfx/libmodules__hal_nordic__nrfx.a(nrfx_clock.c.obj)
 .text.nrfx_clock_stop
                0x000000000000ab70        0x4 modules/hal_nordic/nrfx/libmodules__hal_nordic__nrfx.a(nrfx_clock.c.obj)
                0x000000000000ab70                nrfx_clock_stop
 .text.nrf_gpio_reconfigure
                0x000000000000ab74       0x92 modules/hal_nordic/nrfx/libmodules__hal_nordic__nrfx.a(nrfx_gpiote.c.obj)
 .text.nrf_gpio_cfg_sense_set
                0x000000000000ac06       0x1e modules/hal_nordic/nrfx/libmodules__hal_nordic__nrfx.a(nrfx_gpiote.c.obj)
 .text.pin_trigger_disable
                0x000000000000ac24       0x48 modules/hal_nordic/nrfx/libmodules__hal_nordic__nrfx.a(nrfx_gpiote.c.obj)
 .text.nrfx_gpiote_pin_uninit
                0x000000000000ac6c        0x4 modules/hal_nordic/nrfx/libmodules__hal_nordic__nrfx.a(nrfx_gpiote.c.obj)
                0x000000000000ac6c                nrfx_gpiote_pin_uninit
 .text.nrfx_gpiote_trigger_disable
                0x000000000000ac70        0x4 modules/hal_nordic/nrfx/libmodules__hal_nordic__nrfx.a(nrfx_gpiote.c.obj)
                0x000000000000ac70                nrfx_gpiote_trigger_disable
 .text.xfer_completeness_check
                0x000000000000ac74       0x62 modules/hal_nordic/nrfx/libmodules__hal_nordic__nrfx.a(nrfx_twim.c.obj)
 .text.pins_configure
                0x000000000000acd6       0x54 modules/hal_nordic/nrfx/libmodules__hal_nordic__nrfx.a(nrfx_twim.c.obj)
 .text.__nrfy_internal_twim_event_handle.isra.0
                0x000000000000ad2a       0x22 modules/hal_nordic/nrfx/libmodules__hal_nordic__nrfx.a(nrfx_twim.c.obj)
 .text.__nrfy_internal_twim_events_process.constprop.0
                0x000000000000ad4c       0x54 modules/hal_nordic/nrfx/libmodules__hal_nordic__nrfx.a(nrfx_twim.c.obj)
 .text.nrf_gpio_pin_set
                0x000000000000ada0       0x18 modules/hal_nordic/nrfx/libmodules__hal_nordic__nrfx.a(nrfx_twi_twim.c.obj)
 .text.z_impl_k_busy_wait
                0x000000000000adb8        0x8 zephyr/kernel/libkernel.a(busy_wait.c.obj)
                0x000000000000adb8                z_impl_k_busy_wait
 .text.z_device_state_init
                0x000000000000adc0        0x2 zephyr/kernel/libkernel.a(device.c.obj)
                0x000000000000adc0                z_device_state_init
 .text.z_impl_device_is_ready
                0x000000000000adc2       0x16 zephyr/kernel/libkernel.a(device.c.obj)
                0x000000000000adc2                z_impl_device_is_ready
 .text.arch_system_halt
                0x000000000000add8       0x10 zephyr/kernel/libkernel.a(fatal.c.obj)
                0x000000000000add8                arch_system_halt
 .text.do_device_init
                0x000000000000ade8       0x30 zephyr/kernel/libkernel.a(init.c.obj)
 .text.z_early_memset
                0x000000000000ae18        0x4 zephyr/kernel/libkernel.a(init.c.obj)
                0x000000000000ae18                z_early_memset
 .text.z_early_memcpy
                0x000000000000ae1c        0x4 zephyr/kernel/libkernel.a(init.c.obj)
                0x000000000000ae1c                z_early_memcpy
 .text.z_init_static
                0x000000000000ae20        0x2 zephyr/kernel/libkernel.a(init_static.c.obj)
                0x000000000000ae20                z_init_static
 .text.create_free_list
                0x000000000000ae22       0x34 zephyr/kernel/libkernel.a(mem_slab.c.obj)
 .text.k_mem_slab_init
                0x000000000000ae56       0x1c zephyr/kernel/libkernel.a(mem_slab.c.obj)
                0x000000000000ae56                k_mem_slab_init
 .text.k_mem_slab_free
                0x000000000000ae72       0x4a zephyr/kernel/libkernel.a(mem_slab.c.obj)
                0x000000000000ae72                k_mem_slab_free
 .text.idle     0x000000000000aebc       0x16 zephyr/kernel/libkernel.a(idle.c.obj)
                0x000000000000aebc                idle
 .text.adjust_owner_prio.isra.0
                0x000000000000aed2       0x10 zephyr/kernel/libkernel.a(mutex.c.obj)
 .text.z_impl_k_mutex_init
                0x000000000000aee2        0xe zephyr/kernel/libkernel.a(mutex.c.obj)
                0x000000000000aee2                z_impl_k_mutex_init
 .text.z_impl_k_sem_init
                0x000000000000aef0       0x18 zephyr/kernel/libkernel.a(sem.c.obj)
                0x000000000000aef0                z_impl_k_sem_init
 .text.k_is_in_isr
                0x000000000000af08        0xc zephyr/kernel/libkernel.a(thread.c.obj)
                0x000000000000af08                k_is_in_isr
 .text.z_impl_k_thread_name_set
                0x000000000000af14        0x6 zephyr/kernel/libkernel.a(thread.c.obj)
                0x000000000000af14                z_impl_k_thread_name_set
 .text.k_thread_name_get
                0x000000000000af1a        0x4 zephyr/kernel/libkernel.a(thread.c.obj)
                0x000000000000af1a                k_thread_name_get
 .text.z_impl_k_thread_start
                0x000000000000af1e        0x4 zephyr/kernel/libkernel.a(thread.c.obj)
                0x000000000000af1e                z_impl_k_thread_start
 .text.sys_dlist_remove
                0x000000000000af22       0x10 zephyr/kernel/libkernel.a(sched.c.obj)
 .text.unpend_thread_no_timeout
                0x000000000000af32       0x14 zephyr/kernel/libkernel.a(sched.c.obj)
 .text.add_to_waitq_locked
                0x000000000000af46       0x50 zephyr/kernel/libkernel.a(sched.c.obj)
 .text.z_ready_thread
                0x000000000000af96       0x1e zephyr/kernel/libkernel.a(sched.c.obj)
                0x000000000000af96                z_ready_thread
 .text.z_impl_k_thread_suspend
                0x000000000000afb4       0x34 zephyr/kernel/libkernel.a(sched.c.obj)
                0x000000000000afb4                z_impl_k_thread_suspend
 .text.z_unpend_thread_no_timeout
                0x000000000000afe8       0x22 zephyr/kernel/libkernel.a(sched.c.obj)
                0x000000000000afe8                z_unpend_thread_no_timeout
 .text.z_sched_wake_thread
                0x000000000000b00a       0x42 zephyr/kernel/libkernel.a(sched.c.obj)
                0x000000000000b00a                z_sched_wake_thread
 .text.z_thread_timeout
                0x000000000000b04c        0x8 zephyr/kernel/libkernel.a(sched.c.obj)
                0x000000000000b04c                z_thread_timeout
 .text.z_unpend1_no_timeout
                0x000000000000b054       0x2c zephyr/kernel/libkernel.a(sched.c.obj)
                0x000000000000b054                z_unpend1_no_timeout
 .text.z_unpend_first_thread
                0x000000000000b080       0x36 zephyr/kernel/libkernel.a(sched.c.obj)
                0x000000000000b080                z_unpend_first_thread
 .text.z_thread_abort
                0x000000000000b0b6       0x44 zephyr/kernel/libkernel.a(sched.c.obj)
                0x000000000000b0b6                z_thread_abort
 .text.z_abort_timeout
                0x000000000000b0fa       0x2a zephyr/kernel/libkernel.a(timeout.c.obj)
                0x000000000000b0fa                z_abort_timeout
 .text.sys_clock_tick_get_32
                0x000000000000b124        0x8 zephyr/kernel/libkernel.a(timeout.c.obj)
                0x000000000000b124                sys_clock_tick_get_32
 .text.z_impl_k_uptime_ticks
                0x000000000000b12c        0x4 zephyr/kernel/libkernel.a(timeout.c.obj)
                0x000000000000b12c                z_impl_k_uptime_ticks
 .text.k_timer_init
                0x000000000000b130       0x18 zephyr/kernel/libkernel.a(timer.c.obj)
                0x000000000000b130                k_timer_init
 .text.z_impl_k_timer_stop
                0x000000000000b148       0x38 zephyr/kernel/libkernel.a(timer.c.obj)
                0x000000000000b148                z_impl_k_timer_stop
 .text.memcpy   0x000000000000b180       0x1a c:\ncs\toolchains\b620d30767\opt\zephyr-sdk\arm-zephyr-eabi\bin\../lib/gcc/../../picolibc/arm-zephyr-eabi/lib/thumb/v8-m.main/nofp\libc.a(memcpy.c.o)
                0x000000000000b180                __aeabi_memcpy
                0x000000000000b180                __aeabi_memcpy4
                0x000000000000b180                __aeabi_memcpy8
                0x000000000000b180                memcpy
 .text.memset   0x000000000000b19a       0x10 c:\ncs\toolchains\b620d30767\opt\zephyr-sdk\arm-zephyr-eabi\bin\../lib/gcc/../../picolibc/arm-zephyr-eabi/lib/thumb/v8-m.main/nofp\libc.a(memset.c.o)
                0x000000000000b19a                memset
 .text.strnlen  0x000000000000b1aa       0x18 c:\ncs\toolchains\b620d30767\opt\zephyr-sdk\arm-zephyr-eabi\bin\../lib/gcc/../../picolibc/arm-zephyr-eabi/lib/thumb/v8-m.main/nofp\libc.a(libc_string_strnlen.c.o)
                0x000000000000b1aa                strnlen
 .text.__ultoa_invert
                0x000000000000b1c2       0x4e c:\ncs\toolchains\b620d30767\opt\zephyr-sdk\arm-zephyr-eabi\bin\../lib/gcc/../../picolibc/arm-zephyr-eabi/lib/thumb/v8-m.main/nofp\libc.a(libc_tinystdio_vfprintf.c.o)
 .text.mulShiftAll64
                0x000000000000b210      0x174 c:\ncs\toolchains\b620d30767\opt\zephyr-sdk\arm-zephyr-eabi\bin\../lib/gcc/../../picolibc/arm-zephyr-eabi/lib/thumb/v8-m.main/nofp\libc.a(libc_tinystdio_dtoa_ryu.c.o)
 .text.__umul128
                0x000000000000b384       0x36 c:\ncs\toolchains\b620d30767\opt\zephyr-sdk\arm-zephyr-eabi\bin\../lib/gcc/../../picolibc/arm-zephyr-eabi/lib/thumb/v8-m.main/nofp\libc.a(libc_tinystdio_ryu_umul128.c.o)
                0x000000000000b384                __umul128
 .text.__shiftright128
                0x000000000000b3ba       0x3e c:\ncs\toolchains\b620d30767\opt\zephyr-sdk\arm-zephyr-eabi\bin\../lib/gcc/../../picolibc/arm-zephyr-eabi/lib/thumb/v8-m.main/nofp\libc.a(libc_tinystdio_ryu_umul128.c.o)
                0x000000000000b3ba                __shiftright128
 .text.__dtox_engine
                0x000000000000b3f8      0x12c c:\ncs\toolchains\b620d30767\opt\zephyr-sdk\arm-zephyr-eabi\bin\../lib/gcc/../../picolibc/arm-zephyr-eabi/lib/thumb/v8-m.main/nofp\libc.a(libc_tinystdio_dtox_engine.c.o)
                0x000000000000b3f8                __dtox_engine
 .text.__file_str_put
                0x000000000000b524       0x10 c:\ncs\toolchains\b620d30767\opt\zephyr-sdk\arm-zephyr-eabi\bin\../lib/gcc/../../picolibc/arm-zephyr-eabi/lib/thumb/v8-m.main/nofp\libc.a(libc_tinystdio_filestrput.c.o)
                0x000000000000b524                __file_str_put
 *(SORT_BY_ALIGNMENT(.TEXT.*))
 .TEXT.__aeabi_read_tp
                0x000000000000b534        0xc zephyr/arch/arch/arm/core/cortex_m/libarch__arm__core__cortex_m.a(__aeabi_read_tp.S.obj)
                0x000000000000b534                __aeabi_read_tp
 *(SORT_BY_ALIGNMENT(.gnu.linkonce.t.*))
 *(SORT_BY_ALIGNMENT(.glue_7t))
 .glue_7t       0x000000000000b540        0x0 linker stubs
 *(SORT_BY_ALIGNMENT(.glue_7))
 .glue_7        0x000000000000b540        0x0 linker stubs
 *(SORT_BY_ALIGNMENT(.vfp11_veneer))
 .vfp11_veneer  0x000000000000b540        0x0 linker stubs
 *(SORT_BY_ALIGNMENT(.v4_bx))
 .v4_bx         0x000000000000b540        0x0 linker stubs
                0x000000000000b540                . = ALIGN (0x4)
                0x000000000000b540                __text_region_end = .

.ARM.exidx      0x000000000000b540        0x8
                0x000000000000b540                __exidx_start = .
 *(SORT_BY_ALIGNMENT(.ARM.exidx*) SORT_BY_ALIGNMENT(gnu.linkonce.armexidx.*))
 .ARM.exidx     0x000000000000b540        0x8 c:\ncs\toolchains\b620d30767\opt\zephyr-sdk\arm-zephyr-eabi\bin\../lib/gcc/../../picolibc/arm-zephyr-eabi/lib/thumb/v8-m.main/nofp\libc.a(strlen.S.o)
 .ARM.exidx     0x000000000000b548        0x0 c:/ncs/toolchains/b620d30767/opt/zephyr-sdk/arm-zephyr-eabi/bin/../lib/gcc/arm-zephyr-eabi/12.2.0/thumb/v8-m.main/nofp\libgcc.a(_udivmoddi4.o)
                                          0x8 (size before relaxing)
                0x000000000000b548                __exidx_end = .
                0x000000000000b548                __rodata_region_start = .

initlevel       0x000000000000b548       0x90
                0x000000000000b548                __init_start = .
                0x000000000000b548                __init_EARLY_start = .
 *(SORT_BY_NAME(SORT_BY_ALIGNMENT(.z_init_EARLY?_*)))
 *(SORT_BY_NAME(SORT_BY_ALIGNMENT(.z_init_EARLY??_*)))
                0x000000000000b548                __init_PRE_KERNEL_1_start = .
 *(SORT_BY_NAME(SORT_BY_ALIGNMENT(.z_init_PRE_KERNEL_1?_*)))
 .z_init_PRE_KERNEL_10_0_
                0x000000000000b548        0x8 zephyr/soc/soc/nrf5340/libsoc__nordic.a(soc.c.obj)
 .z_init_PRE_KERNEL_10_0_
                0x000000000000b550        0x8 zephyr/soc/soc/nrf5340/libsoc__nordic.a(nrf53_cpunet_mgmt.c.obj)
 *(SORT_BY_NAME(SORT_BY_ALIGNMENT(.z_init_PRE_KERNEL_1??_*)))
 .z_init_PRE_KERNEL_130_00079_
                0x000000000000b558        0x8 zephyr/drivers/clock_control/libdrivers__clock_control.a(clock_control_nrf.c.obj)
 .z_init_PRE_KERNEL_130_0_
                0x000000000000b560        0x8 zephyr/kernel/libkernel.a(mem_slab.c.obj)
 .z_init_PRE_KERNEL_140_00012_
                0x000000000000b568        0x8 zephyr/drivers/gpio/libdrivers__gpio.a(gpio_nrfx.c.obj)
 .z_init_PRE_KERNEL_140_00033_